Archive member included to satisfy reference by file (symbol)

c:/program files (x86)/atmel/studio/7.0/toolchain/arm/arm-gnu-toolchain/bin/../lib/gcc/arm-none-eabi/6.3.1/thumb/v7-m\libgcc.a(_arm_addsubdf3.o)
                              main.o (__aeabi_dadd)
c:/program files (x86)/atmel/studio/7.0/toolchain/arm/arm-gnu-toolchain/bin/../lib/gcc/arm-none-eabi/6.3.1/thumb/v7-m\libgcc.a(_arm_muldivdf3.o)
                              main.o (__aeabi_dmul)
c:/program files (x86)/atmel/studio/7.0/toolchain/arm/arm-gnu-toolchain/bin/../lib/gcc/arm-none-eabi/6.3.1/thumb/v7-m\libgcc.a(_arm_fixunsdfsi.o)
                              main.o (__aeabi_d2uiz)
c:/program files (x86)/atmel/studio/7.0/toolchain/arm/arm-gnu-toolchain/bin/../lib/gcc/arm-none-eabi/6.3.1/thumb/v7-m\libgcc.a(_arm_truncdfsf2.o)
                              main.o (__aeabi_d2f)
c:/program files (x86)/atmel/studio/7.0/toolchain/arm/arm-gnu-toolchain/bin/../lib/gcc/arm-none-eabi/6.3.1/thumb/v7-m\libgcc.a(_arm_addsubsf3.o)
                              main.o (__aeabi_i2f)
c:/program files (x86)/atmel/studio/7.0/toolchain/arm/arm-gnu-toolchain/bin/../lib/gcc/arm-none-eabi/6.3.1/thumb/v7-m\libgcc.a(_arm_muldivsf3.o)
                              main.o (__aeabi_fdiv)
c:/program files (x86)/atmel/studio/7.0/toolchain/arm/arm-gnu-toolchain/bin/../lib/gcc/arm-none-eabi/6.3.1/../../../../arm-none-eabi/lib/thumb/v7-m\libc.a(lib_a-exit.o)
                              c:/program files (x86)/atmel/studio/7.0/toolchain/arm/arm-gnu-toolchain/bin/../lib/gcc/arm-none-eabi/6.3.1/../../../../arm-none-eabi/lib/thumb/v7-m/crt0.o (exit)
c:/program files (x86)/atmel/studio/7.0/toolchain/arm/arm-gnu-toolchain/bin/../lib/gcc/arm-none-eabi/6.3.1/../../../../arm-none-eabi/lib/thumb/v7-m\libc.a(lib_a-impure.o)
                              c:/program files (x86)/atmel/studio/7.0/toolchain/arm/arm-gnu-toolchain/bin/../lib/gcc/arm-none-eabi/6.3.1/../../../../arm-none-eabi/lib/thumb/v7-m\libc.a(lib_a-exit.o) (_global_impure_ptr)
c:/program files (x86)/atmel/studio/7.0/toolchain/arm/arm-gnu-toolchain/bin/../lib/gcc/arm-none-eabi/6.3.1/../../../../arm-none-eabi/lib/thumb/v7-m\libc.a(lib_a-init.o)
                              c:/program files (x86)/atmel/studio/7.0/toolchain/arm/arm-gnu-toolchain/bin/../lib/gcc/arm-none-eabi/6.3.1/../../../../arm-none-eabi/lib/thumb/v7-m/crt0.o (__libc_init_array)
c:/program files (x86)/atmel/studio/7.0/toolchain/arm/arm-gnu-toolchain/bin/../lib/gcc/arm-none-eabi/6.3.1/../../../../arm-none-eabi/lib/thumb/v7-m\libc.a(lib_a-memset.o)
                              c:/program files (x86)/atmel/studio/7.0/toolchain/arm/arm-gnu-toolchain/bin/../lib/gcc/arm-none-eabi/6.3.1/../../../../arm-none-eabi/lib/thumb/v7-m/crt0.o (memset)
c:/program files (x86)/atmel/studio/7.0/toolchain/arm/arm-gnu-toolchain/bin/../lib/gcc/arm-none-eabi/6.3.1/../../../../arm-none-eabi/lib/thumb/v7-m\libc.a(lib_a-strchr.o)
                              main.o (strchr)
c:/program files (x86)/atmel/studio/7.0/toolchain/arm/arm-gnu-toolchain/bin/../lib/gcc/arm-none-eabi/6.3.1/../../../../arm-none-eabi/lib/thumb/v7-m\libc.a(lib_a-strstr.o)
                              main.o (strstr)
c:/program files (x86)/atmel/studio/7.0/toolchain/arm/arm-gnu-toolchain/bin/../lib/gcc/arm-none-eabi/6.3.1/../../../../arm-none-eabi/lib/thumb/v7-m\libc.a(lib_a-__call_atexit.o)
                              c:/program files (x86)/atmel/studio/7.0/toolchain/arm/arm-gnu-toolchain/bin/../lib/gcc/arm-none-eabi/6.3.1/../../../../arm-none-eabi/lib/thumb/v7-m\libc.a(lib_a-exit.o) (__call_exitprocs)
c:/program files (x86)/atmel/studio/7.0/toolchain/arm/arm-gnu-toolchain/bin/../lib/gcc/arm-none-eabi/6.3.1/../../../../arm-none-eabi/lib/thumb/v7-m\libc.a(lib_a-atexit.o)
                              c:/program files (x86)/atmel/studio/7.0/toolchain/arm/arm-gnu-toolchain/bin/../lib/gcc/arm-none-eabi/6.3.1/../../../../arm-none-eabi/lib/thumb/v7-m\libc.a(lib_a-__call_atexit.o) (atexit)
c:/program files (x86)/atmel/studio/7.0/toolchain/arm/arm-gnu-toolchain/bin/../lib/gcc/arm-none-eabi/6.3.1/../../../../arm-none-eabi/lib/thumb/v7-m\libc.a(lib_a-fini.o)
                              c:/program files (x86)/atmel/studio/7.0/toolchain/arm/arm-gnu-toolchain/bin/../lib/gcc/arm-none-eabi/6.3.1/../../../../arm-none-eabi/lib/thumb/v7-m\libc.a(lib_a-__call_atexit.o) (__libc_fini_array)
c:/program files (x86)/atmel/studio/7.0/toolchain/arm/arm-gnu-toolchain/bin/../lib/gcc/arm-none-eabi/6.3.1/../../../../arm-none-eabi/lib/thumb/v7-m\libc.a(lib_a-lock.o)
                              c:/program files (x86)/atmel/studio/7.0/toolchain/arm/arm-gnu-toolchain/bin/../lib/gcc/arm-none-eabi/6.3.1/../../../../arm-none-eabi/lib/thumb/v7-m\libc.a(lib_a-__call_atexit.o) (__retarget_lock_acquire_recursive)
c:/program files (x86)/atmel/studio/7.0/toolchain/arm/arm-gnu-toolchain/bin/../lib/gcc/arm-none-eabi/6.3.1/../../../../arm-none-eabi/lib/thumb/v7-m\libc.a(lib_a-memchr-stub.o)
                              c:/program files (x86)/atmel/studio/7.0/toolchain/arm/arm-gnu-toolchain/bin/../lib/gcc/arm-none-eabi/6.3.1/../../../../arm-none-eabi/lib/thumb/v7-m\libc.a(lib_a-strstr.o) (memchr)
c:/program files (x86)/atmel/studio/7.0/toolchain/arm/arm-gnu-toolchain/bin/../lib/gcc/arm-none-eabi/6.3.1/../../../../arm-none-eabi/lib/thumb/v7-m\libc.a(lib_a-memcmp.o)
                              c:/program files (x86)/atmel/studio/7.0/toolchain/arm/arm-gnu-toolchain/bin/../lib/gcc/arm-none-eabi/6.3.1/../../../../arm-none-eabi/lib/thumb/v7-m\libc.a(lib_a-strstr.o) (memcmp)
c:/program files (x86)/atmel/studio/7.0/toolchain/arm/arm-gnu-toolchain/bin/../lib/gcc/arm-none-eabi/6.3.1/../../../../arm-none-eabi/lib/thumb/v7-m\libc.a(lib_a-__atexit.o)
                              c:/program files (x86)/atmel/studio/7.0/toolchain/arm/arm-gnu-toolchain/bin/../lib/gcc/arm-none-eabi/6.3.1/../../../../arm-none-eabi/lib/thumb/v7-m\libc.a(lib_a-atexit.o) (__register_exitproc)

Allocating common symbols
Common symbol       size              file

__lock___atexit_recursive_mutex
                    0x1               c:/program files (x86)/atmel/studio/7.0/toolchain/arm/arm-gnu-toolchain/bin/../lib/gcc/arm-none-eabi/6.3.1/../../../../arm-none-eabi/lib/thumb/v7-m\libc.a(lib_a-lock.o)
character           0x1               main.o
__lock___arc4random_mutex
                    0x1               c:/program files (x86)/atmel/studio/7.0/toolchain/arm/arm-gnu-toolchain/bin/../lib/gcc/arm-none-eabi/6.3.1/../../../../arm-none-eabi/lib/thumb/v7-m\libc.a(lib_a-lock.o)
__lock___env_recursive_mutex
                    0x1               c:/program files (x86)/atmel/studio/7.0/toolchain/arm/arm-gnu-toolchain/bin/../lib/gcc/arm-none-eabi/6.3.1/../../../../arm-none-eabi/lib/thumb/v7-m\libc.a(lib_a-lock.o)
__lock___sinit_recursive_mutex
                    0x1               c:/program files (x86)/atmel/studio/7.0/toolchain/arm/arm-gnu-toolchain/bin/../lib/gcc/arm-none-eabi/6.3.1/../../../../arm-none-eabi/lib/thumb/v7-m\libc.a(lib_a-lock.o)
__lock___malloc_recursive_mutex
                    0x1               c:/program files (x86)/atmel/studio/7.0/toolchain/arm/arm-gnu-toolchain/bin/../lib/gcc/arm-none-eabi/6.3.1/../../../../arm-none-eabi/lib/thumb/v7-m\libc.a(lib_a-lock.o)
currentAdcValStr    0x5               main.o
currentAdcVal       0x4               main.o
__lock___at_quick_exit_mutex
                    0x1               c:/program files (x86)/atmel/studio/7.0/toolchain/arm/arm-gnu-toolchain/bin/../lib/gcc/arm-none-eabi/6.3.1/../../../../arm-none-eabi/lib/thumb/v7-m\libc.a(lib_a-lock.o)
__lock___dd_hash_mutex
                    0x1               c:/program files (x86)/atmel/studio/7.0/toolchain/arm/arm-gnu-toolchain/bin/../lib/gcc/arm-none-eabi/6.3.1/../../../../arm-none-eabi/lib/thumb/v7-m\libc.a(lib_a-lock.o)
__lock___tz_mutex   0x1               c:/program files (x86)/atmel/studio/7.0/toolchain/arm/arm-gnu-toolchain/bin/../lib/gcc/arm-none-eabi/6.3.1/../../../../arm-none-eabi/lib/thumb/v7-m\libc.a(lib_a-lock.o)
__lock___sfp_recursive_mutex
                    0x1               c:/program files (x86)/atmel/studio/7.0/toolchain/arm/arm-gnu-toolchain/bin/../lib/gcc/arm-none-eabi/6.3.1/../../../../arm-none-eabi/lib/thumb/v7-m\libc.a(lib_a-lock.o)

Discarded input sections

 .text          0x00000000        0x0 c:/program files (x86)/atmel/studio/7.0/toolchain/arm/arm-gnu-toolchain/bin/../lib/gcc/arm-none-eabi/6.3.1/thumb/v7-m/crti.o
 .data          0x00000000        0x0 c:/program files (x86)/atmel/studio/7.0/toolchain/arm/arm-gnu-toolchain/bin/../lib/gcc/arm-none-eabi/6.3.1/thumb/v7-m/crti.o
 .bss           0x00000000        0x0 c:/program files (x86)/atmel/studio/7.0/toolchain/arm/arm-gnu-toolchain/bin/../lib/gcc/arm-none-eabi/6.3.1/thumb/v7-m/crti.o
 .data          0x00000000        0x4 c:/program files (x86)/atmel/studio/7.0/toolchain/arm/arm-gnu-toolchain/bin/../lib/gcc/arm-none-eabi/6.3.1/thumb/v7-m/crtbegin.o
 .text          0x00000000       0x74 c:/program files (x86)/atmel/studio/7.0/toolchain/arm/arm-gnu-toolchain/bin/../lib/gcc/arm-none-eabi/6.3.1/../../../../arm-none-eabi/lib/thumb/v7-m/crt0.o
 .data          0x00000000        0x0 c:/program files (x86)/atmel/studio/7.0/toolchain/arm/arm-gnu-toolchain/bin/../lib/gcc/arm-none-eabi/6.3.1/../../../../arm-none-eabi/lib/thumb/v7-m/crt0.o
 .bss           0x00000000        0x0 c:/program files (x86)/atmel/studio/7.0/toolchain/arm/arm-gnu-toolchain/bin/../lib/gcc/arm-none-eabi/6.3.1/../../../../arm-none-eabi/lib/thumb/v7-m/crt0.o
 .ARM.extab     0x00000000        0x0 c:/program files (x86)/atmel/studio/7.0/toolchain/arm/arm-gnu-toolchain/bin/../lib/gcc/arm-none-eabi/6.3.1/../../../../arm-none-eabi/lib/thumb/v7-m/crt0.o
 .ARM.exidx     0x00000000        0x8 c:/program files (x86)/atmel/studio/7.0/toolchain/arm/arm-gnu-toolchain/bin/../lib/gcc/arm-none-eabi/6.3.1/../../../../arm-none-eabi/lib/thumb/v7-m/crt0.o
 .ARM.attributes
                0x00000000       0x1b c:/program files (x86)/atmel/studio/7.0/toolchain/arm/arm-gnu-toolchain/bin/../lib/gcc/arm-none-eabi/6.3.1/../../../../arm-none-eabi/lib/thumb/v7-m/crt0.o
 .group         0x00000000        0x8 Device_Startup/startup_sam3s.o
 .group         0x00000000        0x8 Device_Startup/startup_sam3s.o
 .group         0x00000000        0x8 Device_Startup/startup_sam3s.o
 .group         0x00000000        0x8 Device_Startup/startup_sam3s.o
 .group         0x00000000        0x8 Device_Startup/startup_sam3s.o
 .group         0x00000000        0x8 Device_Startup/startup_sam3s.o
 .group         0x00000000        0x8 Device_Startup/startup_sam3s.o
 .group         0x00000000        0x8 Device_Startup/startup_sam3s.o
 .group         0x00000000        0x8 Device_Startup/startup_sam3s.o
 .group         0x00000000        0x8 Device_Startup/startup_sam3s.o
 .group         0x00000000        0x8 Device_Startup/startup_sam3s.o
 .group         0x00000000        0x8 Device_Startup/startup_sam3s.o
 .group         0x00000000        0x8 Device_Startup/startup_sam3s.o
 .group         0x00000000        0x8 Device_Startup/startup_sam3s.o
 .group         0x00000000        0x8 Device_Startup/startup_sam3s.o
 .group         0x00000000        0x8 Device_Startup/startup_sam3s.o
 .group         0x00000000        0x8 Device_Startup/startup_sam3s.o
 .group         0x00000000        0x8 Device_Startup/startup_sam3s.o
 .group         0x00000000        0x8 Device_Startup/startup_sam3s.o
 .group         0x00000000        0x8 Device_Startup/startup_sam3s.o
 .group         0x00000000        0x8 Device_Startup/startup_sam3s.o
 .group         0x00000000        0x8 Device_Startup/startup_sam3s.o
 .group         0x00000000        0x8 Device_Startup/startup_sam3s.o
 .group         0x00000000        0x8 Device_Startup/startup_sam3s.o
 .group         0x00000000        0x8 Device_Startup/startup_sam3s.o
 .group         0x00000000        0x8 Device_Startup/startup_sam3s.o
 .group         0x00000000        0x8 Device_Startup/startup_sam3s.o
 .group         0x00000000        0x8 Device_Startup/startup_sam3s.o
 .group         0x00000000        0x8 Device_Startup/startup_sam3s.o
 .group         0x00000000        0x8 Device_Startup/startup_sam3s.o
 .group         0x00000000        0x8 Device_Startup/startup_sam3s.o
 .group         0x00000000        0x8 Device_Startup/startup_sam3s.o
 .group         0x00000000        0x8 Device_Startup/startup_sam3s.o
 .group         0x00000000        0x8 Device_Startup/startup_sam3s.o
 .group         0x00000000        0x8 Device_Startup/startup_sam3s.o
 .group         0x00000000        0x8 Device_Startup/startup_sam3s.o
 .group         0x00000000        0x8 Device_Startup/startup_sam3s.o
 .group         0x00000000        0x8 Device_Startup/startup_sam3s.o
 .group         0x00000000        0x8 Device_Startup/startup_sam3s.o
 .group         0x00000000        0x8 Device_Startup/startup_sam3s.o
 .group         0x00000000        0x8 Device_Startup/startup_sam3s.o
 .group         0x00000000        0x8 Device_Startup/startup_sam3s.o
 .group         0x00000000        0x8 Device_Startup/startup_sam3s.o
 .group         0x00000000        0x8 Device_Startup/startup_sam3s.o
 .group         0x00000000        0x8 Device_Startup/startup_sam3s.o
 .group         0x00000000        0x8 Device_Startup/startup_sam3s.o
 .group         0x00000000        0x8 Device_Startup/startup_sam3s.o
 .group         0x00000000        0x8 Device_Startup/startup_sam3s.o
 .group         0x00000000        0x8 Device_Startup/startup_sam3s.o
 .group         0x00000000        0x8 Device_Startup/startup_sam3s.o
 .group         0x00000000        0x8 Device_Startup/startup_sam3s.o
 .group         0x00000000        0x8 Device_Startup/startup_sam3s.o
 .group         0x00000000        0x8 Device_Startup/startup_sam3s.o
 .group         0x00000000        0x8 Device_Startup/startup_sam3s.o
 .group         0x00000000        0x8 Device_Startup/startup_sam3s.o
 .group         0x00000000        0x8 Device_Startup/startup_sam3s.o
 .group         0x00000000        0x8 Device_Startup/startup_sam3s.o
 .group         0x00000000        0x8 Device_Startup/startup_sam3s.o
 .group         0x00000000        0x8 Device_Startup/startup_sam3s.o
 .group         0x00000000        0x8 Device_Startup/startup_sam3s.o
 .group         0x00000000        0x8 Device_Startup/startup_sam3s.o
 .group         0x00000000        0x8 Device_Startup/startup_sam3s.o
 .group         0x00000000        0x8 Device_Startup/startup_sam3s.o
 .group         0x00000000        0x8 Device_Startup/startup_sam3s.o
 .group         0x00000000        0x8 Device_Startup/startup_sam3s.o
 .group         0x00000000        0x8 Device_Startup/startup_sam3s.o
 .group         0x00000000        0x8 Device_Startup/startup_sam3s.o
 .text          0x00000000        0x0 Device_Startup/startup_sam3s.o
 .data          0x00000000        0x0 Device_Startup/startup_sam3s.o
 .bss           0x00000000        0x0 Device_Startup/startup_sam3s.o
 .group         0x00000000        0x8 Device_Startup/system_sam3s.o
 .group         0x00000000        0x8 Device_Startup/system_sam3s.o
 .group         0x00000000        0x8 Device_Startup/system_sam3s.o
 .group         0x00000000        0x8 Device_Startup/system_sam3s.o
 .group         0x00000000        0x8 Device_Startup/system_sam3s.o
 .group         0x00000000        0x8 Device_Startup/system_sam3s.o
 .group         0x00000000        0x8 Device_Startup/system_sam3s.o
 .group         0x00000000        0x8 Device_Startup/system_sam3s.o
 .group         0x00000000        0x8 Device_Startup/system_sam3s.o
 .group         0x00000000        0x8 Device_Startup/system_sam3s.o
 .group         0x00000000        0x8 Device_Startup/system_sam3s.o
 .group         0x00000000        0x8 Device_Startup/system_sam3s.o
 .group         0x00000000        0x8 Device_Startup/system_sam3s.o
 .group         0x00000000        0x8 Device_Startup/system_sam3s.o
 .group         0x00000000        0x8 Device_Startup/system_sam3s.o
 .group         0x00000000        0x8 Device_Startup/system_sam3s.o
 .group         0x00000000        0x8 Device_Startup/system_sam3s.o
 .group         0x00000000        0x8 Device_Startup/system_sam3s.o
 .group         0x00000000        0x8 Device_Startup/system_sam3s.o
 .group         0x00000000        0x8 Device_Startup/system_sam3s.o
 .group         0x00000000        0x8 Device_Startup/system_sam3s.o
 .group         0x00000000        0x8 Device_Startup/system_sam3s.o
 .group         0x00000000        0x8 Device_Startup/system_sam3s.o
 .group         0x00000000        0x8 Device_Startup/system_sam3s.o
 .group         0x00000000        0x8 Device_Startup/system_sam3s.o
 .group         0x00000000        0x8 Device_Startup/system_sam3s.o
 .group         0x00000000        0x8 Device_Startup/system_sam3s.o
 .group         0x00000000        0x8 Device_Startup/system_sam3s.o
 .group         0x00000000        0x8 Device_Startup/system_sam3s.o
 .group         0x00000000        0x8 Device_Startup/system_sam3s.o
 .group         0x00000000        0x8 Device_Startup/system_sam3s.o
 .group         0x00000000        0x8 Device_Startup/system_sam3s.o
 .group         0x00000000        0x8 Device_Startup/system_sam3s.o
 .group         0x00000000        0x8 Device_Startup/system_sam3s.o
 .group         0x00000000        0x8 Device_Startup/system_sam3s.o
 .group         0x00000000        0x8 Device_Startup/system_sam3s.o
 .group         0x00000000        0x8 Device_Startup/system_sam3s.o
 .group         0x00000000        0x8 Device_Startup/system_sam3s.o
 .group         0x00000000        0x8 Device_Startup/system_sam3s.o
 .group         0x00000000        0x8 Device_Startup/system_sam3s.o
 .group         0x00000000        0x8 Device_Startup/system_sam3s.o
 .group         0x00000000        0x8 Device_Startup/system_sam3s.o
 .group         0x00000000        0x8 Device_Startup/system_sam3s.o
 .group         0x00000000        0x8 Device_Startup/system_sam3s.o
 .group         0x00000000        0x8 Device_Startup/system_sam3s.o
 .group         0x00000000        0x8 Device_Startup/system_sam3s.o
 .group         0x00000000        0x8 Device_Startup/system_sam3s.o
 .group         0x00000000        0x8 Device_Startup/system_sam3s.o
 .group         0x00000000        0x8 Device_Startup/system_sam3s.o
 .group         0x00000000        0x8 Device_Startup/system_sam3s.o
 .group         0x00000000        0x8 Device_Startup/system_sam3s.o
 .group         0x00000000        0x8 Device_Startup/system_sam3s.o
 .group         0x00000000        0x8 Device_Startup/system_sam3s.o
 .group         0x00000000        0x8 Device_Startup/system_sam3s.o
 .group         0x00000000        0x8 Device_Startup/system_sam3s.o
 .group         0x00000000        0x8 Device_Startup/system_sam3s.o
 .group         0x00000000        0x8 Device_Startup/system_sam3s.o
 .group         0x00000000        0x8 Device_Startup/system_sam3s.o
 .group         0x00000000        0x8 Device_Startup/system_sam3s.o
 .group         0x00000000        0x8 Device_Startup/system_sam3s.o
 .group         0x00000000        0x8 Device_Startup/system_sam3s.o
 .group         0x00000000        0x8 Device_Startup/system_sam3s.o
 .group         0x00000000        0x8 Device_Startup/system_sam3s.o
 .group         0x00000000        0x8 Device_Startup/system_sam3s.o
 .group         0x00000000        0x8 Device_Startup/system_sam3s.o
 .group         0x00000000        0x8 Device_Startup/system_sam3s.o
 .group         0x00000000        0x8 Device_Startup/system_sam3s.o
 .text          0x00000000        0x0 Device_Startup/system_sam3s.o
 .data          0x00000000        0x4 Device_Startup/system_sam3s.o
 .bss           0x00000000        0x0 Device_Startup/system_sam3s.o
 .text.SystemInit
                0x00000000       0xa0 Device_Startup/system_sam3s.o
 .text.SystemCoreClockUpdate
                0x00000000      0x110 Device_Startup/system_sam3s.o
 .text.system_init_flash
                0x00000000       0x44 Device_Startup/system_sam3s.o
 .debug_info    0x00000000      0x458 Device_Startup/system_sam3s.o
 .debug_abbrev  0x00000000      0x102 Device_Startup/system_sam3s.o
 .debug_aranges
                0x00000000       0x30 Device_Startup/system_sam3s.o
 .debug_ranges  0x00000000       0x20 Device_Startup/system_sam3s.o
 .debug_macro   0x00000000      0x2e1 Device_Startup/system_sam3s.o
 .debug_macro   0x00000000      0x8b0 Device_Startup/system_sam3s.o
 .debug_macro   0x00000000       0x22 Device_Startup/system_sam3s.o
 .debug_macro   0x00000000       0x87 Device_Startup/system_sam3s.o
 .debug_macro   0x00000000       0x51 Device_Startup/system_sam3s.o
 .debug_macro   0x00000000       0xef Device_Startup/system_sam3s.o
 .debug_macro   0x00000000       0x6a Device_Startup/system_sam3s.o
 .debug_macro   0x00000000      0x1df Device_Startup/system_sam3s.o
 .debug_macro   0x00000000       0x20 Device_Startup/system_sam3s.o
 .debug_macro   0x00000000       0x28 Device_Startup/system_sam3s.o
 .debug_macro   0x00000000       0x93 Device_Startup/system_sam3s.o
 .debug_macro   0x00000000      0xe18 Device_Startup/system_sam3s.o
 .debug_macro   0x00000000      0x166 Device_Startup/system_sam3s.o
 .debug_macro   0x00000000      0x94f Device_Startup/system_sam3s.o
 .debug_macro   0x00000000      0x283 Device_Startup/system_sam3s.o
 .debug_macro   0x00000000       0xb2 Device_Startup/system_sam3s.o
 .debug_macro   0x00000000      0x366 Device_Startup/system_sam3s.o
 .debug_macro   0x00000000       0xe2 Device_Startup/system_sam3s.o
 .debug_macro   0x00000000       0x1c Device_Startup/system_sam3s.o
 .debug_macro   0x00000000      0x78c Device_Startup/system_sam3s.o
 .debug_macro   0x00000000      0x2c4 Device_Startup/system_sam3s.o
 .debug_macro   0x00000000       0xbe Device_Startup/system_sam3s.o
 .debug_macro   0x00000000     0x2664 Device_Startup/system_sam3s.o
 .debug_macro   0x00000000      0x738 Device_Startup/system_sam3s.o
 .debug_macro   0x00000000      0xa80 Device_Startup/system_sam3s.o
 .debug_macro   0x00000000       0x7c Device_Startup/system_sam3s.o
 .debug_macro   0x00000000      0x28c Device_Startup/system_sam3s.o
 .debug_macro   0x00000000       0x58 Device_Startup/system_sam3s.o
 .debug_macro   0x00000000      0x386 Device_Startup/system_sam3s.o
 .debug_macro   0x00000000      0x64e Device_Startup/system_sam3s.o
 .debug_macro   0x00000000      0x5ef Device_Startup/system_sam3s.o
 .debug_macro   0x00000000      0x61c Device_Startup/system_sam3s.o
 .debug_macro   0x00000000      0x346 Device_Startup/system_sam3s.o
 .debug_macro   0x00000000      0x28c Device_Startup/system_sam3s.o
 .debug_macro   0x00000000      0x2cf Device_Startup/system_sam3s.o
 .debug_macro   0x00000000      0x709 Device_Startup/system_sam3s.o
 .debug_macro   0x00000000       0x7c Device_Startup/system_sam3s.o
 .debug_macro   0x00000000       0xb8 Device_Startup/system_sam3s.o
 .debug_macro   0x00000000       0xb2 Device_Startup/system_sam3s.o
 .debug_macro   0x00000000       0x88 Device_Startup/system_sam3s.o
 .debug_macro   0x00000000      0x100 Device_Startup/system_sam3s.o
 .debug_macro   0x00000000       0x88 Device_Startup/system_sam3s.o
 .debug_macro   0x00000000       0x88 Device_Startup/system_sam3s.o
 .debug_macro   0x00000000      0x2cd Device_Startup/system_sam3s.o
 .debug_macro   0x00000000       0xb2 Device_Startup/system_sam3s.o
 .debug_macro   0x00000000       0xb2 Device_Startup/system_sam3s.o
 .debug_macro   0x00000000       0x52 Device_Startup/system_sam3s.o
 .debug_macro   0x00000000       0xa6 Device_Startup/system_sam3s.o
 .debug_macro   0x00000000       0x7c Device_Startup/system_sam3s.o
 .debug_macro   0x00000000       0x40 Device_Startup/system_sam3s.o
 .debug_macro   0x00000000       0x64 Device_Startup/system_sam3s.o
 .debug_macro   0x00000000       0x4c Device_Startup/system_sam3s.o
 .debug_macro   0x00000000       0xa6 Device_Startup/system_sam3s.o
 .debug_macro   0x00000000       0x7c Device_Startup/system_sam3s.o
 .debug_macro   0x00000000       0x16 Device_Startup/system_sam3s.o
 .debug_macro   0x00000000       0x7c Device_Startup/system_sam3s.o
 .debug_macro   0x00000000       0x22 Device_Startup/system_sam3s.o
 .debug_macro   0x00000000      0x14e Device_Startup/system_sam3s.o
 .debug_macro   0x00000000      0x11e Device_Startup/system_sam3s.o
 .debug_macro   0x00000000       0x1c Device_Startup/system_sam3s.o
 .debug_macro   0x00000000       0x2e Device_Startup/system_sam3s.o
 .debug_macro   0x00000000       0x22 Device_Startup/system_sam3s.o
 .debug_macro   0x00000000       0x1c Device_Startup/system_sam3s.o
 .debug_macro   0x00000000       0x52 Device_Startup/system_sam3s.o
 .debug_macro   0x00000000       0x10 Device_Startup/system_sam3s.o
 .debug_macro   0x00000000      0x1e7 Device_Startup/system_sam3s.o
 .debug_macro   0x00000000      0x5e5 Device_Startup/system_sam3s.o
 .debug_macro   0x00000000       0xf2 Device_Startup/system_sam3s.o
 .debug_line    0x00000000      0x6fa Device_Startup/system_sam3s.o
 .debug_str     0x00000000    0x37fa2 Device_Startup/system_sam3s.o
 .comment       0x00000000       0x5a Device_Startup/system_sam3s.o
 .debug_frame   0x00000000       0x40 Device_Startup/system_sam3s.o
 .ARM.attributes
                0x00000000       0x33 Device_Startup/system_sam3s.o
 .group         0x00000000        0x8 main.o
 .group         0x00000000        0x8 main.o
 .group         0x00000000        0x8 main.o
 .group         0x00000000        0x8 main.o
 .group         0x00000000        0x8 main.o
 .group         0x00000000        0x8 main.o
 .group         0x00000000        0x8 main.o
 .group         0x00000000        0x8 main.o
 .group         0x00000000        0x8 main.o
 .group         0x00000000        0x8 main.o
 .group         0x00000000        0x8 main.o
 .group         0x00000000        0x8 main.o
 .group         0x00000000        0x8 main.o
 .group         0x00000000        0x8 main.o
 .group         0x00000000        0x8 main.o
 .group         0x00000000        0x8 main.o
 .group         0x00000000        0x8 main.o
 .group         0x00000000        0x8 main.o
 .group         0x00000000        0x8 main.o
 .group         0x00000000        0x8 main.o
 .text          0x00000000        0x0 main.o
 .text.pinToPort
                0x00000000        0x4 main.o
 .text.portToBase
                0x00000000       0x18 main.o
 .text.pinToBase
                0x00000000       0x18 main.o
 .text.digitalRead
                0x00000000       0x30 main.o
 .text.toggle   0x00000000       0x20 main.o
 .text.channelToBlock
                0x00000000       0x10 main.o
 .text.blockToBlockBase
                0x00000000       0x18 main.o
 .text.channelToBlockBase
                0x00000000       0x24 main.o
 .text.channelToChannelBase
                0x00000000       0x38 main.o
 .text.channelInit
                0x00000000       0x30 main.o
 .text.readChannel
                0x00000000       0x10 main.o
 .text.resetChannel
                0x00000000       0x14 main.o
 .text.setRC_compare
                0x00000000       0x10 main.o
 .text.checkRC_Compare
                0x00000000       0x14 main.o
 .text.delayInit
                0x00000000       0x14 main.o
 .text.delayMicros
                0x00000000       0x44 main.o
 .text.delayMillis
                0x00000000       0x20 main.o
 .text.delaySeconds
                0x00000000       0x20 main.o
 .text.spiInit  0x00000000       0x40 main.o
 .text.spiSendReceive
                0x00000000       0x28 main.o
 .text.spiSendReceive16
                0x00000000       0x1c main.o
 .text.pwmInit  0x00000000        0x2 main.o
 .text.adcInit  0x00000000       0x18 main.o
 .text.rtcInit  0x00000000       0x10 main.o
 .text.rtcUpdateTime
                0x00000000       0x60 main.o
 .text.rtcUpdateDate
                0x00000000       0x6c main.o
 .text.rtcReadSec
                0x00000000       0x1c main.o
 .text.rtcReadMin
                0x00000000       0x1c main.o
 .text.rtcReadHour
                0x00000000       0x1c main.o
 .text.rtcReadAmPm
                0x00000000       0x10 main.o
 .text.rtcReadCent
                0x00000000       0x1c main.o
 .text.rtcReadYear
                0x00000000       0x1c main.o
 .text.rtcReadMonth
                0x00000000       0x1c main.o
 .text.rtcReadDay
                0x00000000       0x10 main.o
 .text.rtcReadDate
                0x00000000       0x1c main.o
 .rodata        0x00000000        0xc main.o
 .debug_macro   0x00000000      0x8b0 main.o
 .debug_macro   0x00000000       0x22 main.o
 .debug_macro   0x00000000       0x87 main.o
 .debug_macro   0x00000000       0x51 main.o
 .debug_macro   0x00000000       0xef main.o
 .debug_macro   0x00000000       0x6a main.o
 .debug_macro   0x00000000      0x1df main.o
 .data          0x00000000        0x0 c:/program files (x86)/atmel/studio/7.0/toolchain/arm/arm-gnu-toolchain/bin/../lib/gcc/arm-none-eabi/6.3.1/thumb/v7-m\libgcc.a(_arm_addsubdf3.o)
 .bss           0x00000000        0x0 c:/program files (x86)/atmel/studio/7.0/toolchain/arm/arm-gnu-toolchain/bin/../lib/gcc/arm-none-eabi/6.3.1/thumb/v7-m\libgcc.a(_arm_addsubdf3.o)
 .data          0x00000000        0x0 c:/program files (x86)/atmel/studio/7.0/toolchain/arm/arm-gnu-toolchain/bin/../lib/gcc/arm-none-eabi/6.3.1/thumb/v7-m\libgcc.a(_arm_muldivdf3.o)
 .bss           0x00000000        0x0 c:/program files (x86)/atmel/studio/7.0/toolchain/arm/arm-gnu-toolchain/bin/../lib/gcc/arm-none-eabi/6.3.1/thumb/v7-m\libgcc.a(_arm_muldivdf3.o)
 .text          0x00000000       0x40 c:/program files (x86)/atmel/studio/7.0/toolchain/arm/arm-gnu-toolchain/bin/../lib/gcc/arm-none-eabi/6.3.1/thumb/v7-m\libgcc.a(_arm_fixunsdfsi.o)
 .data          0x00000000        0x0 c:/program files (x86)/atmel/studio/7.0/toolchain/arm/arm-gnu-toolchain/bin/../lib/gcc/arm-none-eabi/6.3.1/thumb/v7-m\libgcc.a(_arm_fixunsdfsi.o)
 .bss           0x00000000        0x0 c:/program files (x86)/atmel/studio/7.0/toolchain/arm/arm-gnu-toolchain/bin/../lib/gcc/arm-none-eabi/6.3.1/thumb/v7-m\libgcc.a(_arm_fixunsdfsi.o)
 .debug_frame   0x00000000       0x24 c:/program files (x86)/atmel/studio/7.0/toolchain/arm/arm-gnu-toolchain/bin/../lib/gcc/arm-none-eabi/6.3.1/thumb/v7-m\libgcc.a(_arm_fixunsdfsi.o)
 .ARM.attributes
                0x00000000       0x1d c:/program files (x86)/atmel/studio/7.0/toolchain/arm/arm-gnu-toolchain/bin/../lib/gcc/arm-none-eabi/6.3.1/thumb/v7-m\libgcc.a(_arm_fixunsdfsi.o)
 .data          0x00000000        0x0 c:/program files (x86)/atmel/studio/7.0/toolchain/arm/arm-gnu-toolchain/bin/../lib/gcc/arm-none-eabi/6.3.1/thumb/v7-m\libgcc.a(_arm_truncdfsf2.o)
 .bss           0x00000000        0x0 c:/program files (x86)/atmel/studio/7.0/toolchain/arm/arm-gnu-toolchain/bin/../lib/gcc/arm-none-eabi/6.3.1/thumb/v7-m\libgcc.a(_arm_truncdfsf2.o)
 .data          0x00000000        0x0 c:/program files (x86)/atmel/studio/7.0/toolchain/arm/arm-gnu-toolchain/bin/../lib/gcc/arm-none-eabi/6.3.1/thumb/v7-m\libgcc.a(_arm_addsubsf3.o)
 .bss           0x00000000        0x0 c:/program files (x86)/atmel/studio/7.0/toolchain/arm/arm-gnu-toolchain/bin/../lib/gcc/arm-none-eabi/6.3.1/thumb/v7-m\libgcc.a(_arm_addsubsf3.o)
 .data          0x00000000        0x0 c:/program files (x86)/atmel/studio/7.0/toolchain/arm/arm-gnu-toolchain/bin/../lib/gcc/arm-none-eabi/6.3.1/thumb/v7-m\libgcc.a(_arm_muldivsf3.o)
 .bss           0x00000000        0x0 c:/program files (x86)/atmel/studio/7.0/toolchain/arm/arm-gnu-toolchain/bin/../lib/gcc/arm-none-eabi/6.3.1/thumb/v7-m\libgcc.a(_arm_muldivsf3.o)
 .text          0x00000000        0x0 c:/program files (x86)/atmel/studio/7.0/toolchain/arm/arm-gnu-toolchain/bin/../lib/gcc/arm-none-eabi/6.3.1/../../../../arm-none-eabi/lib/thumb/v7-m\libc.a(lib_a-exit.o)
 .data          0x00000000        0x0 c:/program files (x86)/atmel/studio/7.0/toolchain/arm/arm-gnu-toolchain/bin/../lib/gcc/arm-none-eabi/6.3.1/../../../../arm-none-eabi/lib/thumb/v7-m\libc.a(lib_a-exit.o)
 .bss           0x00000000        0x0 c:/program files (x86)/atmel/studio/7.0/toolchain/arm/arm-gnu-toolchain/bin/../lib/gcc/arm-none-eabi/6.3.1/../../../../arm-none-eabi/lib/thumb/v7-m\libc.a(lib_a-exit.o)
 .text.exit     0x00000000       0x20 c:/program files (x86)/atmel/studio/7.0/toolchain/arm/arm-gnu-toolchain/bin/../lib/gcc/arm-none-eabi/6.3.1/../../../../arm-none-eabi/lib/thumb/v7-m\libc.a(lib_a-exit.o)
 .debug_frame   0x00000000       0x28 c:/program files (x86)/atmel/studio/7.0/toolchain/arm/arm-gnu-toolchain/bin/../lib/gcc/arm-none-eabi/6.3.1/../../../../arm-none-eabi/lib/thumb/v7-m\libc.a(lib_a-exit.o)
 .ARM.attributes
                0x00000000       0x2d c:/program files (x86)/atmel/studio/7.0/toolchain/arm/arm-gnu-toolchain/bin/../lib/gcc/arm-none-eabi/6.3.1/../../../../arm-none-eabi/lib/thumb/v7-m\libc.a(lib_a-exit.o)
 .text          0x00000000        0x0 c:/program files (x86)/atmel/studio/7.0/toolchain/arm/arm-gnu-toolchain/bin/../lib/gcc/arm-none-eabi/6.3.1/../../../../arm-none-eabi/lib/thumb/v7-m\libc.a(lib_a-impure.o)
 .data          0x00000000        0x0 c:/program files (x86)/atmel/studio/7.0/toolchain/arm/arm-gnu-toolchain/bin/../lib/gcc/arm-none-eabi/6.3.1/../../../../arm-none-eabi/lib/thumb/v7-m\libc.a(lib_a-impure.o)
 .bss           0x00000000        0x0 c:/program files (x86)/atmel/studio/7.0/toolchain/arm/arm-gnu-toolchain/bin/../lib/gcc/arm-none-eabi/6.3.1/../../../../arm-none-eabi/lib/thumb/v7-m\libc.a(lib_a-impure.o)
 .data._impure_ptr
                0x00000000        0x4 c:/program files (x86)/atmel/studio/7.0/toolchain/arm/arm-gnu-toolchain/bin/../lib/gcc/arm-none-eabi/6.3.1/../../../../arm-none-eabi/lib/thumb/v7-m\libc.a(lib_a-impure.o)
 .text          0x00000000        0x0 c:/program files (x86)/atmel/studio/7.0/toolchain/arm/arm-gnu-toolchain/bin/../lib/gcc/arm-none-eabi/6.3.1/../../../../arm-none-eabi/lib/thumb/v7-m\libc.a(lib_a-init.o)
 .data          0x00000000        0x0 c:/program files (x86)/atmel/studio/7.0/toolchain/arm/arm-gnu-toolchain/bin/../lib/gcc/arm-none-eabi/6.3.1/../../../../arm-none-eabi/lib/thumb/v7-m\libc.a(lib_a-init.o)
 .bss           0x00000000        0x0 c:/program files (x86)/atmel/studio/7.0/toolchain/arm/arm-gnu-toolchain/bin/../lib/gcc/arm-none-eabi/6.3.1/../../../../arm-none-eabi/lib/thumb/v7-m\libc.a(lib_a-init.o)
 .text          0x00000000        0x0 c:/program files (x86)/atmel/studio/7.0/toolchain/arm/arm-gnu-toolchain/bin/../lib/gcc/arm-none-eabi/6.3.1/../../../../arm-none-eabi/lib/thumb/v7-m\libc.a(lib_a-memset.o)
 .data          0x00000000        0x0 c:/program files (x86)/atmel/studio/7.0/toolchain/arm/arm-gnu-toolchain/bin/../lib/gcc/arm-none-eabi/6.3.1/../../../../arm-none-eabi/lib/thumb/v7-m\libc.a(lib_a-memset.o)
 .bss           0x00000000        0x0 c:/program files (x86)/atmel/studio/7.0/toolchain/arm/arm-gnu-toolchain/bin/../lib/gcc/arm-none-eabi/6.3.1/../../../../arm-none-eabi/lib/thumb/v7-m\libc.a(lib_a-memset.o)
 .text.memset   0x00000000       0x9c c:/program files (x86)/atmel/studio/7.0/toolchain/arm/arm-gnu-toolchain/bin/../lib/gcc/arm-none-eabi/6.3.1/../../../../arm-none-eabi/lib/thumb/v7-m\libc.a(lib_a-memset.o)
 .debug_frame   0x00000000       0x34 c:/program files (x86)/atmel/studio/7.0/toolchain/arm/arm-gnu-toolchain/bin/../lib/gcc/arm-none-eabi/6.3.1/../../../../arm-none-eabi/lib/thumb/v7-m\libc.a(lib_a-memset.o)
 .ARM.attributes
                0x00000000       0x2d c:/program files (x86)/atmel/studio/7.0/toolchain/arm/arm-gnu-toolchain/bin/../lib/gcc/arm-none-eabi/6.3.1/../../../../arm-none-eabi/lib/thumb/v7-m\libc.a(lib_a-memset.o)
 .text          0x00000000        0x0 c:/program files (x86)/atmel/studio/7.0/toolchain/arm/arm-gnu-toolchain/bin/../lib/gcc/arm-none-eabi/6.3.1/../../../../arm-none-eabi/lib/thumb/v7-m\libc.a(lib_a-strchr.o)
 .data          0x00000000        0x0 c:/program files (x86)/atmel/studio/7.0/toolchain/arm/arm-gnu-toolchain/bin/../lib/gcc/arm-none-eabi/6.3.1/../../../../arm-none-eabi/lib/thumb/v7-m\libc.a(lib_a-strchr.o)
 .bss           0x00000000        0x0 c:/program files (x86)/atmel/studio/7.0/toolchain/arm/arm-gnu-toolchain/bin/../lib/gcc/arm-none-eabi/6.3.1/../../../../arm-none-eabi/lib/thumb/v7-m\libc.a(lib_a-strchr.o)
 .text          0x00000000        0x0 c:/program files (x86)/atmel/studio/7.0/toolchain/arm/arm-gnu-toolchain/bin/../lib/gcc/arm-none-eabi/6.3.1/../../../../arm-none-eabi/lib/thumb/v7-m\libc.a(lib_a-strstr.o)
 .data          0x00000000        0x0 c:/program files (x86)/atmel/studio/7.0/toolchain/arm/arm-gnu-toolchain/bin/../lib/gcc/arm-none-eabi/6.3.1/../../../../arm-none-eabi/lib/thumb/v7-m\libc.a(lib_a-strstr.o)
 .bss           0x00000000        0x0 c:/program files (x86)/atmel/studio/7.0/toolchain/arm/arm-gnu-toolchain/bin/../lib/gcc/arm-none-eabi/6.3.1/../../../../arm-none-eabi/lib/thumb/v7-m\libc.a(lib_a-strstr.o)
 .text          0x00000000        0x0 c:/program files (x86)/atmel/studio/7.0/toolchain/arm/arm-gnu-toolchain/bin/../lib/gcc/arm-none-eabi/6.3.1/../../../../arm-none-eabi/lib/thumb/v7-m\libc.a(lib_a-__call_atexit.o)
 .data          0x00000000        0x0 c:/program files (x86)/atmel/studio/7.0/toolchain/arm/arm-gnu-toolchain/bin/../lib/gcc/arm-none-eabi/6.3.1/../../../../arm-none-eabi/lib/thumb/v7-m\libc.a(lib_a-__call_atexit.o)
 .bss           0x00000000        0x0 c:/program files (x86)/atmel/studio/7.0/toolchain/arm/arm-gnu-toolchain/bin/../lib/gcc/arm-none-eabi/6.3.1/../../../../arm-none-eabi/lib/thumb/v7-m\libc.a(lib_a-__call_atexit.o)
 .text.__call_exitprocs
                0x00000000       0xe8 c:/program files (x86)/atmel/studio/7.0/toolchain/arm/arm-gnu-toolchain/bin/../lib/gcc/arm-none-eabi/6.3.1/../../../../arm-none-eabi/lib/thumb/v7-m\libc.a(lib_a-__call_atexit.o)
 .text          0x00000000        0x0 c:/program files (x86)/atmel/studio/7.0/toolchain/arm/arm-gnu-toolchain/bin/../lib/gcc/arm-none-eabi/6.3.1/../../../../arm-none-eabi/lib/thumb/v7-m\libc.a(lib_a-atexit.o)
 .data          0x00000000        0x0 c:/program files (x86)/atmel/studio/7.0/toolchain/arm/arm-gnu-toolchain/bin/../lib/gcc/arm-none-eabi/6.3.1/../../../../arm-none-eabi/lib/thumb/v7-m\libc.a(lib_a-atexit.o)
 .bss           0x00000000        0x0 c:/program files (x86)/atmel/studio/7.0/toolchain/arm/arm-gnu-toolchain/bin/../lib/gcc/arm-none-eabi/6.3.1/../../../../arm-none-eabi/lib/thumb/v7-m\libc.a(lib_a-atexit.o)
 .text          0x00000000        0x0 c:/program files (x86)/atmel/studio/7.0/toolchain/arm/arm-gnu-toolchain/bin/../lib/gcc/arm-none-eabi/6.3.1/../../../../arm-none-eabi/lib/thumb/v7-m\libc.a(lib_a-fini.o)
 .data          0x00000000        0x0 c:/program files (x86)/atmel/studio/7.0/toolchain/arm/arm-gnu-toolchain/bin/../lib/gcc/arm-none-eabi/6.3.1/../../../../arm-none-eabi/lib/thumb/v7-m\libc.a(lib_a-fini.o)
 .bss           0x00000000        0x0 c:/program files (x86)/atmel/studio/7.0/toolchain/arm/arm-gnu-toolchain/bin/../lib/gcc/arm-none-eabi/6.3.1/../../../../arm-none-eabi/lib/thumb/v7-m\libc.a(lib_a-fini.o)
 .text          0x00000000        0x0 c:/program files (x86)/atmel/studio/7.0/toolchain/arm/arm-gnu-toolchain/bin/../lib/gcc/arm-none-eabi/6.3.1/../../../../arm-none-eabi/lib/thumb/v7-m\libc.a(lib_a-lock.o)
 .data          0x00000000        0x0 c:/program files (x86)/atmel/studio/7.0/toolchain/arm/arm-gnu-toolchain/bin/../lib/gcc/arm-none-eabi/6.3.1/../../../../arm-none-eabi/lib/thumb/v7-m\libc.a(lib_a-lock.o)
 .bss           0x00000000        0x0 c:/program files (x86)/atmel/studio/7.0/toolchain/arm/arm-gnu-toolchain/bin/../lib/gcc/arm-none-eabi/6.3.1/../../../../arm-none-eabi/lib/thumb/v7-m\libc.a(lib_a-lock.o)
 .text.__retarget_lock_init
                0x00000000        0x4 c:/program files (x86)/atmel/studio/7.0/toolchain/arm/arm-gnu-toolchain/bin/../lib/gcc/arm-none-eabi/6.3.1/../../../../arm-none-eabi/lib/thumb/v7-m\libc.a(lib_a-lock.o)
 .text.__retarget_lock_init_recursive
                0x00000000        0x4 c:/program files (x86)/atmel/studio/7.0/toolchain/arm/arm-gnu-toolchain/bin/../lib/gcc/arm-none-eabi/6.3.1/../../../../arm-none-eabi/lib/thumb/v7-m\libc.a(lib_a-lock.o)
 .text.__retarget_lock_close
                0x00000000        0x4 c:/program files (x86)/atmel/studio/7.0/toolchain/arm/arm-gnu-toolchain/bin/../lib/gcc/arm-none-eabi/6.3.1/../../../../arm-none-eabi/lib/thumb/v7-m\libc.a(lib_a-lock.o)
 .text.__retarget_lock_close_recursive
                0x00000000        0x4 c:/program files (x86)/atmel/studio/7.0/toolchain/arm/arm-gnu-toolchain/bin/../lib/gcc/arm-none-eabi/6.3.1/../../../../arm-none-eabi/lib/thumb/v7-m\libc.a(lib_a-lock.o)
 .text.__retarget_lock_acquire
                0x00000000        0x4 c:/program files (x86)/atmel/studio/7.0/toolchain/arm/arm-gnu-toolchain/bin/../lib/gcc/arm-none-eabi/6.3.1/../../../../arm-none-eabi/lib/thumb/v7-m\libc.a(lib_a-lock.o)
 .text.__retarget_lock_try_acquire
                0x00000000        0x4 c:/program files (x86)/atmel/studio/7.0/toolchain/arm/arm-gnu-toolchain/bin/../lib/gcc/arm-none-eabi/6.3.1/../../../../arm-none-eabi/lib/thumb/v7-m\libc.a(lib_a-lock.o)
 .text.__retarget_lock_try_acquire_recursive
                0x00000000        0x4 c:/program files (x86)/atmel/studio/7.0/toolchain/arm/arm-gnu-toolchain/bin/../lib/gcc/arm-none-eabi/6.3.1/../../../../arm-none-eabi/lib/thumb/v7-m\libc.a(lib_a-lock.o)
 .text.__retarget_lock_release
                0x00000000        0x4 c:/program files (x86)/atmel/studio/7.0/toolchain/arm/arm-gnu-toolchain/bin/../lib/gcc/arm-none-eabi/6.3.1/../../../../arm-none-eabi/lib/thumb/v7-m\libc.a(lib_a-lock.o)
 .text          0x00000000        0x0 c:/program files (x86)/atmel/studio/7.0/toolchain/arm/arm-gnu-toolchain/bin/../lib/gcc/arm-none-eabi/6.3.1/../../../../arm-none-eabi/lib/thumb/v7-m\libc.a(lib_a-memchr-stub.o)
 .data          0x00000000        0x0 c:/program files (x86)/atmel/studio/7.0/toolchain/arm/arm-gnu-toolchain/bin/../lib/gcc/arm-none-eabi/6.3.1/../../../../arm-none-eabi/lib/thumb/v7-m\libc.a(lib_a-memchr-stub.o)
 .bss           0x00000000        0x0 c:/program files (x86)/atmel/studio/7.0/toolchain/arm/arm-gnu-toolchain/bin/../lib/gcc/arm-none-eabi/6.3.1/../../../../arm-none-eabi/lib/thumb/v7-m\libc.a(lib_a-memchr-stub.o)
 .text          0x00000000        0x0 c:/program files (x86)/atmel/studio/7.0/toolchain/arm/arm-gnu-toolchain/bin/../lib/gcc/arm-none-eabi/6.3.1/../../../../arm-none-eabi/lib/thumb/v7-m\libc.a(lib_a-memcmp.o)
 .data          0x00000000        0x0 c:/program files (x86)/atmel/studio/7.0/toolchain/arm/arm-gnu-toolchain/bin/../lib/gcc/arm-none-eabi/6.3.1/../../../../arm-none-eabi/lib/thumb/v7-m\libc.a(lib_a-memcmp.o)
 .bss           0x00000000        0x0 c:/program files (x86)/atmel/studio/7.0/toolchain/arm/arm-gnu-toolchain/bin/../lib/gcc/arm-none-eabi/6.3.1/../../../../arm-none-eabi/lib/thumb/v7-m\libc.a(lib_a-memcmp.o)
 .text          0x00000000        0x0 c:/program files (x86)/atmel/studio/7.0/toolchain/arm/arm-gnu-toolchain/bin/../lib/gcc/arm-none-eabi/6.3.1/../../../../arm-none-eabi/lib/thumb/v7-m\libc.a(lib_a-__atexit.o)
 .data          0x00000000        0x0 c:/program files (x86)/atmel/studio/7.0/toolchain/arm/arm-gnu-toolchain/bin/../lib/gcc/arm-none-eabi/6.3.1/../../../../arm-none-eabi/lib/thumb/v7-m\libc.a(lib_a-__atexit.o)
 .bss           0x00000000        0x0 c:/program files (x86)/atmel/studio/7.0/toolchain/arm/arm-gnu-toolchain/bin/../lib/gcc/arm-none-eabi/6.3.1/../../../../arm-none-eabi/lib/thumb/v7-m\libc.a(lib_a-__atexit.o)
 .text          0x00000000        0x0 c:/program files (x86)/atmel/studio/7.0/toolchain/arm/arm-gnu-toolchain/bin/../lib/gcc/arm-none-eabi/6.3.1/thumb/v7-m/crtend.o
 .data          0x00000000        0x0 c:/program files (x86)/atmel/studio/7.0/toolchain/arm/arm-gnu-toolchain/bin/../lib/gcc/arm-none-eabi/6.3.1/thumb/v7-m/crtend.o
 .bss           0x00000000        0x0 c:/program files (x86)/atmel/studio/7.0/toolchain/arm/arm-gnu-toolchain/bin/../lib/gcc/arm-none-eabi/6.3.1/thumb/v7-m/crtend.o
 .eh_frame      0x00000000        0x4 c:/program files (x86)/atmel/studio/7.0/toolchain/arm/arm-gnu-toolchain/bin/../lib/gcc/arm-none-eabi/6.3.1/thumb/v7-m/crtend.o
 .jcr           0x00000000        0x4 c:/program files (x86)/atmel/studio/7.0/toolchain/arm/arm-gnu-toolchain/bin/../lib/gcc/arm-none-eabi/6.3.1/thumb/v7-m/crtend.o
 .ARM.attributes
                0x00000000       0x2d c:/program files (x86)/atmel/studio/7.0/toolchain/arm/arm-gnu-toolchain/bin/../lib/gcc/arm-none-eabi/6.3.1/thumb/v7-m/crtend.o
 .text          0x00000000        0x0 c:/program files (x86)/atmel/studio/7.0/toolchain/arm/arm-gnu-toolchain/bin/../lib/gcc/arm-none-eabi/6.3.1/thumb/v7-m/crtn.o
 .data          0x00000000        0x0 c:/program files (x86)/atmel/studio/7.0/toolchain/arm/arm-gnu-toolchain/bin/../lib/gcc/arm-none-eabi/6.3.1/thumb/v7-m/crtn.o
 .bss           0x00000000        0x0 c:/program files (x86)/atmel/studio/7.0/toolchain/arm/arm-gnu-toolchain/bin/../lib/gcc/arm-none-eabi/6.3.1/thumb/v7-m/crtn.o

Memory Configuration

Name             Origin             Length             Attributes
rom              0x00400000         0x00040000         xr
ram              0x20000000         0x0000c000         xrw
*default*        0x00000000         0xffffffff

Linker script and memory map

LOAD c:/program files (x86)/atmel/studio/7.0/toolchain/arm/arm-gnu-toolchain/bin/../lib/gcc/arm-none-eabi/6.3.1/thumb/v7-m/crti.o
LOAD c:/program files (x86)/atmel/studio/7.0/toolchain/arm/arm-gnu-toolchain/bin/../lib/gcc/arm-none-eabi/6.3.1/thumb/v7-m/crtbegin.o
LOAD c:/program files (x86)/atmel/studio/7.0/toolchain/arm/arm-gnu-toolchain/bin/../lib/gcc/arm-none-eabi/6.3.1/../../../../arm-none-eabi/lib/thumb/v7-m/crt0.o
LOAD Device_Startup/startup_sam3s.o
LOAD Device_Startup/system_sam3s.o
LOAD main.o
START GROUP
LOAD c:/program files (x86)/atmel/studio/7.0/toolchain/arm/arm-gnu-toolchain/bin/../lib/gcc/arm-none-eabi/6.3.1/../../../../arm-none-eabi/lib/thumb/v7-m\libm.a
END GROUP
START GROUP
LOAD c:/program files (x86)/atmel/studio/7.0/toolchain/arm/arm-gnu-toolchain/bin/../lib/gcc/arm-none-eabi/6.3.1/thumb/v7-m\libgcc.a
LOAD c:/program files (x86)/atmel/studio/7.0/toolchain/arm/arm-gnu-toolchain/bin/../lib/gcc/arm-none-eabi/6.3.1/../../../../arm-none-eabi/lib/thumb/v7-m\libc.a
END GROUP
LOAD c:/program files (x86)/atmel/studio/7.0/toolchain/arm/arm-gnu-toolchain/bin/../lib/gcc/arm-none-eabi/6.3.1/thumb/v7-m/crtend.o
LOAD c:/program files (x86)/atmel/studio/7.0/toolchain/arm/arm-gnu-toolchain/bin/../lib/gcc/arm-none-eabi/6.3.1/thumb/v7-m/crtn.o
                0x00000400                STACK_SIZE = DEFINED (STACK_SIZE)?STACK_SIZE:0x400
                0x00000200                HEAP_SIZE = DEFINED (HEAP_SIZE)?HEAP_SIZE:0x200

.text           0x00400000     0x1e54
                0x00400000                . = ALIGN (0x4)
                0x00400000                _sfixed = .
 *(.vectors .vectors.*)
 .vectors       0x00400000       0xcc Device_Startup/startup_sam3s.o
                0x00400000                exception_table
 *(.text .text.* .gnu.linkonce.t.*)
 .text          0x004000cc       0x6c c:/program files (x86)/atmel/studio/7.0/toolchain/arm/arm-gnu-toolchain/bin/../lib/gcc/arm-none-eabi/6.3.1/thumb/v7-m/crtbegin.o
 .text.Dummy_Handler
                0x00400138        0x2 Device_Startup/startup_sam3s.o
                0x00400138                DACC_Handler
                0x00400138                DebugMon_Handler
                0x00400138                HardFault_Handler
                0x00400138                TC2_Handler
                0x00400138                SPI_Handler
                0x00400138                SysTick_Handler
                0x00400138                TWI1_Handler
                0x00400138                PendSV_Handler
                0x00400138                NMI_Handler
                0x00400138                ADC_Handler
                0x00400138                CRCCU_Handler
                0x00400138                USART0_Handler
                0x00400138                RTT_Handler
                0x00400138                PIOB_Handler
                0x00400138                RTC_Handler
                0x00400138                UsageFault_Handler
                0x00400138                WDT_Handler
                0x00400138                TC1_Handler
                0x00400138                HSMCI_Handler
                0x00400138                UART1_Handler
                0x00400138                Dummy_Handler
                0x00400138                TWI0_Handler
                0x00400138                USART1_Handler
                0x00400138                PIOA_Handler
                0x00400138                SSC_Handler
                0x00400138                ACC_Handler
                0x00400138                PMC_Handler
                0x00400138                PWM_Handler
                0x00400138                MemManage_Handler
                0x00400138                SUPC_Handler
                0x00400138                SVC_Handler
                0x00400138                EFC_Handler
                0x00400138                UART0_Handler
                0x00400138                UDP_Handler
                0x00400138                BusFault_Handler
                0x00400138                RSTC_Handler
                0x00400138                TC0_Handler
 *fill*         0x0040013a        0x2 
 .text.Reset_Handler
                0x0040013c       0x88 Device_Startup/startup_sam3s.o
                0x0040013c                Reset_Handler
 .text.pinMode  0x004001c4       0xd8 main.o
                0x004001c4                pinMode
 .text.digitalWrite
                0x0040029c       0x44 main.o
                0x0040029c                digitalWrite
 .text.uartInit
                0x004002e0       0x3c main.o
                0x004002e0                uartInit
 .text.uartTx   0x0040031c       0x14 main.o
                0x0040031c                uartTx
 .text.uartRx   0x00400330       0x18 main.o
                0x00400330                uartRx
 .text.adcChannelInit
                0x00400348       0xd0 main.o
                0x00400348                adcChannelInit
 .text.adcRead  0x00400418       0x80 main.o
                0x00400418                adcRead
 .text.samInit  0x00400498       0xa0 main.o
                0x00400498                samInit
 .text.transmitWebpage
                0x00400538       0x94 main.o
                0x00400538                transmitWebpage
 .text.main     0x004005cc      0x150 main.o
                0x004005cc                main
 .text          0x0040071c      0x370 c:/program files (x86)/atmel/studio/7.0/toolchain/arm/arm-gnu-toolchain/bin/../lib/gcc/arm-none-eabi/6.3.1/thumb/v7-m\libgcc.a(_arm_addsubdf3.o)
                0x0040071c                __aeabi_drsub
                0x00400724                __aeabi_dsub
                0x00400724                __subdf3
                0x00400728                __aeabi_dadd
                0x00400728                __adddf3
                0x004009a0                __floatunsidf
                0x004009a0                __aeabi_ui2d
                0x004009c0                __floatsidf
                0x004009c0                __aeabi_i2d
                0x004009e4                __aeabi_f2d
                0x004009e4                __extendsfdf2
                0x00400a20                __floatundidf
                0x00400a20                __aeabi_ul2d
                0x00400a30                __floatdidf
                0x00400a30                __aeabi_l2d
 .text          0x00400a8c      0x424 c:/program files (x86)/atmel/studio/7.0/toolchain/arm/arm-gnu-toolchain/bin/../lib/gcc/arm-none-eabi/6.3.1/thumb/v7-m\libgcc.a(_arm_muldivdf3.o)
                0x00400a8c                __aeabi_dmul
                0x00400a8c                __muldf3
                0x00400ce0                __divdf3
                0x00400ce0                __aeabi_ddiv
 .text          0x00400eb0       0xa0 c:/program files (x86)/atmel/studio/7.0/toolchain/arm/arm-gnu-toolchain/bin/../lib/gcc/arm-none-eabi/6.3.1/thumb/v7-m\libgcc.a(_arm_truncdfsf2.o)
                0x00400eb0                __truncdfsf2
                0x00400eb0                __aeabi_d2f
 .text          0x00400f50      0x21c c:/program files (x86)/atmel/studio/7.0/toolchain/arm/arm-gnu-toolchain/bin/../lib/gcc/arm-none-eabi/6.3.1/thumb/v7-m\libgcc.a(_arm_addsubsf3.o)
                0x00400f50                __aeabi_frsub
                0x00400f58                __subsf3
                0x00400f58                __aeabi_fsub
                0x00400f5c                __aeabi_fadd
                0x00400f5c                __addsf3
                0x004010bc                __aeabi_ui2f
                0x004010bc                __floatunsisf
                0x004010c4                __aeabi_i2f
                0x004010c4                __floatsisf
                0x004010e0                __aeabi_ul2f
                0x004010e0                __floatundisf
                0x004010f0                __aeabi_l2f
                0x004010f0                __floatdisf
 .text          0x0040116c      0x2a0 c:/program files (x86)/atmel/studio/7.0/toolchain/arm/arm-gnu-toolchain/bin/../lib/gcc/arm-none-eabi/6.3.1/thumb/v7-m\libgcc.a(_arm_muldivsf3.o)
                0x0040116c                __mulsf3
                0x0040116c                __aeabi_fmul
                0x004012d4                __aeabi_fdiv
                0x004012d4                __divsf3
 .text.__libc_init_array
                0x0040140c       0x50 c:/program files (x86)/atmel/studio/7.0/toolchain/arm/arm-gnu-toolchain/bin/../lib/gcc/arm-none-eabi/6.3.1/../../../../arm-none-eabi/lib/thumb/v7-m\libc.a(lib_a-init.o)
                0x0040140c                __libc_init_array
 .text.strchr   0x0040145c       0xe8 c:/program files (x86)/atmel/studio/7.0/toolchain/arm/arm-gnu-toolchain/bin/../lib/gcc/arm-none-eabi/6.3.1/../../../../arm-none-eabi/lib/thumb/v7-m\libc.a(lib_a-strchr.o)
                0x0040145c                strchr
 .text.critical_factorization
                0x00401544       0xb4 c:/program files (x86)/atmel/studio/7.0/toolchain/arm/arm-gnu-toolchain/bin/../lib/gcc/arm-none-eabi/6.3.1/../../../../arm-none-eabi/lib/thumb/v7-m\libc.a(lib_a-strstr.o)
 .text.two_way_long_needle
                0x004015f8      0x1fc c:/program files (x86)/atmel/studio/7.0/toolchain/arm/arm-gnu-toolchain/bin/../lib/gcc/arm-none-eabi/6.3.1/../../../../arm-none-eabi/lib/thumb/v7-m\libc.a(lib_a-strstr.o)
 .text.strstr   0x004017f4      0x218 c:/program files (x86)/atmel/studio/7.0/toolchain/arm/arm-gnu-toolchain/bin/../lib/gcc/arm-none-eabi/6.3.1/../../../../arm-none-eabi/lib/thumb/v7-m\libc.a(lib_a-strstr.o)
                0x004017f4                strstr
 .text.startup.register_fini
                0x00401a0c       0x14 c:/program files (x86)/atmel/studio/7.0/toolchain/arm/arm-gnu-toolchain/bin/../lib/gcc/arm-none-eabi/6.3.1/../../../../arm-none-eabi/lib/thumb/v7-m\libc.a(lib_a-__call_atexit.o)
 .text.atexit   0x00401a20        0xc c:/program files (x86)/atmel/studio/7.0/toolchain/arm/arm-gnu-toolchain/bin/../lib/gcc/arm-none-eabi/6.3.1/../../../../arm-none-eabi/lib/thumb/v7-m\libc.a(lib_a-atexit.o)
                0x00401a20                atexit
 .text.__libc_fini_array
                0x00401a2c       0x34 c:/program files (x86)/atmel/studio/7.0/toolchain/arm/arm-gnu-toolchain/bin/../lib/gcc/arm-none-eabi/6.3.1/../../../../arm-none-eabi/lib/thumb/v7-m\libc.a(lib_a-fini.o)
                0x00401a2c                __libc_fini_array
 .text.__retarget_lock_acquire_recursive
                0x00401a60        0x4 c:/program files (x86)/atmel/studio/7.0/toolchain/arm/arm-gnu-toolchain/bin/../lib/gcc/arm-none-eabi/6.3.1/../../../../arm-none-eabi/lib/thumb/v7-m\libc.a(lib_a-lock.o)
                0x00401a60                __retarget_lock_acquire_recursive
 .text.__retarget_lock_release_recursive
                0x00401a64        0x4 c:/program files (x86)/atmel/studio/7.0/toolchain/arm/arm-gnu-toolchain/bin/../lib/gcc/arm-none-eabi/6.3.1/../../../../arm-none-eabi/lib/thumb/v7-m\libc.a(lib_a-lock.o)
                0x00401a64                __retarget_lock_release_recursive
 .text.memchr   0x00401a68       0x8c c:/program files (x86)/atmel/studio/7.0/toolchain/arm/arm-gnu-toolchain/bin/../lib/gcc/arm-none-eabi/6.3.1/../../../../arm-none-eabi/lib/thumb/v7-m\libc.a(lib_a-memchr-stub.o)
                0x00401a68                memchr
 .text.memcmp   0x00401af4       0x60 c:/program files (x86)/atmel/studio/7.0/toolchain/arm/arm-gnu-toolchain/bin/../lib/gcc/arm-none-eabi/6.3.1/../../../../arm-none-eabi/lib/thumb/v7-m\libc.a(lib_a-memcmp.o)
                0x00401af4                memcmp
 .text.__register_exitproc
                0x00401b54       0xc4 c:/program files (x86)/atmel/studio/7.0/toolchain/arm/arm-gnu-toolchain/bin/../lib/gcc/arm-none-eabi/6.3.1/../../../../arm-none-eabi/lib/thumb/v7-m\libc.a(lib_a-__atexit.o)
                0x00401b54                __register_exitproc
 *(.glue_7t)
 .glue_7t       0x00401c18        0x0 linker stubs
 *(.glue_7)
 .glue_7        0x00401c18        0x0 linker stubs
 *(.rodata .rodata* .gnu.linkonce.r.*)
 .rodata.str1.4
                0x00401c18      0x214 main.o
                                0x212 (size before relaxing)
 .rodata._global_impure_ptr
                0x00401e2c        0x4 c:/program files (x86)/atmel/studio/7.0/toolchain/arm/arm-gnu-toolchain/bin/../lib/gcc/arm-none-eabi/6.3.1/../../../../arm-none-eabi/lib/thumb/v7-m\libc.a(lib_a-impure.o)
                0x00401e2c                _global_impure_ptr
 *(.ARM.extab* .gnu.linkonce.armextab.*)
                0x00401e30                . = ALIGN (0x4)
 *(.init)
 .init          0x00401e30        0x4 c:/program files (x86)/atmel/studio/7.0/toolchain/arm/arm-gnu-toolchain/bin/../lib/gcc/arm-none-eabi/6.3.1/thumb/v7-m/crti.o
                0x00401e30                _init
 .init          0x00401e34        0x8 c:/program files (x86)/atmel/studio/7.0/toolchain/arm/arm-gnu-toolchain/bin/../lib/gcc/arm-none-eabi/6.3.1/thumb/v7-m/crtn.o
                0x00401e3c                . = ALIGN (0x4)
                0x00401e3c                __preinit_array_start = .
 *(.preinit_array)
                0x00401e3c                __preinit_array_end = .
                0x00401e3c                . = ALIGN (0x4)
                0x00401e3c                __init_array_start = .
 *(SORT(.init_array.*))
 .init_array.00000
                0x00401e3c        0x4 c:/program files (x86)/atmel/studio/7.0/toolchain/arm/arm-gnu-toolchain/bin/../lib/gcc/arm-none-eabi/6.3.1/../../../../arm-none-eabi/lib/thumb/v7-m\libc.a(lib_a-__call_atexit.o)
 *(.init_array)
 .init_array    0x00401e40        0x4 c:/program files (x86)/atmel/studio/7.0/toolchain/arm/arm-gnu-toolchain/bin/../lib/gcc/arm-none-eabi/6.3.1/thumb/v7-m/crtbegin.o
                0x00401e44                __init_array_end = .
                0x00401e44                . = ALIGN (0x4)
 *crtbegin.o(.ctors)
 *(EXCLUDE_FILE(*crtend.o) .ctors)
 *(SORT(.ctors.*))
 *crtend.o(.ctors)
                0x00401e44                . = ALIGN (0x4)
 *(.fini)
 .fini          0x00401e44        0x4 c:/program files (x86)/atmel/studio/7.0/toolchain/arm/arm-gnu-toolchain/bin/../lib/gcc/arm-none-eabi/6.3.1/thumb/v7-m/crti.o
                0x00401e44                _fini
 .fini          0x00401e48        0x8 c:/program files (x86)/atmel/studio/7.0/toolchain/arm/arm-gnu-toolchain/bin/../lib/gcc/arm-none-eabi/6.3.1/thumb/v7-m/crtn.o
                0x00401e50                . = ALIGN (0x4)
                0x00401e50                __fini_array_start = .
 *(.fini_array)
 .fini_array    0x00401e50        0x4 c:/program files (x86)/atmel/studio/7.0/toolchain/arm/arm-gnu-toolchain/bin/../lib/gcc/arm-none-eabi/6.3.1/thumb/v7-m/crtbegin.o
 *(SORT(.fini_array.*))
                0x00401e54                __fini_array_end = .
 *crtbegin.o(.dtors)
 *(EXCLUDE_FILE(*crtend.o) .dtors)
 *(SORT(.dtors.*))
 *crtend.o(.dtors)
                0x00401e54                . = ALIGN (0x4)
                0x00401e54                _efixed = .
                [!provide]                PROVIDE (__exidx_start, .)

.vfp11_veneer   0x00401e54        0x0
 .vfp11_veneer  0x00401e54        0x0 linker stubs

.v4_bx          0x00401e54        0x0
 .v4_bx         0x00401e54        0x0 linker stubs

.iplt           0x00401e54        0x0
 .iplt          0x00401e54        0x0 c:/program files (x86)/atmel/studio/7.0/toolchain/arm/arm-gnu-toolchain/bin/../lib/gcc/arm-none-eabi/6.3.1/thumb/v7-m/crtbegin.o

.eh_frame       0x00401e54        0x0
 .eh_frame      0x00401e54        0x0 c:/program files (x86)/atmel/studio/7.0/toolchain/arm/arm-gnu-toolchain/bin/../lib/gcc/arm-none-eabi/6.3.1/thumb/v7-m/crtbegin.o

.rel.dyn        0x00401e54        0x0
 .rel.iplt      0x00401e54        0x0 c:/program files (x86)/atmel/studio/7.0/toolchain/arm/arm-gnu-toolchain/bin/../lib/gcc/arm-none-eabi/6.3.1/thumb/v7-m/crtbegin.o

.jcr            0x00401e54        0x0
 .jcr           0x00401e54        0x0 c:/program files (x86)/atmel/studio/7.0/toolchain/arm/arm-gnu-toolchain/bin/../lib/gcc/arm-none-eabi/6.3.1/thumb/v7-m/crtbegin.o

.igot.plt       0x00401e54        0x0
 .igot.plt      0x00401e54        0x0 c:/program files (x86)/atmel/studio/7.0/toolchain/arm/arm-gnu-toolchain/bin/../lib/gcc/arm-none-eabi/6.3.1/thumb/v7-m/crtbegin.o

.ARM.exidx
 *(.ARM.exidx* .gnu.linkonce.armexidx.*)
                [!provide]                PROVIDE (__exidx_end, .)
                0x00401e54                . = ALIGN (0x4)
                0x00401e54                _etext = .

.relocate       0x20000000      0x444 load address 0x00401e54
                0x20000000                . = ALIGN (0x4)
                0x20000000                _srelocate = .
 *(.ramfunc .ramfunc.*)
 *(.data .data.*)
 .data          0x20000000       0x16 main.o
                0x20000000                webpageStart
                0x20000004                webpageEnd
                0x20000008                request
 *fill*         0x20000016        0x2 
 .data.impure_data
                0x20000018      0x428 c:/program files (x86)/atmel/studio/7.0/toolchain/arm/arm-gnu-toolchain/bin/../lib/gcc/arm-none-eabi/6.3.1/../../../../arm-none-eabi/lib/thumb/v7-m\libc.a(lib_a-impure.o)
 .data.__atexit_recursive_mutex
                0x20000440        0x4 c:/program files (x86)/atmel/studio/7.0/toolchain/arm/arm-gnu-toolchain/bin/../lib/gcc/arm-none-eabi/6.3.1/../../../../arm-none-eabi/lib/thumb/v7-m\libc.a(lib_a-__call_atexit.o)
                0x20000440                __atexit_recursive_mutex
                0x20000444                . = ALIGN (0x4)
                0x20000444                _erelocate = .

.bss            0x20000444       0x64 load address 0x00402298
                0x20000444                . = ALIGN (0x4)
                0x20000444                _sbss = .
                0x20000444                _szero = .
 *(.bss .bss.*)
 .bss           0x20000444       0x1c c:/program files (x86)/atmel/studio/7.0/toolchain/arm/arm-gnu-toolchain/bin/../lib/gcc/arm-none-eabi/6.3.1/thumb/v7-m/crtbegin.o
 .bss           0x20000460       0x14 main.o
                0x20000460                currentRxState
                0x20000464                currentRequestChar
                0x20000468                endInString
                0x2000046c                startInString
                0x20000470                requestFound
 *(COMMON)
 COMMON         0x20000474       0x10 main.o
                0x20000474                character
                0x20000478                currentAdcValStr
                0x20000480                currentAdcVal
 COMMON         0x20000484       0x21 c:/program files (x86)/atmel/studio/7.0/toolchain/arm/arm-gnu-toolchain/bin/../lib/gcc/arm-none-eabi/6.3.1/../../../../arm-none-eabi/lib/thumb/v7-m\libc.a(lib_a-lock.o)
                0x20000484                __lock___atexit_recursive_mutex
                0x20000488                __lock___arc4random_mutex
                0x2000048c                __lock___env_recursive_mutex
                0x20000490                __lock___sinit_recursive_mutex
                0x20000494                __lock___malloc_recursive_mutex
                0x20000498                __lock___at_quick_exit_mutex
                0x2000049c                __lock___dd_hash_mutex
                0x200004a0                __lock___tz_mutex
                0x200004a4                __lock___sfp_recursive_mutex
                0x200004a8                . = ALIGN (0x4)
 *fill*         0x200004a5        0x3 
                0x200004a8                _ebss = .
                0x200004a8                _ezero = .

.stack          0x200004a8      0x400 load address 0x004022fc
                0x200004a8                . = ALIGN (0x8)
                0x200004a8                _sstack = .
                0x200008a8                . = (. + STACK_SIZE)
 *fill*         0x200004a8      0x400 
                0x200008a8                . = ALIGN (0x8)
                0x200008a8                _estack = .

.heap           0x200008a8      0x200 load address 0x004026fc
                0x200008a8                . = ALIGN (0x8)
                0x200008a8                _sheap = .
                0x20000aa8                . = (. + HEAP_SIZE)
 *fill*         0x200008a8      0x200 
                0x20000aa8                . = ALIGN (0x8)
                0x20000aa8                _eheap = .
                0x20000aa8                . = ALIGN (0x4)
                0x20000aa8                _end = .
                0x2000bfff                _ram_end_ = ((ORIGIN (ram) + LENGTH (ram)) - 0x1)
OUTPUT(uartTest.elf elf32-littlearm)

.ARM.attributes
                0x00000000       0x29
 .ARM.attributes
                0x00000000       0x1d c:/program files (x86)/atmel/studio/7.0/toolchain/arm/arm-gnu-toolchain/bin/../lib/gcc/arm-none-eabi/6.3.1/thumb/v7-m/crti.o
 .ARM.attributes
                0x0000001d       0x2d c:/program files (x86)/atmel/studio/7.0/toolchain/arm/arm-gnu-toolchain/bin/../lib/gcc/arm-none-eabi/6.3.1/thumb/v7-m/crtbegin.o
 .ARM.attributes
                0x0000004a       0x33 Device_Startup/startup_sam3s.o
 .ARM.attributes
                0x0000007d       0x33 main.o
 .ARM.attributes
                0x000000b0       0x1d c:/program files (x86)/atmel/studio/7.0/toolchain/arm/arm-gnu-toolchain/bin/../lib/gcc/arm-none-eabi/6.3.1/thumb/v7-m\libgcc.a(_arm_addsubdf3.o)
 .ARM.attributes
                0x000000cd       0x1d c:/program files (x86)/atmel/studio/7.0/toolchain/arm/arm-gnu-toolchain/bin/../lib/gcc/arm-none-eabi/6.3.1/thumb/v7-m\libgcc.a(_arm_muldivdf3.o)
 .ARM.attributes
                0x000000ea       0x1d c:/program files (x86)/atmel/studio/7.0/toolchain/arm/arm-gnu-toolchain/bin/../lib/gcc/arm-none-eabi/6.3.1/thumb/v7-m\libgcc.a(_arm_truncdfsf2.o)
 .ARM.attributes
                0x00000107       0x1d c:/program files (x86)/atmel/studio/7.0/toolchain/arm/arm-gnu-toolchain/bin/../lib/gcc/arm-none-eabi/6.3.1/thumb/v7-m\libgcc.a(_arm_addsubsf3.o)
 .ARM.attributes
                0x00000124       0x1d c:/program files (x86)/atmel/studio/7.0/toolchain/arm/arm-gnu-toolchain/bin/../lib/gcc/arm-none-eabi/6.3.1/thumb/v7-m\libgcc.a(_arm_muldivsf3.o)
 .ARM.attributes
                0x00000141       0x2d c:/program files (x86)/atmel/studio/7.0/toolchain/arm/arm-gnu-toolchain/bin/../lib/gcc/arm-none-eabi/6.3.1/../../../../arm-none-eabi/lib/thumb/v7-m\libc.a(lib_a-impure.o)
 .ARM.attributes
                0x0000016e       0x2d c:/program files (x86)/atmel/studio/7.0/toolchain/arm/arm-gnu-toolchain/bin/../lib/gcc/arm-none-eabi/6.3.1/../../../../arm-none-eabi/lib/thumb/v7-m\libc.a(lib_a-init.o)
 .ARM.attributes
                0x0000019b       0x2d c:/program files (x86)/atmel/studio/7.0/toolchain/arm/arm-gnu-toolchain/bin/../lib/gcc/arm-none-eabi/6.3.1/../../../../arm-none-eabi/lib/thumb/v7-m\libc.a(lib_a-strchr.o)
 .ARM.attributes
                0x000001c8       0x2d c:/program files (x86)/atmel/studio/7.0/toolchain/arm/arm-gnu-toolchain/bin/../lib/gcc/arm-none-eabi/6.3.1/../../../../arm-none-eabi/lib/thumb/v7-m\libc.a(lib_a-strstr.o)
 .ARM.attributes
                0x000001f5       0x2d c:/program files (x86)/atmel/studio/7.0/toolchain/arm/arm-gnu-toolchain/bin/../lib/gcc/arm-none-eabi/6.3.1/../../../../arm-none-eabi/lib/thumb/v7-m\libc.a(lib_a-__call_atexit.o)
 .ARM.attributes
                0x00000222       0x2d c:/program files (x86)/atmel/studio/7.0/toolchain/arm/arm-gnu-toolchain/bin/../lib/gcc/arm-none-eabi/6.3.1/../../../../arm-none-eabi/lib/thumb/v7-m\libc.a(lib_a-atexit.o)
 .ARM.attributes
                0x0000024f       0x2d c:/program files (x86)/atmel/studio/7.0/toolchain/arm/arm-gnu-toolchain/bin/../lib/gcc/arm-none-eabi/6.3.1/../../../../arm-none-eabi/lib/thumb/v7-m\libc.a(lib_a-fini.o)
 .ARM.attributes
                0x0000027c       0x2d c:/program files (x86)/atmel/studio/7.0/toolchain/arm/arm-gnu-toolchain/bin/../lib/gcc/arm-none-eabi/6.3.1/../../../../arm-none-eabi/lib/thumb/v7-m\libc.a(lib_a-lock.o)
 .ARM.attributes
                0x000002a9       0x2d c:/program files (x86)/atmel/studio/7.0/toolchain/arm/arm-gnu-toolchain/bin/../lib/gcc/arm-none-eabi/6.3.1/../../../../arm-none-eabi/lib/thumb/v7-m\libc.a(lib_a-memchr-stub.o)
 .ARM.attributes
                0x000002d6       0x2d c:/program files (x86)/atmel/studio/7.0/toolchain/arm/arm-gnu-toolchain/bin/../lib/gcc/arm-none-eabi/6.3.1/../../../../arm-none-eabi/lib/thumb/v7-m\libc.a(lib_a-memcmp.o)
 .ARM.attributes
                0x00000303       0x2d c:/program files (x86)/atmel/studio/7.0/toolchain/arm/arm-gnu-toolchain/bin/../lib/gcc/arm-none-eabi/6.3.1/../../../../arm-none-eabi/lib/thumb/v7-m\libc.a(lib_a-__atexit.o)
 .ARM.attributes
                0x00000330       0x1d c:/program files (x86)/atmel/studio/7.0/toolchain/arm/arm-gnu-toolchain/bin/../lib/gcc/arm-none-eabi/6.3.1/thumb/v7-m/crtn.o

.comment        0x00000000       0x59
 .comment       0x00000000       0x59 Device_Startup/startup_sam3s.o
                                 0x5a (size before relaxing)
 .comment       0x00000059       0x5a main.o

.debug_info     0x00000000     0x4153
 .debug_info    0x00000000      0x6b4 Device_Startup/startup_sam3s.o
 .debug_info    0x000006b4     0x3a9f main.o

.debug_abbrev   0x00000000      0x5f4
 .debug_abbrev  0x00000000      0x153 Device_Startup/startup_sam3s.o
 .debug_abbrev  0x00000153      0x4a1 main.o

.debug_loc      0x00000000     0x12bb
 .debug_loc     0x00000000       0x6b Device_Startup/startup_sam3s.o
 .debug_loc     0x0000006b     0x1250 main.o

.debug_aranges  0x00000000      0x1a8
 .debug_aranges
                0x00000000       0x28 Device_Startup/startup_sam3s.o
 .debug_aranges
                0x00000028      0x180 main.o

.debug_ranges   0x00000000      0x1a0
 .debug_ranges  0x00000000       0x18 Device_Startup/startup_sam3s.o
 .debug_ranges  0x00000018      0x188 main.o

.debug_macro    0x00000000     0xc463
 .debug_macro   0x00000000      0x2cf Device_Startup/startup_sam3s.o
 .debug_macro   0x000002cf      0x8b0 Device_Startup/startup_sam3s.o
 .debug_macro   0x00000b7f       0x22 Device_Startup/startup_sam3s.o
 .debug_macro   0x00000ba1       0x87 Device_Startup/startup_sam3s.o
 .debug_macro   0x00000c28       0x51 Device_Startup/startup_sam3s.o
 .debug_macro   0x00000c79       0xef Device_Startup/startup_sam3s.o
 .debug_macro   0x00000d68       0x6a Device_Startup/startup_sam3s.o
 .debug_macro   0x00000dd2      0x1df Device_Startup/startup_sam3s.o
 .debug_macro   0x00000fb1       0x20 Device_Startup/startup_sam3s.o
 .debug_macro   0x00000fd1       0x28 Device_Startup/startup_sam3s.o
 .debug_macro   0x00000ff9       0x93 Device_Startup/startup_sam3s.o
 .debug_macro   0x0000108c      0xe18 Device_Startup/startup_sam3s.o
 .debug_macro   0x00001ea4      0x166 Device_Startup/startup_sam3s.o
 .debug_macro   0x0000200a      0x94f Device_Startup/startup_sam3s.o
 .debug_macro   0x00002959      0x283 Device_Startup/startup_sam3s.o
 .debug_macro   0x00002bdc       0xb2 Device_Startup/startup_sam3s.o
 .debug_macro   0x00002c8e      0x366 Device_Startup/startup_sam3s.o
 .debug_macro   0x00002ff4       0xe2 Device_Startup/startup_sam3s.o
 .debug_macro   0x000030d6       0x1c Device_Startup/startup_sam3s.o
 .debug_macro   0x000030f2      0x78c Device_Startup/startup_sam3s.o
 .debug_macro   0x0000387e      0x2c4 Device_Startup/startup_sam3s.o
 .debug_macro   0x00003b42       0xbe Device_Startup/startup_sam3s.o
 .debug_macro   0x00003c00     0x2664 Device_Startup/startup_sam3s.o
 .debug_macro   0x00006264      0x738 Device_Startup/startup_sam3s.o
 .debug_macro   0x0000699c      0xa80 Device_Startup/startup_sam3s.o
 .debug_macro   0x0000741c       0x7c Device_Startup/startup_sam3s.o
 .debug_macro   0x00007498      0x28c Device_Startup/startup_sam3s.o
 .debug_macro   0x00007724       0x58 Device_Startup/startup_sam3s.o
 .debug_macro   0x0000777c      0x386 Device_Startup/startup_sam3s.o
 .debug_macro   0x00007b02      0x64e Device_Startup/startup_sam3s.o
 .debug_macro   0x00008150      0x5ef Device_Startup/startup_sam3s.o
 .debug_macro   0x0000873f      0x61c Device_Startup/startup_sam3s.o
 .debug_macro   0x00008d5b      0x346 Device_Startup/startup_sam3s.o
 .debug_macro   0x000090a1      0x28c Device_Startup/startup_sam3s.o
 .debug_macro   0x0000932d      0x2cf Device_Startup/startup_sam3s.o
 .debug_macro   0x000095fc      0x709 Device_Startup/startup_sam3s.o
 .debug_macro   0x00009d05       0x7c Device_Startup/startup_sam3s.o
 .debug_macro   0x00009d81       0xb8 Device_Startup/startup_sam3s.o
 .debug_macro   0x00009e39       0xb2 Device_Startup/startup_sam3s.o
 .debug_macro   0x00009eeb       0x88 Device_Startup/startup_sam3s.o
 .debug_macro   0x00009f73      0x100 Device_Startup/startup_sam3s.o
 .debug_macro   0x0000a073       0x88 Device_Startup/startup_sam3s.o
 .debug_macro   0x0000a0fb       0x88 Device_Startup/startup_sam3s.o
 .debug_macro   0x0000a183      0x2cd Device_Startup/startup_sam3s.o
 .debug_macro   0x0000a450       0xb2 Device_Startup/startup_sam3s.o
 .debug_macro   0x0000a502       0xb2 Device_Startup/startup_sam3s.o
 .debug_macro   0x0000a5b4       0x52 Device_Startup/startup_sam3s.o
 .debug_macro   0x0000a606       0xa6 Device_Startup/startup_sam3s.o
 .debug_macro   0x0000a6ac       0x7c Device_Startup/startup_sam3s.o
 .debug_macro   0x0000a728       0x40 Device_Startup/startup_sam3s.o
 .debug_macro   0x0000a768       0x64 Device_Startup/startup_sam3s.o
 .debug_macro   0x0000a7cc       0x4c Device_Startup/startup_sam3s.o
 .debug_macro   0x0000a818       0xa6 Device_Startup/startup_sam3s.o
 .debug_macro   0x0000a8be       0x7c Device_Startup/startup_sam3s.o
 .debug_macro   0x0000a93a       0x16 Device_Startup/startup_sam3s.o
 .debug_macro   0x0000a950       0x7c Device_Startup/startup_sam3s.o
 .debug_macro   0x0000a9cc       0x22 Device_Startup/startup_sam3s.o
 .debug_macro   0x0000a9ee      0x14e Device_Startup/startup_sam3s.o
 .debug_macro   0x0000ab3c      0x11e Device_Startup/startup_sam3s.o
 .debug_macro   0x0000ac5a       0x1c Device_Startup/startup_sam3s.o
 .debug_macro   0x0000ac76       0x2e Device_Startup/startup_sam3s.o
 .debug_macro   0x0000aca4       0x22 Device_Startup/startup_sam3s.o
 .debug_macro   0x0000acc6       0x1c Device_Startup/startup_sam3s.o
 .debug_macro   0x0000ace2       0x52 Device_Startup/startup_sam3s.o
 .debug_macro   0x0000ad34       0x10 Device_Startup/startup_sam3s.o
 .debug_macro   0x0000ad44      0x1e7 Device_Startup/startup_sam3s.o
 .debug_macro   0x0000af2b      0x5e5 Device_Startup/startup_sam3s.o
 .debug_macro   0x0000b510       0xf2 Device_Startup/startup_sam3s.o
 .debug_macro   0x0000b602      0x136 main.o
 .debug_macro   0x0000b738      0x49c main.o
 .debug_macro   0x0000bbd4       0x58 main.o
 .debug_macro   0x0000bc2c       0x35 main.o
 .debug_macro   0x0000bc61       0x9c main.o
 .debug_macro   0x0000bcfd      0x16d main.o
 .debug_macro   0x0000be6a       0x58 main.o
 .debug_macro   0x0000bec2       0x1f main.o
 .debug_macro   0x0000bee1       0x43 main.o
 .debug_macro   0x0000bf24       0x20 main.o
 .debug_macro   0x0000bf44      0x187 main.o
 .debug_macro   0x0000c0cb      0x353 main.o
 .debug_macro   0x0000c41e       0x10 main.o
 .debug_macro   0x0000c42e       0x35 main.o

.debug_line     0x00000000      0xe0c
 .debug_line    0x00000000      0x68c Device_Startup/startup_sam3s.o
 .debug_line    0x0000068c      0x780 main.o

.debug_str      0x00000000    0x3c5cb
 .debug_str     0x00000000    0x37f59 Device_Startup/startup_sam3s.o
                              0x38154 (size before relaxing)
 .debug_str     0x00037f59     0x4672 main.o
                               0x7de1 (size before relaxing)

.debug_frame    0x00000000      0x90c
 .debug_frame   0x00000000       0x38 Device_Startup/startup_sam3s.o
 .debug_frame   0x00000038      0x3d8 main.o
 .debug_frame   0x00000410       0xac c:/program files (x86)/atmel/studio/7.0/toolchain/arm/arm-gnu-toolchain/bin/../lib/gcc/arm-none-eabi/6.3.1/thumb/v7-m\libgcc.a(_arm_addsubdf3.o)
 .debug_frame   0x000004bc       0x50 c:/program files (x86)/atmel/studio/7.0/toolchain/arm/arm-gnu-toolchain/bin/../lib/gcc/arm-none-eabi/6.3.1/thumb/v7-m\libgcc.a(_arm_muldivdf3.o)
 .debug_frame   0x0000050c       0x24 c:/program files (x86)/atmel/studio/7.0/toolchain/arm/arm-gnu-toolchain/bin/../lib/gcc/arm-none-eabi/6.3.1/thumb/v7-m\libgcc.a(_arm_truncdfsf2.o)
 .debug_frame   0x00000530       0x4c c:/program files (x86)/atmel/studio/7.0/toolchain/arm/arm-gnu-toolchain/bin/../lib/gcc/arm-none-eabi/6.3.1/thumb/v7-m\libgcc.a(_arm_addsubsf3.o)
 .debug_frame   0x0000057c       0x38 c:/program files (x86)/atmel/studio/7.0/toolchain/arm/arm-gnu-toolchain/bin/../lib/gcc/arm-none-eabi/6.3.1/thumb/v7-m\libgcc.a(_arm_muldivsf3.o)
 .debug_frame   0x000005b4       0x2c c:/program files (x86)/atmel/studio/7.0/toolchain/arm/arm-gnu-toolchain/bin/../lib/gcc/arm-none-eabi/6.3.1/../../../../arm-none-eabi/lib/thumb/v7-m\libc.a(lib_a-init.o)
 .debug_frame   0x000005e0       0x50 c:/program files (x86)/atmel/studio/7.0/toolchain/arm/arm-gnu-toolchain/bin/../lib/gcc/arm-none-eabi/6.3.1/../../../../arm-none-eabi/lib/thumb/v7-m\libc.a(lib_a-strchr.o)
 .debug_frame   0x00000630       0xd8 c:/program files (x86)/atmel/studio/7.0/toolchain/arm/arm-gnu-toolchain/bin/../lib/gcc/arm-none-eabi/6.3.1/../../../../arm-none-eabi/lib/thumb/v7-m\libc.a(lib_a-strstr.o)
 .debug_frame   0x00000708       0x5c c:/program files (x86)/atmel/studio/7.0/toolchain/arm/arm-gnu-toolchain/bin/../lib/gcc/arm-none-eabi/6.3.1/../../../../arm-none-eabi/lib/thumb/v7-m\libc.a(lib_a-__call_atexit.o)
 .debug_frame   0x00000764       0x20 c:/program files (x86)/atmel/studio/7.0/toolchain/arm/arm-gnu-toolchain/bin/../lib/gcc/arm-none-eabi/6.3.1/../../../../arm-none-eabi/lib/thumb/v7-m\libc.a(lib_a-atexit.o)
 .debug_frame   0x00000784       0x34 c:/program files (x86)/atmel/studio/7.0/toolchain/arm/arm-gnu-toolchain/bin/../lib/gcc/arm-none-eabi/6.3.1/../../../../arm-none-eabi/lib/thumb/v7-m\libc.a(lib_a-fini.o)
 .debug_frame   0x000007b8       0xb0 c:/program files (x86)/atmel/studio/7.0/toolchain/arm/arm-gnu-toolchain/bin/../lib/gcc/arm-none-eabi/6.3.1/../../../../arm-none-eabi/lib/thumb/v7-m\libc.a(lib_a-lock.o)
 .debug_frame   0x00000868       0x34 c:/program files (x86)/atmel/studio/7.0/toolchain/arm/arm-gnu-toolchain/bin/../lib/gcc/arm-none-eabi/6.3.1/../../../../arm-none-eabi/lib/thumb/v7-m\libc.a(lib_a-memchr-stub.o)
 .debug_frame   0x0000089c       0x3c c:/program files (x86)/atmel/studio/7.0/toolchain/arm/arm-gnu-toolchain/bin/../lib/gcc/arm-none-eabi/6.3.1/../../../../arm-none-eabi/lib/thumb/v7-m\libc.a(lib_a-memcmp.o)
 .debug_frame   0x000008d8       0x34 c:/program files (x86)/atmel/studio/7.0/toolchain/arm/arm-gnu-toolchain/bin/../lib/gcc/arm-none-eabi/6.3.1/../../../../arm-none-eabi/lib/thumb/v7-m\libc.a(lib_a-__atexit.o)
