<html>
<body>
<pre>
<h1>µVision Build Log</h1>
<h2>Tool Versions:</h2>
IDE-Version: µVision V5.24.2.0
Copyright (C) 2017 ARM Ltd and ARM Germany GmbH. All rights reserved.
License Information: Kaveh Pezeshki, n/a, LIC=----
 
Tool Versions:
Toolchain:       MDK-Lite  Version: 5.24.1
Toolchain Path:  C:\Keil_v5\ARM\ARMCC\Bin
C Compiler:      Armcc.exe V5.06 update 5 (build 528)
Assembler:       Armasm.exe V5.06 update 5 (build 528)
Linker/Locator:  ArmLink.exe V5.06 update 5 (build 528)
Library Manager: ArmAr.exe V5.06 update 5 (build 528)
Hex Converter:   FromElf.exe V5.06 update 5 (build 528)
CPU DLL:         SARMCM3.DLL V5.24.1
Dialog DLL:      DCM.DLL V1.16.0.0
Target DLL:      Segger\JL2CM3.dll V2.99.26.0
Dialog DLL:      TCM.DLL V1.32.0.0
 
<h2>Project:</h2>
C:\Users\kaveh\Documents\MuddPiV5\TestProgram\keil3.uvprojx
Project File Date:  11/24/2018

<h2>Output:</h2>
*** Using Compiler 'V5.06 update 5 (build 528)', folder: 'C:\Keil_v5\ARM\ARMCC\Bin'
Rebuild target 'Target 1'
assembling startup_SAM4S.s...
compiling main.c...
main.c(43): warning:  #1-D: last line of file ends without a newline
  	
main.c: 1 warning, 0 errors
compiling system_SAM4S.c...
linking...
Program Size: Code=740 RO-data=220 RW-data=0 ZI-data=1120  
".\Objects\keil3.axf" - 0 Error(s), 1 Warning(s).

<h2>Software Packages used:</h2>

Package Vendor: ARM
                http://www.keil.com/pack/ARM.CMSIS.5.0.1.pack
                ARM.CMSIS.5.0.1
                CMSIS (Cortex Microcontroller Software Interface Standard)
   * Component: CORE Version: 5.0.1

Package Vendor: Keil
                http://www.keil.com/pack/Keil.SAM4_DFP.1.6.1.pack
                Keil.SAM4_DFP.1.6.1
                Microchip SAM4 Series Device Support and Examples
   * Component: Startup Version: 1.1.2

<h2>Collection of Component include folders:</h2>
  .\RTE\_Target_1
  C:\Keil_v5\ARM\PACK\ARM\CMSIS\5.0.1\CMSIS\Include
  C:\Keil_v5\ARM\PACK\Keil\SAM4_DFP\1.6.1\Device\Include\SAM4S

<h2>Collection of Component Files used:</h2>

   * Component: Keil::Device:Startup:1.1.2
      Source file:   Device\Source\ARM\SAM4xGPNVM.s
      Source file:   Device\Source\ARM\startup_SAM4S.s
      Source file:   Device\Source\system_SAM4S.c

   * Component: ARM::CMSIS:CORE:5.0.1
Build Time Elapsed:  00:00:01
</pre>
</body>
</html>
