<html>
<body>
<pre>
<h1>µVision Build Log</h1>
<h2>Tool Versions:</h2>
IDE-Version: µVision V5.24.2.0
Copyright (C) 2017 ARM Ltd and ARM Germany GmbH. All rights reserved.
License Information: Kaveh Pezeshki, n/a, LIC=----
 
Tool Versions:
Toolchain:       MDK-Lite  Version: 5.24.1
Toolchain Path:  C:\Keil_v5\ARM\ARMCC\Bin
C Compiler:      Armcc.exe V5.06 update 5 (build 528)
Assembler:       Armasm.exe V5.06 update 5 (build 528)
Linker/Locator:  ArmLink.exe V5.06 update 5 (build 528)
Library Manager: ArmAr.exe V5.06 update 5 (build 528)
Hex Converter:   FromElf.exe V5.06 update 5 (build 528)
CPU DLL:         SARMCM3.DLL V5.24.1
Dialog DLL:      DCM.DLL V1.16.0.0
Target DLL:      Segger\JL2CM3.dll V2.99.26.0
Dialog DLL:      TCM.DLL V1.32.0.0
 
<h2>Project:</h2>
C:\Users\kaveh\Documents\MuddPiV5\TestProgram\keil_olimex.uvprojx
Project File Date:  11/24/2018

<h2>Output:</h2>
*** Using Compiler 'V5.06 update 5 (build 528)', folder: 'C:\Keil_v5\ARM\ARMCC\Bin'
Rebuild target 'Target 1'
assembling startup_SAM3S.s...
compiling main.c...
main.c(27): warning:  #111-D: statement is unreachable
  	return 1;
main.c(64): warning:  #1-D: last line of file ends without a newline
  }	
main.c: 2 warnings, 0 errors
compiling system_SAM3S.c...
linking...
Program Size: Code=1356 RO-data=220 RW-data=0 ZI-data=608  
".\Objects\keil_olimex.axf" - 0 Error(s), 2 Warning(s).

<h2>Software Packages used:</h2>

Package Vendor: ARM
                http://www.keil.com/pack/ARM.CMSIS.5.0.1.pack
                ARM.CMSIS.5.0.1
                CMSIS (Cortex Microcontroller Software Interface Standard)
   * Component: CORE Version: 5.0.1

Package Vendor: Microchip
                http://packs.download.atmel.com/Atmel.SAM3S_DFP.1.0.70.pack
                Atmel.SAM3S_DFP.1.0.70
                Atmel SAM3S Series Device Support
   * Component: Startup Version: 1.0.0

<h2>Collection of Component include folders:</h2>
  .\RTE\_Target_1
  C:\Keil_v5\ARM\PACK\ARM\CMSIS\5.0.1\CMSIS\Include
  C:\Keil_v5\ARM\PACK\Atmel\SAM3S_DFP\1.0.70\sam3s\include

<h2>Collection of Component Files used:</h2>

   * Component: Microchip::Device:Startup:1.0.0
      Source file:   sam3s\armcc\Device\SAM3S\Source\ARM\startup_SAM3S.s
      Source file:   sam3s\armcc\Device\SAM3S\Source\system_SAM3S.c
      Source file:   sam3s\templates\main.c
      Include file:  sam3s\include\sam.h
      Source file:   sam3s\templates\main.cpp

   * Component: ARM::CMSIS:CORE:5.0.1
Build Time Elapsed:  00:00:01
</pre>
</body>
</html>
