Archive member included to satisfy reference by file (symbol)

c:/program files (x86)/atmel/studio/7.0/toolchain/arm/arm-gnu-toolchain/bin/../lib/gcc/arm-none-eabi/6.3.1/thumb/v7-m\libgcc.a(_arm_addsubdf3.o)
                              main.o (__aeabi_dsub)
c:/program files (x86)/atmel/studio/7.0/toolchain/arm/arm-gnu-toolchain/bin/../lib/gcc/arm-none-eabi/6.3.1/thumb/v7-m\libgcc.a(_arm_muldivdf3.o)
                              main.o (__aeabi_dmul)
c:/program files (x86)/atmel/studio/7.0/toolchain/arm/arm-gnu-toolchain/bin/../lib/gcc/arm-none-eabi/6.3.1/thumb/v7-m\libgcc.a(_arm_cmpdf2.o)
                              main.o (__aeabi_dcmpeq)
c:/program files (x86)/atmel/studio/7.0/toolchain/arm/arm-gnu-toolchain/bin/../lib/gcc/arm-none-eabi/6.3.1/thumb/v7-m\libgcc.a(_arm_fixdfsi.o)
                              main.o (__aeabi_d2iz)
c:/program files (x86)/atmel/studio/7.0/toolchain/arm/arm-gnu-toolchain/bin/../lib/gcc/arm-none-eabi/6.3.1/thumb/v7-m\libgcc.a(_arm_truncdfsf2.o)
                              main.o (__aeabi_d2f)
c:/program files (x86)/atmel/studio/7.0/toolchain/arm/arm-gnu-toolchain/bin/../lib/gcc/arm-none-eabi/6.3.1/thumb/v7-m\libgcc.a(_arm_addsubsf3.o)
                              main.o (__aeabi_fsub)
c:/program files (x86)/atmel/studio/7.0/toolchain/arm/arm-gnu-toolchain/bin/../lib/gcc/arm-none-eabi/6.3.1/thumb/v7-m\libgcc.a(_arm_muldivsf3.o)
                              main.o (__aeabi_fmul)
c:/program files (x86)/atmel/studio/7.0/toolchain/arm/arm-gnu-toolchain/bin/../lib/gcc/arm-none-eabi/6.3.1/thumb/v7-m\libgcc.a(_arm_fixsfsi.o)
                              main.o (__aeabi_f2iz)
c:/program files (x86)/atmel/studio/7.0/toolchain/arm/arm-gnu-toolchain/bin/../lib/gcc/arm-none-eabi/6.3.1/../../../../arm-none-eabi/lib/thumb/v7-m\libc.a(lib_a-exit.o)
                              c:/program files (x86)/atmel/studio/7.0/toolchain/arm/arm-gnu-toolchain/bin/../lib/gcc/arm-none-eabi/6.3.1/../../../../arm-none-eabi/lib/thumb/v7-m/crt0.o (exit)
c:/program files (x86)/atmel/studio/7.0/toolchain/arm/arm-gnu-toolchain/bin/../lib/gcc/arm-none-eabi/6.3.1/../../../../arm-none-eabi/lib/thumb/v7-m\libc.a(lib_a-impure.o)
                              c:/program files (x86)/atmel/studio/7.0/toolchain/arm/arm-gnu-toolchain/bin/../lib/gcc/arm-none-eabi/6.3.1/../../../../arm-none-eabi/lib/thumb/v7-m\libc.a(lib_a-exit.o) (_global_impure_ptr)
c:/program files (x86)/atmel/studio/7.0/toolchain/arm/arm-gnu-toolchain/bin/../lib/gcc/arm-none-eabi/6.3.1/../../../../arm-none-eabi/lib/thumb/v7-m\libc.a(lib_a-init.o)
                              c:/program files (x86)/atmel/studio/7.0/toolchain/arm/arm-gnu-toolchain/bin/../lib/gcc/arm-none-eabi/6.3.1/../../../../arm-none-eabi/lib/thumb/v7-m/crt0.o (__libc_init_array)
c:/program files (x86)/atmel/studio/7.0/toolchain/arm/arm-gnu-toolchain/bin/../lib/gcc/arm-none-eabi/6.3.1/../../../../arm-none-eabi/lib/thumb/v7-m\libc.a(lib_a-itoa.o)
                              main.o (itoa)
c:/program files (x86)/atmel/studio/7.0/toolchain/arm/arm-gnu-toolchain/bin/../lib/gcc/arm-none-eabi/6.3.1/../../../../arm-none-eabi/lib/thumb/v7-m\libc.a(lib_a-memset.o)
                              c:/program files (x86)/atmel/studio/7.0/toolchain/arm/arm-gnu-toolchain/bin/../lib/gcc/arm-none-eabi/6.3.1/../../../../arm-none-eabi/lib/thumb/v7-m/crt0.o (memset)
c:/program files (x86)/atmel/studio/7.0/toolchain/arm/arm-gnu-toolchain/bin/../lib/gcc/arm-none-eabi/6.3.1/../../../../arm-none-eabi/lib/thumb/v7-m\libc.a(lib_a-strstr.o)
                              main.o (strstr)
c:/program files (x86)/atmel/studio/7.0/toolchain/arm/arm-gnu-toolchain/bin/../lib/gcc/arm-none-eabi/6.3.1/../../../../arm-none-eabi/lib/thumb/v7-m\libc.a(lib_a-utoa.o)
                              c:/program files (x86)/atmel/studio/7.0/toolchain/arm/arm-gnu-toolchain/bin/../lib/gcc/arm-none-eabi/6.3.1/../../../../arm-none-eabi/lib/thumb/v7-m\libc.a(lib_a-itoa.o) (__utoa)
c:/program files (x86)/atmel/studio/7.0/toolchain/arm/arm-gnu-toolchain/bin/../lib/gcc/arm-none-eabi/6.3.1/../../../../arm-none-eabi/lib/thumb/v7-m\libc.a(lib_a-__call_atexit.o)
                              c:/program files (x86)/atmel/studio/7.0/toolchain/arm/arm-gnu-toolchain/bin/../lib/gcc/arm-none-eabi/6.3.1/../../../../arm-none-eabi/lib/thumb/v7-m\libc.a(lib_a-exit.o) (__call_exitprocs)
c:/program files (x86)/atmel/studio/7.0/toolchain/arm/arm-gnu-toolchain/bin/../lib/gcc/arm-none-eabi/6.3.1/../../../../arm-none-eabi/lib/thumb/v7-m\libc.a(lib_a-atexit.o)
                              c:/program files (x86)/atmel/studio/7.0/toolchain/arm/arm-gnu-toolchain/bin/../lib/gcc/arm-none-eabi/6.3.1/../../../../arm-none-eabi/lib/thumb/v7-m\libc.a(lib_a-__call_atexit.o) (atexit)
c:/program files (x86)/atmel/studio/7.0/toolchain/arm/arm-gnu-toolchain/bin/../lib/gcc/arm-none-eabi/6.3.1/../../../../arm-none-eabi/lib/thumb/v7-m\libc.a(lib_a-fini.o)
                              c:/program files (x86)/atmel/studio/7.0/toolchain/arm/arm-gnu-toolchain/bin/../lib/gcc/arm-none-eabi/6.3.1/../../../../arm-none-eabi/lib/thumb/v7-m\libc.a(lib_a-__call_atexit.o) (__libc_fini_array)
c:/program files (x86)/atmel/studio/7.0/toolchain/arm/arm-gnu-toolchain/bin/../lib/gcc/arm-none-eabi/6.3.1/../../../../arm-none-eabi/lib/thumb/v7-m\libc.a(lib_a-lock.o)
                              c:/program files (x86)/atmel/studio/7.0/toolchain/arm/arm-gnu-toolchain/bin/../lib/gcc/arm-none-eabi/6.3.1/../../../../arm-none-eabi/lib/thumb/v7-m\libc.a(lib_a-__call_atexit.o) (__retarget_lock_acquire_recursive)
c:/program files (x86)/atmel/studio/7.0/toolchain/arm/arm-gnu-toolchain/bin/../lib/gcc/arm-none-eabi/6.3.1/../../../../arm-none-eabi/lib/thumb/v7-m\libc.a(lib_a-memchr-stub.o)
                              c:/program files (x86)/atmel/studio/7.0/toolchain/arm/arm-gnu-toolchain/bin/../lib/gcc/arm-none-eabi/6.3.1/../../../../arm-none-eabi/lib/thumb/v7-m\libc.a(lib_a-strstr.o) (memchr)
c:/program files (x86)/atmel/studio/7.0/toolchain/arm/arm-gnu-toolchain/bin/../lib/gcc/arm-none-eabi/6.3.1/../../../../arm-none-eabi/lib/thumb/v7-m\libc.a(lib_a-memcmp.o)
                              c:/program files (x86)/atmel/studio/7.0/toolchain/arm/arm-gnu-toolchain/bin/../lib/gcc/arm-none-eabi/6.3.1/../../../../arm-none-eabi/lib/thumb/v7-m\libc.a(lib_a-strstr.o) (memcmp)
c:/program files (x86)/atmel/studio/7.0/toolchain/arm/arm-gnu-toolchain/bin/../lib/gcc/arm-none-eabi/6.3.1/../../../../arm-none-eabi/lib/thumb/v7-m\libc.a(lib_a-strchr.o)
                              c:/program files (x86)/atmel/studio/7.0/toolchain/arm/arm-gnu-toolchain/bin/../lib/gcc/arm-none-eabi/6.3.1/../../../../arm-none-eabi/lib/thumb/v7-m\libc.a(lib_a-strstr.o) (strchr)
c:/program files (x86)/atmel/studio/7.0/toolchain/arm/arm-gnu-toolchain/bin/../lib/gcc/arm-none-eabi/6.3.1/../../../../arm-none-eabi/lib/thumb/v7-m\libc.a(lib_a-__atexit.o)
                              c:/program files (x86)/atmel/studio/7.0/toolchain/arm/arm-gnu-toolchain/bin/../lib/gcc/arm-none-eabi/6.3.1/../../../../arm-none-eabi/lib/thumb/v7-m\libc.a(lib_a-atexit.o) (__register_exitproc)

Allocating common symbols
Common symbol       size              file

__lock___atexit_recursive_mutex
                    0x1               c:/program files (x86)/atmel/studio/7.0/toolchain/arm/arm-gnu-toolchain/bin/../lib/gcc/arm-none-eabi/6.3.1/../../../../arm-none-eabi/lib/thumb/v7-m\libc.a(lib_a-lock.o)
__lock___arc4random_mutex
                    0x1               c:/program files (x86)/atmel/studio/7.0/toolchain/arm/arm-gnu-toolchain/bin/../lib/gcc/arm-none-eabi/6.3.1/../../../../arm-none-eabi/lib/thumb/v7-m\libc.a(lib_a-lock.o)
__lock___env_recursive_mutex
                    0x1               c:/program files (x86)/atmel/studio/7.0/toolchain/arm/arm-gnu-toolchain/bin/../lib/gcc/arm-none-eabi/6.3.1/../../../../arm-none-eabi/lib/thumb/v7-m\libc.a(lib_a-lock.o)
__lock___sinit_recursive_mutex
                    0x1               c:/program files (x86)/atmel/studio/7.0/toolchain/arm/arm-gnu-toolchain/bin/../lib/gcc/arm-none-eabi/6.3.1/../../../../arm-none-eabi/lib/thumb/v7-m\libc.a(lib_a-lock.o)
__lock___malloc_recursive_mutex
                    0x1               c:/program files (x86)/atmel/studio/7.0/toolchain/arm/arm-gnu-toolchain/bin/../lib/gcc/arm-none-eabi/6.3.1/../../../../arm-none-eabi/lib/thumb/v7-m\libc.a(lib_a-lock.o)
__lock___at_quick_exit_mutex
                    0x1               c:/program files (x86)/atmel/studio/7.0/toolchain/arm/arm-gnu-toolchain/bin/../lib/gcc/arm-none-eabi/6.3.1/../../../../arm-none-eabi/lib/thumb/v7-m\libc.a(lib_a-lock.o)
__lock___dd_hash_mutex
                    0x1               c:/program files (x86)/atmel/studio/7.0/toolchain/arm/arm-gnu-toolchain/bin/../lib/gcc/arm-none-eabi/6.3.1/../../../../arm-none-eabi/lib/thumb/v7-m\libc.a(lib_a-lock.o)
__lock___tz_mutex   0x1               c:/program files (x86)/atmel/studio/7.0/toolchain/arm/arm-gnu-toolchain/bin/../lib/gcc/arm-none-eabi/6.3.1/../../../../arm-none-eabi/lib/thumb/v7-m\libc.a(lib_a-lock.o)
__lock___sfp_recursive_mutex
                    0x1               c:/program files (x86)/atmel/studio/7.0/toolchain/arm/arm-gnu-toolchain/bin/../lib/gcc/arm-none-eabi/6.3.1/../../../../arm-none-eabi/lib/thumb/v7-m\libc.a(lib_a-lock.o)

Discarded input sections

 .text          0x00000000        0x0 c:/program files (x86)/atmel/studio/7.0/toolchain/arm/arm-gnu-toolchain/bin/../lib/gcc/arm-none-eabi/6.3.1/thumb/v7-m/crti.o
 .data          0x00000000        0x0 c:/program files (x86)/atmel/studio/7.0/toolchain/arm/arm-gnu-toolchain/bin/../lib/gcc/arm-none-eabi/6.3.1/thumb/v7-m/crti.o
 .bss           0x00000000        0x0 c:/program files (x86)/atmel/studio/7.0/toolchain/arm/arm-gnu-toolchain/bin/../lib/gcc/arm-none-eabi/6.3.1/thumb/v7-m/crti.o
 .data          0x00000000        0x4 c:/program files (x86)/atmel/studio/7.0/toolchain/arm/arm-gnu-toolchain/bin/../lib/gcc/arm-none-eabi/6.3.1/thumb/v7-m/crtbegin.o
 .text          0x00000000       0x74 c:/program files (x86)/atmel/studio/7.0/toolchain/arm/arm-gnu-toolchain/bin/../lib/gcc/arm-none-eabi/6.3.1/../../../../arm-none-eabi/lib/thumb/v7-m/crt0.o
 .data          0x00000000        0x0 c:/program files (x86)/atmel/studio/7.0/toolchain/arm/arm-gnu-toolchain/bin/../lib/gcc/arm-none-eabi/6.3.1/../../../../arm-none-eabi/lib/thumb/v7-m/crt0.o
 .bss           0x00000000        0x0 c:/program files (x86)/atmel/studio/7.0/toolchain/arm/arm-gnu-toolchain/bin/../lib/gcc/arm-none-eabi/6.3.1/../../../../arm-none-eabi/lib/thumb/v7-m/crt0.o
 .ARM.extab     0x00000000        0x0 c:/program files (x86)/atmel/studio/7.0/toolchain/arm/arm-gnu-toolchain/bin/../lib/gcc/arm-none-eabi/6.3.1/../../../../arm-none-eabi/lib/thumb/v7-m/crt0.o
 .ARM.exidx     0x00000000        0x8 c:/program files (x86)/atmel/studio/7.0/toolchain/arm/arm-gnu-toolchain/bin/../lib/gcc/arm-none-eabi/6.3.1/../../../../arm-none-eabi/lib/thumb/v7-m/crt0.o
 .ARM.attributes
                0x00000000       0x1b c:/program files (x86)/atmel/studio/7.0/toolchain/arm/arm-gnu-toolchain/bin/../lib/gcc/arm-none-eabi/6.3.1/../../../../arm-none-eabi/lib/thumb/v7-m/crt0.o
 .group         0x00000000        0x8 Device_Startup/startup_sam3s.o
 .group         0x00000000        0x8 Device_Startup/startup_sam3s.o
 .group         0x00000000        0x8 Device_Startup/startup_sam3s.o
 .group         0x00000000        0x8 Device_Startup/startup_sam3s.o
 .group         0x00000000        0x8 Device_Startup/startup_sam3s.o
 .group         0x00000000        0x8 Device_Startup/startup_sam3s.o
 .group         0x00000000        0x8 Device_Startup/startup_sam3s.o
 .group         0x00000000        0x8 Device_Startup/startup_sam3s.o
 .group         0x00000000        0x8 Device_Startup/startup_sam3s.o
 .group         0x00000000        0x8 Device_Startup/startup_sam3s.o
 .group         0x00000000        0x8 Device_Startup/startup_sam3s.o
 .group         0x00000000        0x8 Device_Startup/startup_sam3s.o
 .group         0x00000000        0x8 Device_Startup/startup_sam3s.o
 .group         0x00000000        0x8 Device_Startup/startup_sam3s.o
 .group         0x00000000        0x8 Device_Startup/startup_sam3s.o
 .group         0x00000000        0x8 Device_Startup/startup_sam3s.o
 .group         0x00000000        0x8 Device_Startup/startup_sam3s.o
 .group         0x00000000        0x8 Device_Startup/startup_sam3s.o
 .group         0x00000000        0x8 Device_Startup/startup_sam3s.o
 .group         0x00000000        0x8 Device_Startup/startup_sam3s.o
 .group         0x00000000        0x8 Device_Startup/startup_sam3s.o
 .group         0x00000000        0x8 Device_Startup/startup_sam3s.o
 .group         0x00000000        0x8 Device_Startup/startup_sam3s.o
 .group         0x00000000        0x8 Device_Startup/startup_sam3s.o
 .group         0x00000000        0x8 Device_Startup/startup_sam3s.o
 .group         0x00000000        0x8 Device_Startup/startup_sam3s.o
 .group         0x00000000        0x8 Device_Startup/startup_sam3s.o
 .group         0x00000000        0x8 Device_Startup/startup_sam3s.o
 .group         0x00000000        0x8 Device_Startup/startup_sam3s.o
 .group         0x00000000        0x8 Device_Startup/startup_sam3s.o
 .group         0x00000000        0x8 Device_Startup/startup_sam3s.o
 .group         0x00000000        0x8 Device_Startup/startup_sam3s.o
 .group         0x00000000        0x8 Device_Startup/startup_sam3s.o
 .group         0x00000000        0x8 Device_Startup/startup_sam3s.o
 .group         0x00000000        0x8 Device_Startup/startup_sam3s.o
 .group         0x00000000        0x8 Device_Startup/startup_sam3s.o
 .group         0x00000000        0x8 Device_Startup/startup_sam3s.o
 .group         0x00000000        0x8 Device_Startup/startup_sam3s.o
 .group         0x00000000        0x8 Device_Startup/startup_sam3s.o
 .group         0x00000000        0x8 Device_Startup/startup_sam3s.o
 .group         0x00000000        0x8 Device_Startup/startup_sam3s.o
 .group         0x00000000        0x8 Device_Startup/startup_sam3s.o
 .group         0x00000000        0x8 Device_Startup/startup_sam3s.o
 .group         0x00000000        0x8 Device_Startup/startup_sam3s.o
 .group         0x00000000        0x8 Device_Startup/startup_sam3s.o
 .group         0x00000000        0x8 Device_Startup/startup_sam3s.o
 .group         0x00000000        0x8 Device_Startup/startup_sam3s.o
 .group         0x00000000        0x8 Device_Startup/startup_sam3s.o
 .group         0x00000000        0x8 Device_Startup/startup_sam3s.o
 .group         0x00000000        0x8 Device_Startup/startup_sam3s.o
 .group         0x00000000        0x8 Device_Startup/startup_sam3s.o
 .group         0x00000000        0x8 Device_Startup/startup_sam3s.o
 .group         0x00000000        0x8 Device_Startup/startup_sam3s.o
 .group         0x00000000        0x8 Device_Startup/startup_sam3s.o
 .group         0x00000000        0x8 Device_Startup/startup_sam3s.o
 .group         0x00000000        0x8 Device_Startup/startup_sam3s.o
 .group         0x00000000        0x8 Device_Startup/startup_sam3s.o
 .group         0x00000000        0x8 Device_Startup/startup_sam3s.o
 .group         0x00000000        0x8 Device_Startup/startup_sam3s.o
 .group         0x00000000        0x8 Device_Startup/startup_sam3s.o
 .group         0x00000000        0x8 Device_Startup/startup_sam3s.o
 .group         0x00000000        0x8 Device_Startup/startup_sam3s.o
 .group         0x00000000        0x8 Device_Startup/startup_sam3s.o
 .group         0x00000000        0x8 Device_Startup/startup_sam3s.o
 .group         0x00000000        0x8 Device_Startup/startup_sam3s.o
 .group         0x00000000        0x8 Device_Startup/startup_sam3s.o
 .group         0x00000000        0x8 Device_Startup/startup_sam3s.o
 .text          0x00000000        0x0 Device_Startup/startup_sam3s.o
 .data          0x00000000        0x0 Device_Startup/startup_sam3s.o
 .bss           0x00000000        0x0 Device_Startup/startup_sam3s.o
 .group         0x00000000        0x8 Device_Startup/system_sam3s.o
 .group         0x00000000        0x8 Device_Startup/system_sam3s.o
 .group         0x00000000        0x8 Device_Startup/system_sam3s.o
 .group         0x00000000        0x8 Device_Startup/system_sam3s.o
 .group         0x00000000        0x8 Device_Startup/system_sam3s.o
 .group         0x00000000        0x8 Device_Startup/system_sam3s.o
 .group         0x00000000        0x8 Device_Startup/system_sam3s.o
 .group         0x00000000        0x8 Device_Startup/system_sam3s.o
 .group         0x00000000        0x8 Device_Startup/system_sam3s.o
 .group         0x00000000        0x8 Device_Startup/system_sam3s.o
 .group         0x00000000        0x8 Device_Startup/system_sam3s.o
 .group         0x00000000        0x8 Device_Startup/system_sam3s.o
 .group         0x00000000        0x8 Device_Startup/system_sam3s.o
 .group         0x00000000        0x8 Device_Startup/system_sam3s.o
 .group         0x00000000        0x8 Device_Startup/system_sam3s.o
 .group         0x00000000        0x8 Device_Startup/system_sam3s.o
 .group         0x00000000        0x8 Device_Startup/system_sam3s.o
 .group         0x00000000        0x8 Device_Startup/system_sam3s.o
 .group         0x00000000        0x8 Device_Startup/system_sam3s.o
 .group         0x00000000        0x8 Device_Startup/system_sam3s.o
 .group         0x00000000        0x8 Device_Startup/system_sam3s.o
 .group         0x00000000        0x8 Device_Startup/system_sam3s.o
 .group         0x00000000        0x8 Device_Startup/system_sam3s.o
 .group         0x00000000        0x8 Device_Startup/system_sam3s.o
 .group         0x00000000        0x8 Device_Startup/system_sam3s.o
 .group         0x00000000        0x8 Device_Startup/system_sam3s.o
 .group         0x00000000        0x8 Device_Startup/system_sam3s.o
 .group         0x00000000        0x8 Device_Startup/system_sam3s.o
 .group         0x00000000        0x8 Device_Startup/system_sam3s.o
 .group         0x00000000        0x8 Device_Startup/system_sam3s.o
 .group         0x00000000        0x8 Device_Startup/system_sam3s.o
 .group         0x00000000        0x8 Device_Startup/system_sam3s.o
 .group         0x00000000        0x8 Device_Startup/system_sam3s.o
 .group         0x00000000        0x8 Device_Startup/system_sam3s.o
 .group         0x00000000        0x8 Device_Startup/system_sam3s.o
 .group         0x00000000        0x8 Device_Startup/system_sam3s.o
 .group         0x00000000        0x8 Device_Startup/system_sam3s.o
 .group         0x00000000        0x8 Device_Startup/system_sam3s.o
 .group         0x00000000        0x8 Device_Startup/system_sam3s.o
 .group         0x00000000        0x8 Device_Startup/system_sam3s.o
 .group         0x00000000        0x8 Device_Startup/system_sam3s.o
 .group         0x00000000        0x8 Device_Startup/system_sam3s.o
 .group         0x00000000        0x8 Device_Startup/system_sam3s.o
 .group         0x00000000        0x8 Device_Startup/system_sam3s.o
 .group         0x00000000        0x8 Device_Startup/system_sam3s.o
 .group         0x00000000        0x8 Device_Startup/system_sam3s.o
 .group         0x00000000        0x8 Device_Startup/system_sam3s.o
 .group         0x00000000        0x8 Device_Startup/system_sam3s.o
 .group         0x00000000        0x8 Device_Startup/system_sam3s.o
 .group         0x00000000        0x8 Device_Startup/system_sam3s.o
 .group         0x00000000        0x8 Device_Startup/system_sam3s.o
 .group         0x00000000        0x8 Device_Startup/system_sam3s.o
 .group         0x00000000        0x8 Device_Startup/system_sam3s.o
 .group         0x00000000        0x8 Device_Startup/system_sam3s.o
 .group         0x00000000        0x8 Device_Startup/system_sam3s.o
 .group         0x00000000        0x8 Device_Startup/system_sam3s.o
 .group         0x00000000        0x8 Device_Startup/system_sam3s.o
 .group         0x00000000        0x8 Device_Startup/system_sam3s.o
 .group         0x00000000        0x8 Device_Startup/system_sam3s.o
 .group         0x00000000        0x8 Device_Startup/system_sam3s.o
 .group         0x00000000        0x8 Device_Startup/system_sam3s.o
 .group         0x00000000        0x8 Device_Startup/system_sam3s.o
 .group         0x00000000        0x8 Device_Startup/system_sam3s.o
 .group         0x00000000        0x8 Device_Startup/system_sam3s.o
 .group         0x00000000        0x8 Device_Startup/system_sam3s.o
 .group         0x00000000        0x8 Device_Startup/system_sam3s.o
 .group         0x00000000        0x8 Device_Startup/system_sam3s.o
 .text          0x00000000        0x0 Device_Startup/system_sam3s.o
 .data          0x00000000        0x4 Device_Startup/system_sam3s.o
 .bss           0x00000000        0x0 Device_Startup/system_sam3s.o
 .text.SystemInit
                0x00000000       0xa0 Device_Startup/system_sam3s.o
 .text.SystemCoreClockUpdate
                0x00000000      0x110 Device_Startup/system_sam3s.o
 .text.system_init_flash
                0x00000000       0x44 Device_Startup/system_sam3s.o
 .debug_info    0x00000000      0x458 Device_Startup/system_sam3s.o
 .debug_abbrev  0x00000000      0x102 Device_Startup/system_sam3s.o
 .debug_aranges
                0x00000000       0x30 Device_Startup/system_sam3s.o
 .debug_ranges  0x00000000       0x20 Device_Startup/system_sam3s.o
 .debug_macro   0x00000000      0x2e1 Device_Startup/system_sam3s.o
 .debug_macro   0x00000000      0x8b0 Device_Startup/system_sam3s.o
 .debug_macro   0x00000000       0x22 Device_Startup/system_sam3s.o
 .debug_macro   0x00000000       0x87 Device_Startup/system_sam3s.o
 .debug_macro   0x00000000       0x51 Device_Startup/system_sam3s.o
 .debug_macro   0x00000000       0xef Device_Startup/system_sam3s.o
 .debug_macro   0x00000000       0x6a Device_Startup/system_sam3s.o
 .debug_macro   0x00000000      0x1df Device_Startup/system_sam3s.o
 .debug_macro   0x00000000       0x20 Device_Startup/system_sam3s.o
 .debug_macro   0x00000000       0x28 Device_Startup/system_sam3s.o
 .debug_macro   0x00000000       0x93 Device_Startup/system_sam3s.o
 .debug_macro   0x00000000      0xe18 Device_Startup/system_sam3s.o
 .debug_macro   0x00000000      0x166 Device_Startup/system_sam3s.o
 .debug_macro   0x00000000      0x94f Device_Startup/system_sam3s.o
 .debug_macro   0x00000000      0x283 Device_Startup/system_sam3s.o
 .debug_macro   0x00000000       0xb2 Device_Startup/system_sam3s.o
 .debug_macro   0x00000000      0x366 Device_Startup/system_sam3s.o
 .debug_macro   0x00000000       0xe2 Device_Startup/system_sam3s.o
 .debug_macro   0x00000000       0x1c Device_Startup/system_sam3s.o
 .debug_macro   0x00000000      0x78c Device_Startup/system_sam3s.o
 .debug_macro   0x00000000      0x2c4 Device_Startup/system_sam3s.o
 .debug_macro   0x00000000       0xbe Device_Startup/system_sam3s.o
 .debug_macro   0x00000000     0x2664 Device_Startup/system_sam3s.o
 .debug_macro   0x00000000      0x738 Device_Startup/system_sam3s.o
 .debug_macro   0x00000000      0xa80 Device_Startup/system_sam3s.o
 .debug_macro   0x00000000       0x7c Device_Startup/system_sam3s.o
 .debug_macro   0x00000000      0x28c Device_Startup/system_sam3s.o
 .debug_macro   0x00000000       0x58 Device_Startup/system_sam3s.o
 .debug_macro   0x00000000      0x386 Device_Startup/system_sam3s.o
 .debug_macro   0x00000000      0x64e Device_Startup/system_sam3s.o
 .debug_macro   0x00000000      0x5ef Device_Startup/system_sam3s.o
 .debug_macro   0x00000000      0x61c Device_Startup/system_sam3s.o
 .debug_macro   0x00000000      0x346 Device_Startup/system_sam3s.o
 .debug_macro   0x00000000      0x28c Device_Startup/system_sam3s.o
 .debug_macro   0x00000000      0x2cf Device_Startup/system_sam3s.o
 .debug_macro   0x00000000      0x709 Device_Startup/system_sam3s.o
 .debug_macro   0x00000000       0x7c Device_Startup/system_sam3s.o
 .debug_macro   0x00000000       0xb8 Device_Startup/system_sam3s.o
 .debug_macro   0x00000000       0xb2 Device_Startup/system_sam3s.o
 .debug_macro   0x00000000       0x88 Device_Startup/system_sam3s.o
 .debug_macro   0x00000000      0x100 Device_Startup/system_sam3s.o
 .debug_macro   0x00000000       0x88 Device_Startup/system_sam3s.o
 .debug_macro   0x00000000       0x88 Device_Startup/system_sam3s.o
 .debug_macro   0x00000000      0x2cd Device_Startup/system_sam3s.o
 .debug_macro   0x00000000       0xb2 Device_Startup/system_sam3s.o
 .debug_macro   0x00000000       0xb2 Device_Startup/system_sam3s.o
 .debug_macro   0x00000000       0x52 Device_Startup/system_sam3s.o
 .debug_macro   0x00000000       0xa6 Device_Startup/system_sam3s.o
 .debug_macro   0x00000000       0x7c Device_Startup/system_sam3s.o
 .debug_macro   0x00000000       0x40 Device_Startup/system_sam3s.o
 .debug_macro   0x00000000       0x64 Device_Startup/system_sam3s.o
 .debug_macro   0x00000000       0x4c Device_Startup/system_sam3s.o
 .debug_macro   0x00000000       0xa6 Device_Startup/system_sam3s.o
 .debug_macro   0x00000000       0x7c Device_Startup/system_sam3s.o
 .debug_macro   0x00000000       0x16 Device_Startup/system_sam3s.o
 .debug_macro   0x00000000       0x7c Device_Startup/system_sam3s.o
 .debug_macro   0x00000000       0x22 Device_Startup/system_sam3s.o
 .debug_macro   0x00000000      0x14e Device_Startup/system_sam3s.o
 .debug_macro   0x00000000      0x11e Device_Startup/system_sam3s.o
 .debug_macro   0x00000000       0x1c Device_Startup/system_sam3s.o
 .debug_macro   0x00000000       0x2e Device_Startup/system_sam3s.o
 .debug_macro   0x00000000       0x22 Device_Startup/system_sam3s.o
 .debug_macro   0x00000000       0x1c Device_Startup/system_sam3s.o
 .debug_macro   0x00000000       0x52 Device_Startup/system_sam3s.o
 .debug_macro   0x00000000       0x10 Device_Startup/system_sam3s.o
 .debug_macro   0x00000000      0x1e7 Device_Startup/system_sam3s.o
 .debug_macro   0x00000000      0x5e5 Device_Startup/system_sam3s.o
 .debug_macro   0x00000000       0xf2 Device_Startup/system_sam3s.o
 .debug_line    0x00000000      0x6fa Device_Startup/system_sam3s.o
 .debug_str     0x00000000    0x37fab Device_Startup/system_sam3s.o
 .comment       0x00000000       0x5a Device_Startup/system_sam3s.o
 .debug_frame   0x00000000       0x40 Device_Startup/system_sam3s.o
 .ARM.attributes
                0x00000000       0x33 Device_Startup/system_sam3s.o
 .group         0x00000000        0x8 main.o
 .group         0x00000000        0x8 main.o
 .group         0x00000000        0x8 main.o
 .group         0x00000000        0x8 main.o
 .group         0x00000000        0x8 main.o
 .group         0x00000000        0x8 main.o
 .group         0x00000000        0x8 main.o
 .group         0x00000000        0x8 main.o
 .group         0x00000000        0x8 main.o
 .group         0x00000000        0x8 main.o
 .group         0x00000000        0x8 main.o
 .group         0x00000000        0x8 main.o
 .group         0x00000000        0x8 main.o
 .group         0x00000000        0x8 main.o
 .group         0x00000000        0x8 main.o
 .group         0x00000000        0x8 main.o
 .group         0x00000000        0x8 main.o
 .group         0x00000000        0x8 main.o
 .group         0x00000000        0x8 main.o
 .group         0x00000000        0x8 main.o
 .group         0x00000000        0x8 main.o
 .group         0x00000000        0x8 main.o
 .group         0x00000000        0x8 main.o
 .group         0x00000000        0x8 main.o
 .group         0x00000000        0x8 main.o
 .group         0x00000000        0x8 main.o
 .group         0x00000000        0x8 main.o
 .group         0x00000000        0x8 main.o
 .group         0x00000000        0x8 main.o
 .group         0x00000000        0x8 main.o
 .group         0x00000000        0x8 main.o
 .group         0x00000000        0x8 main.o
 .text          0x00000000        0x0 main.o
 .text.pmcEnablePeriph
                0x00000000       0x10 main.o
 .text.pmcCheckMasterClk
                0x00000000       0x18 main.o
 .text.pmcMainClkBypass
                0x00000000       0x30 main.o
 .text.pioPinToPort
                0x00000000        0x4 main.o
 .text.pioPortToBase
                0x00000000       0x18 main.o
 .text.pioPinToBase
                0x00000000       0x18 main.o
 .text.pioPinResistor
                0x00000000       0x7c main.o
 .text.pioDigitalRead
                0x00000000       0x30 main.o
 .text.pioTogglePin
                0x00000000       0x20 main.o
 .text.tcChannelToBlock
                0x00000000       0x10 main.o
 .text.tcBlockToBlockBase
                0x00000000       0x18 main.o
 .text.tcChannelToBlockBase
                0x00000000       0x24 main.o
 .text.tcReadChannel
                0x00000000       0x3c main.o
 .text.tcResetChannel
                0x00000000       0x3c main.o
 .text.tcSetRC_compare
                0x00000000       0x40 main.o
 .text.tcCheckRC_compare
                0x00000000       0x40 main.o
 .text.tcDelayMicroseconds
                0x00000000       0x24 main.o
 .text.tcDelay  0x00000000       0x20 main.o
 .text.tcDelaySeconds
                0x00000000       0x20 main.o
 .text.uartRxReady
                0x00000000       0x10 main.o
 .text.pwmInit  0x00000000      0x118 main.o
 .text.rtcInit  0x00000000       0x10 main.o
 .text.rtcUpdateTime
                0x00000000       0x60 main.o
 .text.rtcUpdateDate
                0x00000000       0x6c main.o
 .text.rtcReadSec
                0x00000000       0x1c main.o
 .text.rtcReadMin
                0x00000000       0x1c main.o
 .text.rtcReadHour
                0x00000000       0x1c main.o
 .text.rtcReadAmPm
                0x00000000       0x10 main.o
 .text.rtcReadCent
                0x00000000       0x1c main.o
 .text.rtcReadYear
                0x00000000       0x1c main.o
 .text.rtcReadMonth
                0x00000000       0x1c main.o
 .text.rtcReadDay
                0x00000000       0x10 main.o
 .text.rtcReadDate
                0x00000000       0x1c main.o
 .text.wdtDisable
                0x00000000       0x10 main.o
 .text.samInit  0x00000000       0x10 main.o
 .debug_macro   0x00000000      0x8b0 main.o
 .debug_macro   0x00000000       0x22 main.o
 .debug_macro   0x00000000       0x87 main.o
 .debug_macro   0x00000000       0x51 main.o
 .debug_macro   0x00000000       0xef main.o
 .debug_macro   0x00000000       0x6a main.o
 .debug_macro   0x00000000      0x1df main.o
 .data          0x00000000        0x0 c:/program files (x86)/atmel/studio/7.0/toolchain/arm/arm-gnu-toolchain/bin/../lib/gcc/arm-none-eabi/6.3.1/thumb/v7-m\libgcc.a(_arm_addsubdf3.o)
 .bss           0x00000000        0x0 c:/program files (x86)/atmel/studio/7.0/toolchain/arm/arm-gnu-toolchain/bin/../lib/gcc/arm-none-eabi/6.3.1/thumb/v7-m\libgcc.a(_arm_addsubdf3.o)
 .data          0x00000000        0x0 c:/program files (x86)/atmel/studio/7.0/toolchain/arm/arm-gnu-toolchain/bin/../lib/gcc/arm-none-eabi/6.3.1/thumb/v7-m\libgcc.a(_arm_muldivdf3.o)
 .bss           0x00000000        0x0 c:/program files (x86)/atmel/studio/7.0/toolchain/arm/arm-gnu-toolchain/bin/../lib/gcc/arm-none-eabi/6.3.1/thumb/v7-m\libgcc.a(_arm_muldivdf3.o)
 .data          0x00000000        0x0 c:/program files (x86)/atmel/studio/7.0/toolchain/arm/arm-gnu-toolchain/bin/../lib/gcc/arm-none-eabi/6.3.1/thumb/v7-m\libgcc.a(_arm_cmpdf2.o)
 .bss           0x00000000        0x0 c:/program files (x86)/atmel/studio/7.0/toolchain/arm/arm-gnu-toolchain/bin/../lib/gcc/arm-none-eabi/6.3.1/thumb/v7-m\libgcc.a(_arm_cmpdf2.o)
 .data          0x00000000        0x0 c:/program files (x86)/atmel/studio/7.0/toolchain/arm/arm-gnu-toolchain/bin/../lib/gcc/arm-none-eabi/6.3.1/thumb/v7-m\libgcc.a(_arm_fixdfsi.o)
 .bss           0x00000000        0x0 c:/program files (x86)/atmel/studio/7.0/toolchain/arm/arm-gnu-toolchain/bin/../lib/gcc/arm-none-eabi/6.3.1/thumb/v7-m\libgcc.a(_arm_fixdfsi.o)
 .data          0x00000000        0x0 c:/program files (x86)/atmel/studio/7.0/toolchain/arm/arm-gnu-toolchain/bin/../lib/gcc/arm-none-eabi/6.3.1/thumb/v7-m\libgcc.a(_arm_truncdfsf2.o)
 .bss           0x00000000        0x0 c:/program files (x86)/atmel/studio/7.0/toolchain/arm/arm-gnu-toolchain/bin/../lib/gcc/arm-none-eabi/6.3.1/thumb/v7-m\libgcc.a(_arm_truncdfsf2.o)
 .data          0x00000000        0x0 c:/program files (x86)/atmel/studio/7.0/toolchain/arm/arm-gnu-toolchain/bin/../lib/gcc/arm-none-eabi/6.3.1/thumb/v7-m\libgcc.a(_arm_addsubsf3.o)
 .bss           0x00000000        0x0 c:/program files (x86)/atmel/studio/7.0/toolchain/arm/arm-gnu-toolchain/bin/../lib/gcc/arm-none-eabi/6.3.1/thumb/v7-m\libgcc.a(_arm_addsubsf3.o)
 .data          0x00000000        0x0 c:/program files (x86)/atmel/studio/7.0/toolchain/arm/arm-gnu-toolchain/bin/../lib/gcc/arm-none-eabi/6.3.1/thumb/v7-m\libgcc.a(_arm_muldivsf3.o)
 .bss           0x00000000        0x0 c:/program files (x86)/atmel/studio/7.0/toolchain/arm/arm-gnu-toolchain/bin/../lib/gcc/arm-none-eabi/6.3.1/thumb/v7-m\libgcc.a(_arm_muldivsf3.o)
 .data          0x00000000        0x0 c:/program files (x86)/atmel/studio/7.0/toolchain/arm/arm-gnu-toolchain/bin/../lib/gcc/arm-none-eabi/6.3.1/thumb/v7-m\libgcc.a(_arm_fixsfsi.o)
 .bss           0x00000000        0x0 c:/program files (x86)/atmel/studio/7.0/toolchain/arm/arm-gnu-toolchain/bin/../lib/gcc/arm-none-eabi/6.3.1/thumb/v7-m\libgcc.a(_arm_fixsfsi.o)
 .text          0x00000000        0x0 c:/program files (x86)/atmel/studio/7.0/toolchain/arm/arm-gnu-toolchain/bin/../lib/gcc/arm-none-eabi/6.3.1/../../../../arm-none-eabi/lib/thumb/v7-m\libc.a(lib_a-exit.o)
 .data          0x00000000        0x0 c:/program files (x86)/atmel/studio/7.0/toolchain/arm/arm-gnu-toolchain/bin/../lib/gcc/arm-none-eabi/6.3.1/../../../../arm-none-eabi/lib/thumb/v7-m\libc.a(lib_a-exit.o)
 .bss           0x00000000        0x0 c:/program files (x86)/atmel/studio/7.0/toolchain/arm/arm-gnu-toolchain/bin/../lib/gcc/arm-none-eabi/6.3.1/../../../../arm-none-eabi/lib/thumb/v7-m\libc.a(lib_a-exit.o)
 .text.exit     0x00000000       0x20 c:/program files (x86)/atmel/studio/7.0/toolchain/arm/arm-gnu-toolchain/bin/../lib/gcc/arm-none-eabi/6.3.1/../../../../arm-none-eabi/lib/thumb/v7-m\libc.a(lib_a-exit.o)
 .debug_frame   0x00000000       0x28 c:/program files (x86)/atmel/studio/7.0/toolchain/arm/arm-gnu-toolchain/bin/../lib/gcc/arm-none-eabi/6.3.1/../../../../arm-none-eabi/lib/thumb/v7-m\libc.a(lib_a-exit.o)
 .ARM.attributes
                0x00000000       0x2d c:/program files (x86)/atmel/studio/7.0/toolchain/arm/arm-gnu-toolchain/bin/../lib/gcc/arm-none-eabi/6.3.1/../../../../arm-none-eabi/lib/thumb/v7-m\libc.a(lib_a-exit.o)
 .text          0x00000000        0x0 c:/program files (x86)/atmel/studio/7.0/toolchain/arm/arm-gnu-toolchain/bin/../lib/gcc/arm-none-eabi/6.3.1/../../../../arm-none-eabi/lib/thumb/v7-m\libc.a(lib_a-impure.o)
 .data          0x00000000        0x0 c:/program files (x86)/atmel/studio/7.0/toolchain/arm/arm-gnu-toolchain/bin/../lib/gcc/arm-none-eabi/6.3.1/../../../../arm-none-eabi/lib/thumb/v7-m\libc.a(lib_a-impure.o)
 .bss           0x00000000        0x0 c:/program files (x86)/atmel/studio/7.0/toolchain/arm/arm-gnu-toolchain/bin/../lib/gcc/arm-none-eabi/6.3.1/../../../../arm-none-eabi/lib/thumb/v7-m\libc.a(lib_a-impure.o)
 .data._impure_ptr
                0x00000000        0x4 c:/program files (x86)/atmel/studio/7.0/toolchain/arm/arm-gnu-toolchain/bin/../lib/gcc/arm-none-eabi/6.3.1/../../../../arm-none-eabi/lib/thumb/v7-m\libc.a(lib_a-impure.o)
 .text          0x00000000        0x0 c:/program files (x86)/atmel/studio/7.0/toolchain/arm/arm-gnu-toolchain/bin/../lib/gcc/arm-none-eabi/6.3.1/../../../../arm-none-eabi/lib/thumb/v7-m\libc.a(lib_a-init.o)
 .data          0x00000000        0x0 c:/program files (x86)/atmel/studio/7.0/toolchain/arm/arm-gnu-toolchain/bin/../lib/gcc/arm-none-eabi/6.3.1/../../../../arm-none-eabi/lib/thumb/v7-m\libc.a(lib_a-init.o)
 .bss           0x00000000        0x0 c:/program files (x86)/atmel/studio/7.0/toolchain/arm/arm-gnu-toolchain/bin/../lib/gcc/arm-none-eabi/6.3.1/../../../../arm-none-eabi/lib/thumb/v7-m\libc.a(lib_a-init.o)
 .text          0x00000000        0x0 c:/program files (x86)/atmel/studio/7.0/toolchain/arm/arm-gnu-toolchain/bin/../lib/gcc/arm-none-eabi/6.3.1/../../../../arm-none-eabi/lib/thumb/v7-m\libc.a(lib_a-itoa.o)
 .data          0x00000000        0x0 c:/program files (x86)/atmel/studio/7.0/toolchain/arm/arm-gnu-toolchain/bin/../lib/gcc/arm-none-eabi/6.3.1/../../../../arm-none-eabi/lib/thumb/v7-m\libc.a(lib_a-itoa.o)
 .bss           0x00000000        0x0 c:/program files (x86)/atmel/studio/7.0/toolchain/arm/arm-gnu-toolchain/bin/../lib/gcc/arm-none-eabi/6.3.1/../../../../arm-none-eabi/lib/thumb/v7-m\libc.a(lib_a-itoa.o)
 .text          0x00000000        0x0 c:/program files (x86)/atmel/studio/7.0/toolchain/arm/arm-gnu-toolchain/bin/../lib/gcc/arm-none-eabi/6.3.1/../../../../arm-none-eabi/lib/thumb/v7-m\libc.a(lib_a-memset.o)
 .data          0x00000000        0x0 c:/program files (x86)/atmel/studio/7.0/toolchain/arm/arm-gnu-toolchain/bin/../lib/gcc/arm-none-eabi/6.3.1/../../../../arm-none-eabi/lib/thumb/v7-m\libc.a(lib_a-memset.o)
 .bss           0x00000000        0x0 c:/program files (x86)/atmel/studio/7.0/toolchain/arm/arm-gnu-toolchain/bin/../lib/gcc/arm-none-eabi/6.3.1/../../../../arm-none-eabi/lib/thumb/v7-m\libc.a(lib_a-memset.o)
 .text.memset   0x00000000       0x9c c:/program files (x86)/atmel/studio/7.0/toolchain/arm/arm-gnu-toolchain/bin/../lib/gcc/arm-none-eabi/6.3.1/../../../../arm-none-eabi/lib/thumb/v7-m\libc.a(lib_a-memset.o)
 .debug_frame   0x00000000       0x34 c:/program files (x86)/atmel/studio/7.0/toolchain/arm/arm-gnu-toolchain/bin/../lib/gcc/arm-none-eabi/6.3.1/../../../../arm-none-eabi/lib/thumb/v7-m\libc.a(lib_a-memset.o)
 .ARM.attributes
                0x00000000       0x2d c:/program files (x86)/atmel/studio/7.0/toolchain/arm/arm-gnu-toolchain/bin/../lib/gcc/arm-none-eabi/6.3.1/../../../../arm-none-eabi/lib/thumb/v7-m\libc.a(lib_a-memset.o)
 .text          0x00000000        0x0 c:/program files (x86)/atmel/studio/7.0/toolchain/arm/arm-gnu-toolchain/bin/../lib/gcc/arm-none-eabi/6.3.1/../../../../arm-none-eabi/lib/thumb/v7-m\libc.a(lib_a-strstr.o)
 .data          0x00000000        0x0 c:/program files (x86)/atmel/studio/7.0/toolchain/arm/arm-gnu-toolchain/bin/../lib/gcc/arm-none-eabi/6.3.1/../../../../arm-none-eabi/lib/thumb/v7-m\libc.a(lib_a-strstr.o)
 .bss           0x00000000        0x0 c:/program files (x86)/atmel/studio/7.0/toolchain/arm/arm-gnu-toolchain/bin/../lib/gcc/arm-none-eabi/6.3.1/../../../../arm-none-eabi/lib/thumb/v7-m\libc.a(lib_a-strstr.o)
 .text          0x00000000        0x0 c:/program files (x86)/atmel/studio/7.0/toolchain/arm/arm-gnu-toolchain/bin/../lib/gcc/arm-none-eabi/6.3.1/../../../../arm-none-eabi/lib/thumb/v7-m\libc.a(lib_a-utoa.o)
 .data          0x00000000        0x0 c:/program files (x86)/atmel/studio/7.0/toolchain/arm/arm-gnu-toolchain/bin/../lib/gcc/arm-none-eabi/6.3.1/../../../../arm-none-eabi/lib/thumb/v7-m\libc.a(lib_a-utoa.o)
 .bss           0x00000000        0x0 c:/program files (x86)/atmel/studio/7.0/toolchain/arm/arm-gnu-toolchain/bin/../lib/gcc/arm-none-eabi/6.3.1/../../../../arm-none-eabi/lib/thumb/v7-m\libc.a(lib_a-utoa.o)
 .text.utoa     0x00000000        0x4 c:/program files (x86)/atmel/studio/7.0/toolchain/arm/arm-gnu-toolchain/bin/../lib/gcc/arm-none-eabi/6.3.1/../../../../arm-none-eabi/lib/thumb/v7-m\libc.a(lib_a-utoa.o)
 .text          0x00000000        0x0 c:/program files (x86)/atmel/studio/7.0/toolchain/arm/arm-gnu-toolchain/bin/../lib/gcc/arm-none-eabi/6.3.1/../../../../arm-none-eabi/lib/thumb/v7-m\libc.a(lib_a-__call_atexit.o)
 .data          0x00000000        0x0 c:/program files (x86)/atmel/studio/7.0/toolchain/arm/arm-gnu-toolchain/bin/../lib/gcc/arm-none-eabi/6.3.1/../../../../arm-none-eabi/lib/thumb/v7-m\libc.a(lib_a-__call_atexit.o)
 .bss           0x00000000        0x0 c:/program files (x86)/atmel/studio/7.0/toolchain/arm/arm-gnu-toolchain/bin/../lib/gcc/arm-none-eabi/6.3.1/../../../../arm-none-eabi/lib/thumb/v7-m\libc.a(lib_a-__call_atexit.o)
 .text.__call_exitprocs
                0x00000000       0xe8 c:/program files (x86)/atmel/studio/7.0/toolchain/arm/arm-gnu-toolchain/bin/../lib/gcc/arm-none-eabi/6.3.1/../../../../arm-none-eabi/lib/thumb/v7-m\libc.a(lib_a-__call_atexit.o)
 .text          0x00000000        0x0 c:/program files (x86)/atmel/studio/7.0/toolchain/arm/arm-gnu-toolchain/bin/../lib/gcc/arm-none-eabi/6.3.1/../../../../arm-none-eabi/lib/thumb/v7-m\libc.a(lib_a-atexit.o)
 .data          0x00000000        0x0 c:/program files (x86)/atmel/studio/7.0/toolchain/arm/arm-gnu-toolchain/bin/../lib/gcc/arm-none-eabi/6.3.1/../../../../arm-none-eabi/lib/thumb/v7-m\libc.a(lib_a-atexit.o)
 .bss           0x00000000        0x0 c:/program files (x86)/atmel/studio/7.0/toolchain/arm/arm-gnu-toolchain/bin/../lib/gcc/arm-none-eabi/6.3.1/../../../../arm-none-eabi/lib/thumb/v7-m\libc.a(lib_a-atexit.o)
 .text          0x00000000        0x0 c:/program files (x86)/atmel/studio/7.0/toolchain/arm/arm-gnu-toolchain/bin/../lib/gcc/arm-none-eabi/6.3.1/../../../../arm-none-eabi/lib/thumb/v7-m\libc.a(lib_a-fini.o)
 .data          0x00000000        0x0 c:/program files (x86)/atmel/studio/7.0/toolchain/arm/arm-gnu-toolchain/bin/../lib/gcc/arm-none-eabi/6.3.1/../../../../arm-none-eabi/lib/thumb/v7-m\libc.a(lib_a-fini.o)
 .bss           0x00000000        0x0 c:/program files (x86)/atmel/studio/7.0/toolchain/arm/arm-gnu-toolchain/bin/../lib/gcc/arm-none-eabi/6.3.1/../../../../arm-none-eabi/lib/thumb/v7-m\libc.a(lib_a-fini.o)
 .text          0x00000000        0x0 c:/program files (x86)/atmel/studio/7.0/toolchain/arm/arm-gnu-toolchain/bin/../lib/gcc/arm-none-eabi/6.3.1/../../../../arm-none-eabi/lib/thumb/v7-m\libc.a(lib_a-lock.o)
 .data          0x00000000        0x0 c:/program files (x86)/atmel/studio/7.0/toolchain/arm/arm-gnu-toolchain/bin/../lib/gcc/arm-none-eabi/6.3.1/../../../../arm-none-eabi/lib/thumb/v7-m\libc.a(lib_a-lock.o)
 .bss           0x00000000        0x0 c:/program files (x86)/atmel/studio/7.0/toolchain/arm/arm-gnu-toolchain/bin/../lib/gcc/arm-none-eabi/6.3.1/../../../../arm-none-eabi/lib/thumb/v7-m\libc.a(lib_a-lock.o)
 .text.__retarget_lock_init
                0x00000000        0x4 c:/program files (x86)/atmel/studio/7.0/toolchain/arm/arm-gnu-toolchain/bin/../lib/gcc/arm-none-eabi/6.3.1/../../../../arm-none-eabi/lib/thumb/v7-m\libc.a(lib_a-lock.o)
 .text.__retarget_lock_init_recursive
                0x00000000        0x4 c:/program files (x86)/atmel/studio/7.0/toolchain/arm/arm-gnu-toolchain/bin/../lib/gcc/arm-none-eabi/6.3.1/../../../../arm-none-eabi/lib/thumb/v7-m\libc.a(lib_a-lock.o)
 .text.__retarget_lock_close
                0x00000000        0x4 c:/program files (x86)/atmel/studio/7.0/toolchain/arm/arm-gnu-toolchain/bin/../lib/gcc/arm-none-eabi/6.3.1/../../../../arm-none-eabi/lib/thumb/v7-m\libc.a(lib_a-lock.o)
 .text.__retarget_lock_close_recursive
                0x00000000        0x4 c:/program files (x86)/atmel/studio/7.0/toolchain/arm/arm-gnu-toolchain/bin/../lib/gcc/arm-none-eabi/6.3.1/../../../../arm-none-eabi/lib/thumb/v7-m\libc.a(lib_a-lock.o)
 .text.__retarget_lock_acquire
                0x00000000        0x4 c:/program files (x86)/atmel/studio/7.0/toolchain/arm/arm-gnu-toolchain/bin/../lib/gcc/arm-none-eabi/6.3.1/../../../../arm-none-eabi/lib/thumb/v7-m\libc.a(lib_a-lock.o)
 .text.__retarget_lock_try_acquire
                0x00000000        0x4 c:/program files (x86)/atmel/studio/7.0/toolchain/arm/arm-gnu-toolchain/bin/../lib/gcc/arm-none-eabi/6.3.1/../../../../arm-none-eabi/lib/thumb/v7-m\libc.a(lib_a-lock.o)
 .text.__retarget_lock_try_acquire_recursive
                0x00000000        0x4 c:/program files (x86)/atmel/studio/7.0/toolchain/arm/arm-gnu-toolchain/bin/../lib/gcc/arm-none-eabi/6.3.1/../../../../arm-none-eabi/lib/thumb/v7-m\libc.a(lib_a-lock.o)
 .text.__retarget_lock_release
                0x00000000        0x4 c:/program files (x86)/atmel/studio/7.0/toolchain/arm/arm-gnu-toolchain/bin/../lib/gcc/arm-none-eabi/6.3.1/../../../../arm-none-eabi/lib/thumb/v7-m\libc.a(lib_a-lock.o)
 .text          0x00000000        0x0 c:/program files (x86)/atmel/studio/7.0/toolchain/arm/arm-gnu-toolchain/bin/../lib/gcc/arm-none-eabi/6.3.1/../../../../arm-none-eabi/lib/thumb/v7-m\libc.a(lib_a-memchr-stub.o)
 .data          0x00000000        0x0 c:/program files (x86)/atmel/studio/7.0/toolchain/arm/arm-gnu-toolchain/bin/../lib/gcc/arm-none-eabi/6.3.1/../../../../arm-none-eabi/lib/thumb/v7-m\libc.a(lib_a-memchr-stub.o)
 .bss           0x00000000        0x0 c:/program files (x86)/atmel/studio/7.0/toolchain/arm/arm-gnu-toolchain/bin/../lib/gcc/arm-none-eabi/6.3.1/../../../../arm-none-eabi/lib/thumb/v7-m\libc.a(lib_a-memchr-stub.o)
 .text          0x00000000        0x0 c:/program files (x86)/atmel/studio/7.0/toolchain/arm/arm-gnu-toolchain/bin/../lib/gcc/arm-none-eabi/6.3.1/../../../../arm-none-eabi/lib/thumb/v7-m\libc.a(lib_a-memcmp.o)
 .data          0x00000000        0x0 c:/program files (x86)/atmel/studio/7.0/toolchain/arm/arm-gnu-toolchain/bin/../lib/gcc/arm-none-eabi/6.3.1/../../../../arm-none-eabi/lib/thumb/v7-m\libc.a(lib_a-memcmp.o)
 .bss           0x00000000        0x0 c:/program files (x86)/atmel/studio/7.0/toolchain/arm/arm-gnu-toolchain/bin/../lib/gcc/arm-none-eabi/6.3.1/../../../../arm-none-eabi/lib/thumb/v7-m\libc.a(lib_a-memcmp.o)
 .text          0x00000000        0x0 c:/program files (x86)/atmel/studio/7.0/toolchain/arm/arm-gnu-toolchain/bin/../lib/gcc/arm-none-eabi/6.3.1/../../../../arm-none-eabi/lib/thumb/v7-m\libc.a(lib_a-strchr.o)
 .data          0x00000000        0x0 c:/program files (x86)/atmel/studio/7.0/toolchain/arm/arm-gnu-toolchain/bin/../lib/gcc/arm-none-eabi/6.3.1/../../../../arm-none-eabi/lib/thumb/v7-m\libc.a(lib_a-strchr.o)
 .bss           0x00000000        0x0 c:/program files (x86)/atmel/studio/7.0/toolchain/arm/arm-gnu-toolchain/bin/../lib/gcc/arm-none-eabi/6.3.1/../../../../arm-none-eabi/lib/thumb/v7-m\libc.a(lib_a-strchr.o)
 .text          0x00000000        0x0 c:/program files (x86)/atmel/studio/7.0/toolchain/arm/arm-gnu-toolchain/bin/../lib/gcc/arm-none-eabi/6.3.1/../../../../arm-none-eabi/lib/thumb/v7-m\libc.a(lib_a-__atexit.o)
 .data          0x00000000        0x0 c:/program files (x86)/atmel/studio/7.0/toolchain/arm/arm-gnu-toolchain/bin/../lib/gcc/arm-none-eabi/6.3.1/../../../../arm-none-eabi/lib/thumb/v7-m\libc.a(lib_a-__atexit.o)
 .bss           0x00000000        0x0 c:/program files (x86)/atmel/studio/7.0/toolchain/arm/arm-gnu-toolchain/bin/../lib/gcc/arm-none-eabi/6.3.1/../../../../arm-none-eabi/lib/thumb/v7-m\libc.a(lib_a-__atexit.o)
 .text          0x00000000        0x0 c:/program files (x86)/atmel/studio/7.0/toolchain/arm/arm-gnu-toolchain/bin/../lib/gcc/arm-none-eabi/6.3.1/thumb/v7-m/crtend.o
 .data          0x00000000        0x0 c:/program files (x86)/atmel/studio/7.0/toolchain/arm/arm-gnu-toolchain/bin/../lib/gcc/arm-none-eabi/6.3.1/thumb/v7-m/crtend.o
 .bss           0x00000000        0x0 c:/program files (x86)/atmel/studio/7.0/toolchain/arm/arm-gnu-toolchain/bin/../lib/gcc/arm-none-eabi/6.3.1/thumb/v7-m/crtend.o
 .eh_frame      0x00000000        0x4 c:/program files (x86)/atmel/studio/7.0/toolchain/arm/arm-gnu-toolchain/bin/../lib/gcc/arm-none-eabi/6.3.1/thumb/v7-m/crtend.o
 .jcr           0x00000000        0x4 c:/program files (x86)/atmel/studio/7.0/toolchain/arm/arm-gnu-toolchain/bin/../lib/gcc/arm-none-eabi/6.3.1/thumb/v7-m/crtend.o
 .ARM.attributes
                0x00000000       0x2d c:/program files (x86)/atmel/studio/7.0/toolchain/arm/arm-gnu-toolchain/bin/../lib/gcc/arm-none-eabi/6.3.1/thumb/v7-m/crtend.o
 .text          0x00000000        0x0 c:/program files (x86)/atmel/studio/7.0/toolchain/arm/arm-gnu-toolchain/bin/../lib/gcc/arm-none-eabi/6.3.1/thumb/v7-m/crtn.o
 .data          0x00000000        0x0 c:/program files (x86)/atmel/studio/7.0/toolchain/arm/arm-gnu-toolchain/bin/../lib/gcc/arm-none-eabi/6.3.1/thumb/v7-m/crtn.o
 .bss           0x00000000        0x0 c:/program files (x86)/atmel/studio/7.0/toolchain/arm/arm-gnu-toolchain/bin/../lib/gcc/arm-none-eabi/6.3.1/thumb/v7-m/crtn.o

Memory Configuration

Name             Origin             Length             Attributes
rom              0x00400000         0x00040000         xr
ram              0x20000000         0x0000c000         xrw
*default*        0x00000000         0xffffffff

Linker script and memory map

LOAD c:/program files (x86)/atmel/studio/7.0/toolchain/arm/arm-gnu-toolchain/bin/../lib/gcc/arm-none-eabi/6.3.1/thumb/v7-m/crti.o
LOAD c:/program files (x86)/atmel/studio/7.0/toolchain/arm/arm-gnu-toolchain/bin/../lib/gcc/arm-none-eabi/6.3.1/thumb/v7-m/crtbegin.o
LOAD c:/program files (x86)/atmel/studio/7.0/toolchain/arm/arm-gnu-toolchain/bin/../lib/gcc/arm-none-eabi/6.3.1/../../../../arm-none-eabi/lib/thumb/v7-m/crt0.o
LOAD Device_Startup/startup_sam3s.o
LOAD Device_Startup/system_sam3s.o
LOAD main.o
START GROUP
LOAD c:/program files (x86)/atmel/studio/7.0/toolchain/arm/arm-gnu-toolchain/bin/../lib/gcc/arm-none-eabi/6.3.1/../../../../arm-none-eabi/lib/thumb/v7-m\libm.a
END GROUP
START GROUP
LOAD c:/program files (x86)/atmel/studio/7.0/toolchain/arm/arm-gnu-toolchain/bin/../lib/gcc/arm-none-eabi/6.3.1/thumb/v7-m\libgcc.a
LOAD c:/program files (x86)/atmel/studio/7.0/toolchain/arm/arm-gnu-toolchain/bin/../lib/gcc/arm-none-eabi/6.3.1/../../../../arm-none-eabi/lib/thumb/v7-m\libc.a
END GROUP
LOAD c:/program files (x86)/atmel/studio/7.0/toolchain/arm/arm-gnu-toolchain/bin/../lib/gcc/arm-none-eabi/6.3.1/thumb/v7-m/crtend.o
LOAD c:/program files (x86)/atmel/studio/7.0/toolchain/arm/arm-gnu-toolchain/bin/../lib/gcc/arm-none-eabi/6.3.1/thumb/v7-m/crtn.o
                0x00000400                STACK_SIZE = DEFINED (STACK_SIZE)?STACK_SIZE:0x400
                0x00000200                HEAP_SIZE = DEFINED (HEAP_SIZE)?HEAP_SIZE:0x200

.text           0x00400000     0x2640
                0x00400000                . = ALIGN (0x4)
                0x00400000                _sfixed = .
 *(.vectors .vectors.*)
 .vectors       0x00400000       0xcc Device_Startup/startup_sam3s.o
                0x00400000                exception_table
 *(.text .text.* .gnu.linkonce.t.*)
 .text          0x004000cc       0x6c c:/program files (x86)/atmel/studio/7.0/toolchain/arm/arm-gnu-toolchain/bin/../lib/gcc/arm-none-eabi/6.3.1/thumb/v7-m/crtbegin.o
 .text.Dummy_Handler
                0x00400138        0x2 Device_Startup/startup_sam3s.o
                0x00400138                DACC_Handler
                0x00400138                DebugMon_Handler
                0x00400138                HardFault_Handler
                0x00400138                TC2_Handler
                0x00400138                SPI_Handler
                0x00400138                SysTick_Handler
                0x00400138                TWI1_Handler
                0x00400138                PendSV_Handler
                0x00400138                NMI_Handler
                0x00400138                ADC_Handler
                0x00400138                CRCCU_Handler
                0x00400138                USART0_Handler
                0x00400138                RTT_Handler
                0x00400138                PIOB_Handler
                0x00400138                RTC_Handler
                0x00400138                UsageFault_Handler
                0x00400138                WDT_Handler
                0x00400138                TC1_Handler
                0x00400138                HSMCI_Handler
                0x00400138                UART1_Handler
                0x00400138                Dummy_Handler
                0x00400138                TWI0_Handler
                0x00400138                USART1_Handler
                0x00400138                PIOA_Handler
                0x00400138                SSC_Handler
                0x00400138                ACC_Handler
                0x00400138                PMC_Handler
                0x00400138                PWM_Handler
                0x00400138                MemManage_Handler
                0x00400138                SUPC_Handler
                0x00400138                SVC_Handler
                0x00400138                EFC_Handler
                0x00400138                UART0_Handler
                0x00400138                UDP_Handler
                0x00400138                BusFault_Handler
                0x00400138                RSTC_Handler
                0x00400138                TC0_Handler
 *fill*         0x0040013a        0x2 
 .text.Reset_Handler
                0x0040013c       0x88 Device_Startup/startup_sam3s.o
                0x0040013c                Reset_Handler
 .text.pioInit  0x004001c4       0x14 main.o
                0x004001c4                pioInit
 .text.pioPinMode
                0x004001d8       0xc8 main.o
                0x004001d8                pioPinMode
 .text.pioDigitalWrite
                0x004002a0       0x44 main.o
                0x004002a0                pioDigitalWrite
 .text.tcInit   0x004002e4       0x14 main.o
                0x004002e4                tcInit
 .text.tcChannelInit
                0x004002f8       0x5c main.o
                0x004002f8                tcChannelInit
 .text.tcDelayInit
                0x00400354       0x1c main.o
                0x00400354                tcDelayInit
 .text.spiInit  0x00400370       0x6c main.o
                0x00400370                spiInit
 .text.spiSendReceive
                0x004003dc       0x20 main.o
                0x004003dc                spiSendReceive
 .text.spiSendReceive16
                0x004003fc       0x1c main.o
                0x004003fc                spiSendReceive16
 .text.uartInit
                0x00400418       0x50 main.o
                0x00400418                uartInit
 .text.uartTx   0x00400468       0x14 main.o
                0x00400468                uartTx
 .text.uartRx   0x0040047c       0x18 main.o
                0x0040047c                uartRx
 .text.adcInit  0x00400494       0x30 main.o
                0x00400494                adcInit
 .text.adcChannelInit
                0x004004c4       0xd0 main.o
                0x004004c4                adcChannelInit
 *fill*         0x00400594        0x4 
 .text.adcRead  0x00400598       0x80 main.o
                0x00400598                adcRead
 .text.sendString
                0x00400618       0x1c main.o
                0x00400618                sendString
 .text.inString
                0x00400634       0x18 main.o
                0x00400634                inString
 .text.requestInString
                0x0040064c       0x1c main.o
                0x0040064c                requestInString
 .text.convertTemp
                0x00400668       0xe8 main.o
                0x00400668                convertTemp
 .text.convertPress
                0x00400750      0x210 main.o
                0x00400750                convertPress
 .text.updateButton
                0x00400960       0x40 main.o
                0x00400960                updateButton
 .text.initADC  0x004009a0       0x1c main.o
                0x004009a0                initADC
 .text.initSPI  0x004009bc       0x2c main.o
                0x004009bc                initSPI
 .text.initBMP  0x004009e8       0x44 main.o
                0x004009e8                initBMP
 .text.getTemperatureAndPressure
                0x00400a2c       0x8c main.o
                0x00400a2c                getTemperatureAndPressure
 .text.getLight
                0x00400ab8       0x18 main.o
                0x00400ab8                getLight
 .text.main     0x00400ad0      0x1e0 main.o
                0x00400ad0                main
 .text          0x00400cb0      0x370 c:/program files (x86)/atmel/studio/7.0/toolchain/arm/arm-gnu-toolchain/bin/../lib/gcc/arm-none-eabi/6.3.1/thumb/v7-m\libgcc.a(_arm_addsubdf3.o)
                0x00400cb0                __aeabi_drsub
                0x00400cb8                __aeabi_dsub
                0x00400cb8                __subdf3
                0x00400cbc                __aeabi_dadd
                0x00400cbc                __adddf3
                0x00400f34                __floatunsidf
                0x00400f34                __aeabi_ui2d
                0x00400f54                __floatsidf
                0x00400f54                __aeabi_i2d
                0x00400f78                __aeabi_f2d
                0x00400f78                __extendsfdf2
                0x00400fb4                __floatundidf
                0x00400fb4                __aeabi_ul2d
                0x00400fc4                __floatdidf
                0x00400fc4                __aeabi_l2d
 .text          0x00401020      0x424 c:/program files (x86)/atmel/studio/7.0/toolchain/arm/arm-gnu-toolchain/bin/../lib/gcc/arm-none-eabi/6.3.1/thumb/v7-m\libgcc.a(_arm_muldivdf3.o)
                0x00401020                __aeabi_dmul
                0x00401020                __muldf3
                0x00401274                __divdf3
                0x00401274                __aeabi_ddiv
 .text          0x00401444      0x110 c:/program files (x86)/atmel/studio/7.0/toolchain/arm/arm-gnu-toolchain/bin/../lib/gcc/arm-none-eabi/6.3.1/thumb/v7-m\libgcc.a(_arm_cmpdf2.o)
                0x00401444                __gtdf2
                0x00401444                __gedf2
                0x0040144c                __ltdf2
                0x0040144c                __ledf2
                0x00401454                __nedf2
                0x00401454                __eqdf2
                0x00401454                __cmpdf2
                0x004014d0                __aeabi_cdrcmple
                0x004014e0                __aeabi_cdcmpeq
                0x004014e0                __aeabi_cdcmple
                0x004014f0                __aeabi_dcmpeq
                0x00401504                __aeabi_dcmplt
                0x00401518                __aeabi_dcmple
                0x0040152c                __aeabi_dcmpge
                0x00401540                __aeabi_dcmpgt
 .text          0x00401554       0x50 c:/program files (x86)/atmel/studio/7.0/toolchain/arm/arm-gnu-toolchain/bin/../lib/gcc/arm-none-eabi/6.3.1/thumb/v7-m\libgcc.a(_arm_fixdfsi.o)
                0x00401554                __aeabi_d2iz
                0x00401554                __fixdfsi
 .text          0x004015a4       0xa0 c:/program files (x86)/atmel/studio/7.0/toolchain/arm/arm-gnu-toolchain/bin/../lib/gcc/arm-none-eabi/6.3.1/thumb/v7-m\libgcc.a(_arm_truncdfsf2.o)
                0x004015a4                __truncdfsf2
                0x004015a4                __aeabi_d2f
 .text          0x00401644      0x21c c:/program files (x86)/atmel/studio/7.0/toolchain/arm/arm-gnu-toolchain/bin/../lib/gcc/arm-none-eabi/6.3.1/thumb/v7-m\libgcc.a(_arm_addsubsf3.o)
                0x00401644                __aeabi_frsub
                0x0040164c                __subsf3
                0x0040164c                __aeabi_fsub
                0x00401650                __aeabi_fadd
                0x00401650                __addsf3
                0x004017b0                __aeabi_ui2f
                0x004017b0                __floatunsisf
                0x004017b8                __aeabi_i2f
                0x004017b8                __floatsisf
                0x004017d4                __aeabi_ul2f
                0x004017d4                __floatundisf
                0x004017e4                __aeabi_l2f
                0x004017e4                __floatdisf
 .text          0x00401860      0x2a0 c:/program files (x86)/atmel/studio/7.0/toolchain/arm/arm-gnu-toolchain/bin/../lib/gcc/arm-none-eabi/6.3.1/thumb/v7-m\libgcc.a(_arm_muldivsf3.o)
                0x00401860                __mulsf3
                0x00401860                __aeabi_fmul
                0x004019c8                __aeabi_fdiv
                0x004019c8                __divsf3
 .text          0x00401b00       0x4c c:/program files (x86)/atmel/studio/7.0/toolchain/arm/arm-gnu-toolchain/bin/../lib/gcc/arm-none-eabi/6.3.1/thumb/v7-m\libgcc.a(_arm_fixsfsi.o)
                0x00401b00                __aeabi_f2iz
                0x00401b00                __fixsfsi
 .text.__libc_init_array
                0x00401b4c       0x50 c:/program files (x86)/atmel/studio/7.0/toolchain/arm/arm-gnu-toolchain/bin/../lib/gcc/arm-none-eabi/6.3.1/../../../../arm-none-eabi/lib/thumb/v7-m\libc.a(lib_a-init.o)
                0x00401b4c                __libc_init_array
 .text.__itoa   0x00401b9c       0x30 c:/program files (x86)/atmel/studio/7.0/toolchain/arm/arm-gnu-toolchain/bin/../lib/gcc/arm-none-eabi/6.3.1/../../../../arm-none-eabi/lib/thumb/v7-m\libc.a(lib_a-itoa.o)
                0x00401b9c                __itoa
 .text.itoa     0x00401bcc        0x4 c:/program files (x86)/atmel/studio/7.0/toolchain/arm/arm-gnu-toolchain/bin/../lib/gcc/arm-none-eabi/6.3.1/../../../../arm-none-eabi/lib/thumb/v7-m\libc.a(lib_a-itoa.o)
                0x00401bcc                itoa
 .text.critical_factorization
                0x00401bd0       0xb4 c:/program files (x86)/atmel/studio/7.0/toolchain/arm/arm-gnu-toolchain/bin/../lib/gcc/arm-none-eabi/6.3.1/../../../../arm-none-eabi/lib/thumb/v7-m\libc.a(lib_a-strstr.o)
 .text.two_way_long_needle
                0x00401c84      0x1fc c:/program files (x86)/atmel/studio/7.0/toolchain/arm/arm-gnu-toolchain/bin/../lib/gcc/arm-none-eabi/6.3.1/../../../../arm-none-eabi/lib/thumb/v7-m\libc.a(lib_a-strstr.o)
 .text.strstr   0x00401e80      0x218 c:/program files (x86)/atmel/studio/7.0/toolchain/arm/arm-gnu-toolchain/bin/../lib/gcc/arm-none-eabi/6.3.1/../../../../arm-none-eabi/lib/thumb/v7-m\libc.a(lib_a-strstr.o)
                0x00401e80                strstr
 .text.__utoa   0x00402098       0x80 c:/program files (x86)/atmel/studio/7.0/toolchain/arm/arm-gnu-toolchain/bin/../lib/gcc/arm-none-eabi/6.3.1/../../../../arm-none-eabi/lib/thumb/v7-m\libc.a(lib_a-utoa.o)
                0x00402098                __utoa
 .text.startup.register_fini
                0x00402118       0x14 c:/program files (x86)/atmel/studio/7.0/toolchain/arm/arm-gnu-toolchain/bin/../lib/gcc/arm-none-eabi/6.3.1/../../../../arm-none-eabi/lib/thumb/v7-m\libc.a(lib_a-__call_atexit.o)
 .text.atexit   0x0040212c        0xc c:/program files (x86)/atmel/studio/7.0/toolchain/arm/arm-gnu-toolchain/bin/../lib/gcc/arm-none-eabi/6.3.1/../../../../arm-none-eabi/lib/thumb/v7-m\libc.a(lib_a-atexit.o)
                0x0040212c                atexit
 .text.__libc_fini_array
                0x00402138       0x34 c:/program files (x86)/atmel/studio/7.0/toolchain/arm/arm-gnu-toolchain/bin/../lib/gcc/arm-none-eabi/6.3.1/../../../../arm-none-eabi/lib/thumb/v7-m\libc.a(lib_a-fini.o)
                0x00402138                __libc_fini_array
 .text.__retarget_lock_acquire_recursive
                0x0040216c        0x4 c:/program files (x86)/atmel/studio/7.0/toolchain/arm/arm-gnu-toolchain/bin/../lib/gcc/arm-none-eabi/6.3.1/../../../../arm-none-eabi/lib/thumb/v7-m\libc.a(lib_a-lock.o)
                0x0040216c                __retarget_lock_acquire_recursive
 .text.__retarget_lock_release_recursive
                0x00402170        0x4 c:/program files (x86)/atmel/studio/7.0/toolchain/arm/arm-gnu-toolchain/bin/../lib/gcc/arm-none-eabi/6.3.1/../../../../arm-none-eabi/lib/thumb/v7-m\libc.a(lib_a-lock.o)
                0x00402170                __retarget_lock_release_recursive
 .text.memchr   0x00402174       0x8c c:/program files (x86)/atmel/studio/7.0/toolchain/arm/arm-gnu-toolchain/bin/../lib/gcc/arm-none-eabi/6.3.1/../../../../arm-none-eabi/lib/thumb/v7-m\libc.a(lib_a-memchr-stub.o)
                0x00402174                memchr
 .text.memcmp   0x00402200       0x60 c:/program files (x86)/atmel/studio/7.0/toolchain/arm/arm-gnu-toolchain/bin/../lib/gcc/arm-none-eabi/6.3.1/../../../../arm-none-eabi/lib/thumb/v7-m\libc.a(lib_a-memcmp.o)
                0x00402200                memcmp
 .text.strchr   0x00402260       0xe8 c:/program files (x86)/atmel/studio/7.0/toolchain/arm/arm-gnu-toolchain/bin/../lib/gcc/arm-none-eabi/6.3.1/../../../../arm-none-eabi/lib/thumb/v7-m\libc.a(lib_a-strchr.o)
                0x00402260                strchr
 .text.__register_exitproc
                0x00402348       0xc4 c:/program files (x86)/atmel/studio/7.0/toolchain/arm/arm-gnu-toolchain/bin/../lib/gcc/arm-none-eabi/6.3.1/../../../../arm-none-eabi/lib/thumb/v7-m\libc.a(lib_a-__atexit.o)
                0x00402348                __register_exitproc
 *(.glue_7t)
 .glue_7t       0x0040240c        0x0 linker stubs
 *(.glue_7)
 .glue_7        0x0040240c        0x0 linker stubs
 *(.rodata .rodata* .gnu.linkonce.r.*)
 .rodata        0x0040240c       0x4c main.o
 .rodata.str1.4
                0x00402458      0x198 main.o
 .rodata._global_impure_ptr
                0x004025f0        0x4 c:/program files (x86)/atmel/studio/7.0/toolchain/arm/arm-gnu-toolchain/bin/../lib/gcc/arm-none-eabi/6.3.1/../../../../arm-none-eabi/lib/thumb/v7-m\libc.a(lib_a-impure.o)
                0x004025f0                _global_impure_ptr
 .rodata.__utoa.str1.4
                0x004025f4       0x28 c:/program files (x86)/atmel/studio/7.0/toolchain/arm/arm-gnu-toolchain/bin/../lib/gcc/arm-none-eabi/6.3.1/../../../../arm-none-eabi/lib/thumb/v7-m\libc.a(lib_a-utoa.o)
                                 0x25 (size before relaxing)
 *(.ARM.extab* .gnu.linkonce.armextab.*)
                0x0040261c                . = ALIGN (0x4)
 *(.init)
 .init          0x0040261c        0x4 c:/program files (x86)/atmel/studio/7.0/toolchain/arm/arm-gnu-toolchain/bin/../lib/gcc/arm-none-eabi/6.3.1/thumb/v7-m/crti.o
                0x0040261c                _init
 .init          0x00402620        0x8 c:/program files (x86)/atmel/studio/7.0/toolchain/arm/arm-gnu-toolchain/bin/../lib/gcc/arm-none-eabi/6.3.1/thumb/v7-m/crtn.o
                0x00402628                . = ALIGN (0x4)
                0x00402628                __preinit_array_start = .
 *(.preinit_array)
                0x00402628                __preinit_array_end = .
                0x00402628                . = ALIGN (0x4)
                0x00402628                __init_array_start = .
 *(SORT(.init_array.*))
 .init_array.00000
                0x00402628        0x4 c:/program files (x86)/atmel/studio/7.0/toolchain/arm/arm-gnu-toolchain/bin/../lib/gcc/arm-none-eabi/6.3.1/../../../../arm-none-eabi/lib/thumb/v7-m\libc.a(lib_a-__call_atexit.o)
 *(.init_array)
 .init_array    0x0040262c        0x4 c:/program files (x86)/atmel/studio/7.0/toolchain/arm/arm-gnu-toolchain/bin/../lib/gcc/arm-none-eabi/6.3.1/thumb/v7-m/crtbegin.o
                0x00402630                __init_array_end = .
                0x00402630                . = ALIGN (0x4)
 *crtbegin.o(.ctors)
 *(EXCLUDE_FILE(*crtend.o) .ctors)
 *(SORT(.ctors.*))
 *crtend.o(.ctors)
                0x00402630                . = ALIGN (0x4)
 *(.fini)
 .fini          0x00402630        0x4 c:/program files (x86)/atmel/studio/7.0/toolchain/arm/arm-gnu-toolchain/bin/../lib/gcc/arm-none-eabi/6.3.1/thumb/v7-m/crti.o
                0x00402630                _fini
 .fini          0x00402634        0x8 c:/program files (x86)/atmel/studio/7.0/toolchain/arm/arm-gnu-toolchain/bin/../lib/gcc/arm-none-eabi/6.3.1/thumb/v7-m/crtn.o
                0x0040263c                . = ALIGN (0x4)
                0x0040263c                __fini_array_start = .
 *(.fini_array)
 .fini_array    0x0040263c        0x4 c:/program files (x86)/atmel/studio/7.0/toolchain/arm/arm-gnu-toolchain/bin/../lib/gcc/arm-none-eabi/6.3.1/thumb/v7-m/crtbegin.o
 *(SORT(.fini_array.*))
                0x00402640                __fini_array_end = .
 *crtbegin.o(.dtors)
 *(EXCLUDE_FILE(*crtend.o) .dtors)
 *(SORT(.dtors.*))
 *crtend.o(.dtors)
                0x00402640                . = ALIGN (0x4)
                0x00402640                _efixed = .
                [!provide]                PROVIDE (__exidx_start, .)

.vfp11_veneer   0x00402640        0x0
 .vfp11_veneer  0x00402640        0x0 linker stubs

.v4_bx          0x00402640        0x0
 .v4_bx         0x00402640        0x0 linker stubs

.iplt           0x00402640        0x0
 .iplt          0x00402640        0x0 c:/program files (x86)/atmel/studio/7.0/toolchain/arm/arm-gnu-toolchain/bin/../lib/gcc/arm-none-eabi/6.3.1/thumb/v7-m/crtbegin.o

.eh_frame       0x00402640        0x0
 .eh_frame      0x00402640        0x0 c:/program files (x86)/atmel/studio/7.0/toolchain/arm/arm-gnu-toolchain/bin/../lib/gcc/arm-none-eabi/6.3.1/thumb/v7-m/crtbegin.o

.rel.dyn        0x00402640        0x0
 .rel.iplt      0x00402640        0x0 c:/program files (x86)/atmel/studio/7.0/toolchain/arm/arm-gnu-toolchain/bin/../lib/gcc/arm-none-eabi/6.3.1/thumb/v7-m/crtbegin.o

.jcr            0x00402640        0x0
 .jcr           0x00402640        0x0 c:/program files (x86)/atmel/studio/7.0/toolchain/arm/arm-gnu-toolchain/bin/../lib/gcc/arm-none-eabi/6.3.1/thumb/v7-m/crtbegin.o

.igot.plt       0x00402640        0x0
 .igot.plt      0x00402640        0x0 c:/program files (x86)/atmel/studio/7.0/toolchain/arm/arm-gnu-toolchain/bin/../lib/gcc/arm-none-eabi/6.3.1/thumb/v7-m/crtbegin.o

.ARM.exidx
 *(.ARM.exidx* .gnu.linkonce.armexidx.*)
                [!provide]                PROVIDE (__exidx_end, .)
                0x00402640                . = ALIGN (0x4)
                0x00402640                _etext = .

.relocate       0x20000000      0x43c load address 0x00402640
                0x20000000                . = ALIGN (0x4)
                0x20000000                _srelocate = .
 *(.ramfunc .ramfunc.*)
 *(.data .data.*)
 .data          0x20000000        0xc main.o
                0x20000000                webpageStart
                0x20000004                ledStr
                0x20000008                webpageEnd
 *fill*         0x2000000c        0x4 
 .data.impure_data
                0x20000010      0x428 c:/program files (x86)/atmel/studio/7.0/toolchain/arm/arm-gnu-toolchain/bin/../lib/gcc/arm-none-eabi/6.3.1/../../../../arm-none-eabi/lib/thumb/v7-m\libc.a(lib_a-impure.o)
 .data.__atexit_recursive_mutex
                0x20000438        0x4 c:/program files (x86)/atmel/studio/7.0/toolchain/arm/arm-gnu-toolchain/bin/../lib/gcc/arm-none-eabi/6.3.1/../../../../arm-none-eabi/lib/thumb/v7-m\libc.a(lib_a-__call_atexit.o)
                0x20000438                __atexit_recursive_mutex
                0x2000043c                . = ALIGN (0x4)
                0x2000043c                _erelocate = .

.bss            0x20000440       0x64 load address 0x00402a80
                0x20000440                . = ALIGN (0x4)
                0x20000440                _sbss = .
                0x20000440                _szero = .
 *(.bss .bss.*)
 .bss           0x20000440       0x1c c:/program files (x86)/atmel/studio/7.0/toolchain/arm/arm-gnu-toolchain/bin/../lib/gcc/arm-none-eabi/6.3.1/thumb/v7-m/crtbegin.o
 *fill*         0x2000045c        0x4 
 .bss           0x20000460       0x1d main.o
                0x20000460                t_fine
                0x20000468                temp
                0x20000470                press
                0x20000478                light
                0x2000047c                id
 *(COMMON)
 *fill*         0x2000047d        0x3 
 COMMON         0x20000480       0x21 c:/program files (x86)/atmel/studio/7.0/toolchain/arm/arm-gnu-toolchain/bin/../lib/gcc/arm-none-eabi/6.3.1/../../../../arm-none-eabi/lib/thumb/v7-m\libc.a(lib_a-lock.o)
                0x20000480                __lock___atexit_recursive_mutex
                0x20000484                __lock___arc4random_mutex
                0x20000488                __lock___env_recursive_mutex
                0x2000048c                __lock___sinit_recursive_mutex
                0x20000490                __lock___malloc_recursive_mutex
                0x20000494                __lock___at_quick_exit_mutex
                0x20000498                __lock___dd_hash_mutex
                0x2000049c                __lock___tz_mutex
                0x200004a0                __lock___sfp_recursive_mutex
                0x200004a4                . = ALIGN (0x4)
 *fill*         0x200004a1        0x3 
                0x200004a4                _ebss = .
                0x200004a4                _ezero = .

.stack          0x200004a4      0x404 load address 0x00402ae4
                0x200004a8                . = ALIGN (0x8)
 *fill*         0x200004a4        0x4 
                0x200004a8                _sstack = .
                0x200008a8                . = (. + STACK_SIZE)
 *fill*         0x200004a8      0x400 
                0x200008a8                . = ALIGN (0x8)
                0x200008a8                _estack = .

.heap           0x200008a8      0x200 load address 0x00402ee8
                0x200008a8                . = ALIGN (0x8)
                0x200008a8                _sheap = .
                0x20000aa8                . = (. + HEAP_SIZE)
 *fill*         0x200008a8      0x200 
                0x20000aa8                . = ALIGN (0x8)
                0x20000aa8                _eheap = .
                0x20000aa8                . = ALIGN (0x4)
                0x20000aa8                _end = .
                0x2000bfff                _ram_end_ = ((ORIGIN (ram) + LENGTH (ram)) - 0x1)
OUTPUT(lab6_starter.elf elf32-littlearm)

.ARM.attributes
                0x00000000       0x29
 .ARM.attributes
                0x00000000       0x1d c:/program files (x86)/atmel/studio/7.0/toolchain/arm/arm-gnu-toolchain/bin/../lib/gcc/arm-none-eabi/6.3.1/thumb/v7-m/crti.o
 .ARM.attributes
                0x0000001d       0x2d c:/program files (x86)/atmel/studio/7.0/toolchain/arm/arm-gnu-toolchain/bin/../lib/gcc/arm-none-eabi/6.3.1/thumb/v7-m/crtbegin.o
 .ARM.attributes
                0x0000004a       0x33 Device_Startup/startup_sam3s.o
 .ARM.attributes
                0x0000007d       0x33 main.o
 .ARM.attributes
                0x000000b0       0x1d c:/program files (x86)/atmel/studio/7.0/toolchain/arm/arm-gnu-toolchain/bin/../lib/gcc/arm-none-eabi/6.3.1/thumb/v7-m\libgcc.a(_arm_addsubdf3.o)
 .ARM.attributes
                0x000000cd       0x1d c:/program files (x86)/atmel/studio/7.0/toolchain/arm/arm-gnu-toolchain/bin/../lib/gcc/arm-none-eabi/6.3.1/thumb/v7-m\libgcc.a(_arm_muldivdf3.o)
 .ARM.attributes
                0x000000ea       0x1d c:/program files (x86)/atmel/studio/7.0/toolchain/arm/arm-gnu-toolchain/bin/../lib/gcc/arm-none-eabi/6.3.1/thumb/v7-m\libgcc.a(_arm_cmpdf2.o)
 .ARM.attributes
                0x00000107       0x1d c:/program files (x86)/atmel/studio/7.0/toolchain/arm/arm-gnu-toolchain/bin/../lib/gcc/arm-none-eabi/6.3.1/thumb/v7-m\libgcc.a(_arm_fixdfsi.o)
 .ARM.attributes
                0x00000124       0x1d c:/program files (x86)/atmel/studio/7.0/toolchain/arm/arm-gnu-toolchain/bin/../lib/gcc/arm-none-eabi/6.3.1/thumb/v7-m\libgcc.a(_arm_truncdfsf2.o)
 .ARM.attributes
                0x00000141       0x1d c:/program files (x86)/atmel/studio/7.0/toolchain/arm/arm-gnu-toolchain/bin/../lib/gcc/arm-none-eabi/6.3.1/thumb/v7-m\libgcc.a(_arm_addsubsf3.o)
 .ARM.attributes
                0x0000015e       0x1d c:/program files (x86)/atmel/studio/7.0/toolchain/arm/arm-gnu-toolchain/bin/../lib/gcc/arm-none-eabi/6.3.1/thumb/v7-m\libgcc.a(_arm_muldivsf3.o)
 .ARM.attributes
                0x0000017b       0x1d c:/program files (x86)/atmel/studio/7.0/toolchain/arm/arm-gnu-toolchain/bin/../lib/gcc/arm-none-eabi/6.3.1/thumb/v7-m\libgcc.a(_arm_fixsfsi.o)
 .ARM.attributes
                0x00000198       0x2d c:/program files (x86)/atmel/studio/7.0/toolchain/arm/arm-gnu-toolchain/bin/../lib/gcc/arm-none-eabi/6.3.1/../../../../arm-none-eabi/lib/thumb/v7-m\libc.a(lib_a-impure.o)
 .ARM.attributes
                0x000001c5       0x2d c:/program files (x86)/atmel/studio/7.0/toolchain/arm/arm-gnu-toolchain/bin/../lib/gcc/arm-none-eabi/6.3.1/../../../../arm-none-eabi/lib/thumb/v7-m\libc.a(lib_a-init.o)
 .ARM.attributes
                0x000001f2       0x2d c:/program files (x86)/atmel/studio/7.0/toolchain/arm/arm-gnu-toolchain/bin/../lib/gcc/arm-none-eabi/6.3.1/../../../../arm-none-eabi/lib/thumb/v7-m\libc.a(lib_a-itoa.o)
 .ARM.attributes
                0x0000021f       0x2d c:/program files (x86)/atmel/studio/7.0/toolchain/arm/arm-gnu-toolchain/bin/../lib/gcc/arm-none-eabi/6.3.1/../../../../arm-none-eabi/lib/thumb/v7-m\libc.a(lib_a-strstr.o)
 .ARM.attributes
                0x0000024c       0x2d c:/program files (x86)/atmel/studio/7.0/toolchain/arm/arm-gnu-toolchain/bin/../lib/gcc/arm-none-eabi/6.3.1/../../../../arm-none-eabi/lib/thumb/v7-m\libc.a(lib_a-utoa.o)
 .ARM.attributes
                0x00000279       0x2d c:/program files (x86)/atmel/studio/7.0/toolchain/arm/arm-gnu-toolchain/bin/../lib/gcc/arm-none-eabi/6.3.1/../../../../arm-none-eabi/lib/thumb/v7-m\libc.a(lib_a-__call_atexit.o)
 .ARM.attributes
                0x000002a6       0x2d c:/program files (x86)/atmel/studio/7.0/toolchain/arm/arm-gnu-toolchain/bin/../lib/gcc/arm-none-eabi/6.3.1/../../../../arm-none-eabi/lib/thumb/v7-m\libc.a(lib_a-atexit.o)
 .ARM.attributes
                0x000002d3       0x2d c:/program files (x86)/atmel/studio/7.0/toolchain/arm/arm-gnu-toolchain/bin/../lib/gcc/arm-none-eabi/6.3.1/../../../../arm-none-eabi/lib/thumb/v7-m\libc.a(lib_a-fini.o)
 .ARM.attributes
                0x00000300       0x2d c:/program files (x86)/atmel/studio/7.0/toolchain/arm/arm-gnu-toolchain/bin/../lib/gcc/arm-none-eabi/6.3.1/../../../../arm-none-eabi/lib/thumb/v7-m\libc.a(lib_a-lock.o)
 .ARM.attributes
                0x0000032d       0x2d c:/program files (x86)/atmel/studio/7.0/toolchain/arm/arm-gnu-toolchain/bin/../lib/gcc/arm-none-eabi/6.3.1/../../../../arm-none-eabi/lib/thumb/v7-m\libc.a(lib_a-memchr-stub.o)
 .ARM.attributes
                0x0000035a       0x2d c:/program files (x86)/atmel/studio/7.0/toolchain/arm/arm-gnu-toolchain/bin/../lib/gcc/arm-none-eabi/6.3.1/../../../../arm-none-eabi/lib/thumb/v7-m\libc.a(lib_a-memcmp.o)
 .ARM.attributes
                0x00000387       0x2d c:/program files (x86)/atmel/studio/7.0/toolchain/arm/arm-gnu-toolchain/bin/../lib/gcc/arm-none-eabi/6.3.1/../../../../arm-none-eabi/lib/thumb/v7-m\libc.a(lib_a-strchr.o)
 .ARM.attributes
                0x000003b4       0x2d c:/program files (x86)/atmel/studio/7.0/toolchain/arm/arm-gnu-toolchain/bin/../lib/gcc/arm-none-eabi/6.3.1/../../../../arm-none-eabi/lib/thumb/v7-m\libc.a(lib_a-__atexit.o)
 .ARM.attributes
                0x000003e1       0x1d c:/program files (x86)/atmel/studio/7.0/toolchain/arm/arm-gnu-toolchain/bin/../lib/gcc/arm-none-eabi/6.3.1/thumb/v7-m/crtn.o

.comment        0x00000000       0x59
 .comment       0x00000000       0x59 Device_Startup/startup_sam3s.o
                                 0x5a (size before relaxing)
 .comment       0x00000059       0x5a main.o

.debug_info     0x00000000     0x4eab
 .debug_info    0x00000000      0x6b4 Device_Startup/startup_sam3s.o
 .debug_info    0x000006b4     0x47f7 main.o

.debug_abbrev   0x00000000      0x6ed
 .debug_abbrev  0x00000000      0x153 Device_Startup/startup_sam3s.o
 .debug_abbrev  0x00000153      0x59a main.o

.debug_loc      0x00000000     0x1bf7
 .debug_loc     0x00000000       0x6b Device_Startup/startup_sam3s.o
 .debug_loc     0x0000006b     0x1b8c main.o

.debug_aranges  0x00000000      0x230
 .debug_aranges
                0x00000000       0x28 Device_Startup/startup_sam3s.o
 .debug_aranges
                0x00000028      0x208 main.o

.debug_ranges   0x00000000      0x228
 .debug_ranges  0x00000000       0x18 Device_Startup/startup_sam3s.o
 .debug_ranges  0x00000018      0x210 main.o

.debug_macro    0x00000000     0xc6de
 .debug_macro   0x00000000      0x2cf Device_Startup/startup_sam3s.o
 .debug_macro   0x000002cf      0x8b0 Device_Startup/startup_sam3s.o
 .debug_macro   0x00000b7f       0x22 Device_Startup/startup_sam3s.o
 .debug_macro   0x00000ba1       0x87 Device_Startup/startup_sam3s.o
 .debug_macro   0x00000c28       0x51 Device_Startup/startup_sam3s.o
 .debug_macro   0x00000c79       0xef Device_Startup/startup_sam3s.o
 .debug_macro   0x00000d68       0x6a Device_Startup/startup_sam3s.o
 .debug_macro   0x00000dd2      0x1df Device_Startup/startup_sam3s.o
 .debug_macro   0x00000fb1       0x20 Device_Startup/startup_sam3s.o
 .debug_macro   0x00000fd1       0x28 Device_Startup/startup_sam3s.o
 .debug_macro   0x00000ff9       0x93 Device_Startup/startup_sam3s.o
 .debug_macro   0x0000108c      0xe18 Device_Startup/startup_sam3s.o
 .debug_macro   0x00001ea4      0x166 Device_Startup/startup_sam3s.o
 .debug_macro   0x0000200a      0x94f Device_Startup/startup_sam3s.o
 .debug_macro   0x00002959      0x283 Device_Startup/startup_sam3s.o
 .debug_macro   0x00002bdc       0xb2 Device_Startup/startup_sam3s.o
 .debug_macro   0x00002c8e      0x366 Device_Startup/startup_sam3s.o
 .debug_macro   0x00002ff4       0xe2 Device_Startup/startup_sam3s.o
 .debug_macro   0x000030d6       0x1c Device_Startup/startup_sam3s.o
 .debug_macro   0x000030f2      0x78c Device_Startup/startup_sam3s.o
 .debug_macro   0x0000387e      0x2c4 Device_Startup/startup_sam3s.o
 .debug_macro   0x00003b42       0xbe Device_Startup/startup_sam3s.o
 .debug_macro   0x00003c00     0x2664 Device_Startup/startup_sam3s.o
 .debug_macro   0x00006264      0x738 Device_Startup/startup_sam3s.o
 .debug_macro   0x0000699c      0xa80 Device_Startup/startup_sam3s.o
 .debug_macro   0x0000741c       0x7c Device_Startup/startup_sam3s.o
 .debug_macro   0x00007498      0x28c Device_Startup/startup_sam3s.o
 .debug_macro   0x00007724       0x58 Device_Startup/startup_sam3s.o
 .debug_macro   0x0000777c      0x386 Device_Startup/startup_sam3s.o
 .debug_macro   0x00007b02      0x64e Device_Startup/startup_sam3s.o
 .debug_macro   0x00008150      0x5ef Device_Startup/startup_sam3s.o
 .debug_macro   0x0000873f      0x61c Device_Startup/startup_sam3s.o
 .debug_macro   0x00008d5b      0x346 Device_Startup/startup_sam3s.o
 .debug_macro   0x000090a1      0x28c Device_Startup/startup_sam3s.o
 .debug_macro   0x0000932d      0x2cf Device_Startup/startup_sam3s.o
 .debug_macro   0x000095fc      0x709 Device_Startup/startup_sam3s.o
 .debug_macro   0x00009d05       0x7c Device_Startup/startup_sam3s.o
 .debug_macro   0x00009d81       0xb8 Device_Startup/startup_sam3s.o
 .debug_macro   0x00009e39       0xb2 Device_Startup/startup_sam3s.o
 .debug_macro   0x00009eeb       0x88 Device_Startup/startup_sam3s.o
 .debug_macro   0x00009f73      0x100 Device_Startup/startup_sam3s.o
 .debug_macro   0x0000a073       0x88 Device_Startup/startup_sam3s.o
 .debug_macro   0x0000a0fb       0x88 Device_Startup/startup_sam3s.o
 .debug_macro   0x0000a183      0x2cd Device_Startup/startup_sam3s.o
 .debug_macro   0x0000a450       0xb2 Device_Startup/startup_sam3s.o
 .debug_macro   0x0000a502       0xb2 Device_Startup/startup_sam3s.o
 .debug_macro   0x0000a5b4       0x52 Device_Startup/startup_sam3s.o
 .debug_macro   0x0000a606       0xa6 Device_Startup/startup_sam3s.o
 .debug_macro   0x0000a6ac       0x7c Device_Startup/startup_sam3s.o
 .debug_macro   0x0000a728       0x40 Device_Startup/startup_sam3s.o
 .debug_macro   0x0000a768       0x64 Device_Startup/startup_sam3s.o
 .debug_macro   0x0000a7cc       0x4c Device_Startup/startup_sam3s.o
 .debug_macro   0x0000a818       0xa6 Device_Startup/startup_sam3s.o
 .debug_macro   0x0000a8be       0x7c Device_Startup/startup_sam3s.o
 .debug_macro   0x0000a93a       0x16 Device_Startup/startup_sam3s.o
 .debug_macro   0x0000a950       0x7c Device_Startup/startup_sam3s.o
 .debug_macro   0x0000a9cc       0x22 Device_Startup/startup_sam3s.o
 .debug_macro   0x0000a9ee      0x14e Device_Startup/startup_sam3s.o
 .debug_macro   0x0000ab3c      0x11e Device_Startup/startup_sam3s.o
 .debug_macro   0x0000ac5a       0x1c Device_Startup/startup_sam3s.o
 .debug_macro   0x0000ac76       0x2e Device_Startup/startup_sam3s.o
 .debug_macro   0x0000aca4       0x22 Device_Startup/startup_sam3s.o
 .debug_macro   0x0000acc6       0x1c Device_Startup/startup_sam3s.o
 .debug_macro   0x0000ace2       0x52 Device_Startup/startup_sam3s.o
 .debug_macro   0x0000ad34       0x10 Device_Startup/startup_sam3s.o
 .debug_macro   0x0000ad44      0x1e7 Device_Startup/startup_sam3s.o
 .debug_macro   0x0000af2b      0x5e5 Device_Startup/startup_sam3s.o
 .debug_macro   0x0000b510       0xf2 Device_Startup/startup_sam3s.o
 .debug_macro   0x0000b602      0x1cb main.o
 .debug_macro   0x0000b7cd       0x16 main.o
 .debug_macro   0x0000b7e3      0x12f main.o
 .debug_macro   0x0000b912      0x1c5 main.o
 .debug_macro   0x0000bad7       0xc0 main.o
 .debug_macro   0x0000bb97       0x1e main.o
 .debug_macro   0x0000bbb5       0x46 main.o
 .debug_macro   0x0000bbfb       0xdf main.o
 .debug_macro   0x0000bcda       0xe8 main.o
 .debug_macro   0x0000bdc2       0x22 main.o
 .debug_macro   0x0000bde4       0x16 main.o
 .debug_macro   0x0000bdfa       0x58 main.o
 .debug_macro   0x0000be52       0x35 main.o
 .debug_macro   0x0000be87       0x9c main.o
 .debug_macro   0x0000bf23      0x16d main.o
 .debug_macro   0x0000c090       0x58 main.o
 .debug_macro   0x0000c0e8       0x1f main.o
 .debug_macro   0x0000c107       0x43 main.o
 .debug_macro   0x0000c14a       0x20 main.o
 .debug_macro   0x0000c16a      0x187 main.o
 .debug_macro   0x0000c2f1      0x353 main.o
 .debug_macro   0x0000c644       0x10 main.o
 .debug_macro   0x0000c654       0x35 main.o
 .debug_macro   0x0000c689       0x16 main.o
 .debug_macro   0x0000c69f       0x16 main.o
 .debug_macro   0x0000c6b5       0x29 main.o

.debug_line     0x00000000     0x110d
 .debug_line    0x00000000      0x68c Device_Startup/startup_sam3s.o
 .debug_line    0x0000068c      0xa81 main.o

.debug_str      0x00000000    0x3d066
 .debug_str     0x00000000    0x37e09 Device_Startup/startup_sam3s.o
                              0x3815d (size before relaxing)
 .debug_str     0x00037e09     0x525d main.o
                               0x8860 (size before relaxing)

.debug_frame    0x00000000      0xc48
 .debug_frame   0x00000000       0x38 Device_Startup/startup_sam3s.o
 .debug_frame   0x00000038      0x580 main.o
 .debug_frame   0x000005b8       0xac c:/program files (x86)/atmel/studio/7.0/toolchain/arm/arm-gnu-toolchain/bin/../lib/gcc/arm-none-eabi/6.3.1/thumb/v7-m\libgcc.a(_arm_addsubdf3.o)
 .debug_frame   0x00000664       0x50 c:/program files (x86)/atmel/studio/7.0/toolchain/arm/arm-gnu-toolchain/bin/../lib/gcc/arm-none-eabi/6.3.1/thumb/v7-m\libgcc.a(_arm_muldivdf3.o)
 .debug_frame   0x000006b4       0xc4 c:/program files (x86)/atmel/studio/7.0/toolchain/arm/arm-gnu-toolchain/bin/../lib/gcc/arm-none-eabi/6.3.1/thumb/v7-m\libgcc.a(_arm_cmpdf2.o)
 .debug_frame   0x00000778       0x24 c:/program files (x86)/atmel/studio/7.0/toolchain/arm/arm-gnu-toolchain/bin/../lib/gcc/arm-none-eabi/6.3.1/thumb/v7-m\libgcc.a(_arm_fixdfsi.o)
 .debug_frame   0x0000079c       0x24 c:/program files (x86)/atmel/studio/7.0/toolchain/arm/arm-gnu-toolchain/bin/../lib/gcc/arm-none-eabi/6.3.1/thumb/v7-m\libgcc.a(_arm_truncdfsf2.o)
 .debug_frame   0x000007c0       0x4c c:/program files (x86)/atmel/studio/7.0/toolchain/arm/arm-gnu-toolchain/bin/../lib/gcc/arm-none-eabi/6.3.1/thumb/v7-m\libgcc.a(_arm_addsubsf3.o)
 .debug_frame   0x0000080c       0x38 c:/program files (x86)/atmel/studio/7.0/toolchain/arm/arm-gnu-toolchain/bin/../lib/gcc/arm-none-eabi/6.3.1/thumb/v7-m\libgcc.a(_arm_muldivsf3.o)
 .debug_frame   0x00000844       0x24 c:/program files (x86)/atmel/studio/7.0/toolchain/arm/arm-gnu-toolchain/bin/../lib/gcc/arm-none-eabi/6.3.1/thumb/v7-m\libgcc.a(_arm_fixsfsi.o)
 .debug_frame   0x00000868       0x2c c:/program files (x86)/atmel/studio/7.0/toolchain/arm/arm-gnu-toolchain/bin/../lib/gcc/arm-none-eabi/6.3.1/../../../../arm-none-eabi/lib/thumb/v7-m\libc.a(lib_a-init.o)
 .debug_frame   0x00000894       0x3c c:/program files (x86)/atmel/studio/7.0/toolchain/arm/arm-gnu-toolchain/bin/../lib/gcc/arm-none-eabi/6.3.1/../../../../arm-none-eabi/lib/thumb/v7-m\libc.a(lib_a-itoa.o)
 .debug_frame   0x000008d0       0xd8 c:/program files (x86)/atmel/studio/7.0/toolchain/arm/arm-gnu-toolchain/bin/../lib/gcc/arm-none-eabi/6.3.1/../../../../arm-none-eabi/lib/thumb/v7-m\libc.a(lib_a-strstr.o)
 .debug_frame   0x000009a8       0x4c c:/program files (x86)/atmel/studio/7.0/toolchain/arm/arm-gnu-toolchain/bin/../lib/gcc/arm-none-eabi/6.3.1/../../../../arm-none-eabi/lib/thumb/v7-m\libc.a(lib_a-utoa.o)
 .debug_frame   0x000009f4       0x5c c:/program files (x86)/atmel/studio/7.0/toolchain/arm/arm-gnu-toolchain/bin/../lib/gcc/arm-none-eabi/6.3.1/../../../../arm-none-eabi/lib/thumb/v7-m\libc.a(lib_a-__call_atexit.o)
 .debug_frame   0x00000a50       0x20 c:/program files (x86)/atmel/studio/7.0/toolchain/arm/arm-gnu-toolchain/bin/../lib/gcc/arm-none-eabi/6.3.1/../../../../arm-none-eabi/lib/thumb/v7-m\libc.a(lib_a-atexit.o)
 .debug_frame   0x00000a70       0x34 c:/program files (x86)/atmel/studio/7.0/toolchain/arm/arm-gnu-toolchain/bin/../lib/gcc/arm-none-eabi/6.3.1/../../../../arm-none-eabi/lib/thumb/v7-m\libc.a(lib_a-fini.o)
 .debug_frame   0x00000aa4       0xb0 c:/program files (x86)/atmel/studio/7.0/toolchain/arm/arm-gnu-toolchain/bin/../lib/gcc/arm-none-eabi/6.3.1/../../../../arm-none-eabi/lib/thumb/v7-m\libc.a(lib_a-lock.o)
 .debug_frame   0x00000b54       0x34 c:/program files (x86)/atmel/studio/7.0/toolchain/arm/arm-gnu-toolchain/bin/../lib/gcc/arm-none-eabi/6.3.1/../../../../arm-none-eabi/lib/thumb/v7-m\libc.a(lib_a-memchr-stub.o)
 .debug_frame   0x00000b88       0x3c c:/program files (x86)/atmel/studio/7.0/toolchain/arm/arm-gnu-toolchain/bin/../lib/gcc/arm-none-eabi/6.3.1/../../../../arm-none-eabi/lib/thumb/v7-m\libc.a(lib_a-memcmp.o)
 .debug_frame   0x00000bc4       0x50 c:/program files (x86)/atmel/studio/7.0/toolchain/arm/arm-gnu-toolchain/bin/../lib/gcc/arm-none-eabi/6.3.1/../../../../arm-none-eabi/lib/thumb/v7-m\libc.a(lib_a-strchr.o)
 .debug_frame   0x00000c14       0x34 c:/program files (x86)/atmel/studio/7.0/toolchain/arm/arm-gnu-toolchain/bin/../lib/gcc/arm-none-eabi/6.3.1/../../../../arm-none-eabi/lib/thumb/v7-m\libc.a(lib_a-__atexit.o)
