###############################################################################
#
# IAR ELF Linker V8.32.1.169/W32 for ARM                  09/Nov/2018  21:21:16
# Copyright 2007-2018 IAR Systems AB.
#
#    Output file  =  
#        C:\Users\kaveh\Documents\MuddPiV5\Debug\Exe\TestProgram_IAR.out
#    Map file     =  
#        C:\Users\kaveh\Documents\MuddPiV5\Debug\List\TestProgram_IAR.map
#    Command line =  
#        -f C:\Users\kaveh\AppData\Local\Temp\EW89BA.tmp
#        (C:\Users\kaveh\Documents\MuddPiV5\Debug\Obj\main.o --no_out_extension
#        -o C:\Users\kaveh\Documents\MuddPiV5\Debug\Exe\TestProgram_IAR.out
#        --redirect _Printf=_PrintfFullNoMb --redirect _Scanf=_ScanfFullNoMb
#        --map C:\Users\kaveh\Documents\MuddPiV5\Debug\List\TestProgram_IAR.map
#        --config "C:\Program Files (x86)\IAR Systems\Embedded Workbench
#        8.2\arm\config\linker\Microchip\sam4s4\flash.icf" --semihosting
#        --entry __iar_program_start --vfe --text_out locale)
#
###############################################################################

*******************************************************************************
*** RUNTIME MODEL ATTRIBUTES
***

CppFlavor        = *
__CPP_Exceptions = Disabled
__CPP_Language   = C++14
__SystemLibrary  = DLib
__dlib_version   = 6


*******************************************************************************
*** HEAP SELECTION
***

The basic heap was selected because some modules are built with
size limitations (and not runtime checking), and --advanced_heap
was not specified.


*******************************************************************************
*** PLACEMENT SUMMARY
***

"A0":  place at 0x40'0000 { ro section .intvec };
"P1":  place in [from 0x40'0000 to 0x43'ffff] { ro };
define block CSTACK with size = 4K, alignment = 8 { };
define block HEAP with size = 8K, alignment = 8 { };
"P2":  place in [from 0x2000'0000 to 0x2000'ffff] {
          rw, block CSTACK, block HEAP };

No sections matched the following patterns:

  rw  in "P2"


  Section   Kind         Address    Size  Object
  -------   ----         -------    ----  ------
"A0":                               0x40
  .intvec   ro code    0x40'0000    0x40  vector_table_M.o [3]
                     - 0x40'0040    0x40

"P1":                               0x58
  .text     ro code    0x40'0040    0x1e  cmain.o [3]
  .text     ro code    0x40'005e     0x4  low_level_init.o [2]
  .text     ro code    0x40'0062     0x4  main.o [1]
  .text     ro code    0x40'0066     0x4  exit.o [2]
  .text     ro code    0x40'006a     0x2  vector_table_M.o [3]
  .text     ro code    0x40'006c     0xa  cexit.o [3]
  .rodata   const      0x40'0076     0x1  unwind_debug.o [4]
  .text     ro code    0x40'0078    0x14  exit.o [4]
  .text     ro code    0x40'008c     0xc  cstartup_M.o [3]
                     - 0x40'0098    0x58

"P2":                             0x1000
  CSTACK             0x2000'0000  0x1000  <Block>
    CSTACK  uninit   0x2000'0000  0x1000  <Block tail>
                   - 0x2000'1000  0x1000

Unused ranges:

         From           To      Size
         ----           --      ----
    0x40'0098    0x43'ffff  0x3'ff68
  0x2000'1000  0x2000'ffff    0xf000



*******************************************************************************
*** MODULE SUMMARY
***

    Module            ro code  ro data  rw data
    ------            -------  -------  -------
command line/config:
    -------------------------------------------
    Total:

C:\Users\kaveh\Documents\MuddPiV5\Debug\Obj: [1]
    main.o                  4
    -------------------------------------------
    Total:                  4

dl7M_tln.a: [2]
    exit.o                  4
    low_level_init.o        4
    -------------------------------------------
    Total:                  8

rt7M_tl.a: [3]
    cexit.o                10
    cmain.o                30
    cstartup_M.o           12
    vector_table_M.o       66
    -------------------------------------------
    Total:                118

shb_l.a: [4]
    exit.o                 20
    unwind_debug.o                   1
    -------------------------------------------
    Total:                 20        1

    Gaps                    1
    Linker created                        4 096
-----------------------------------------------
    Grand Total:          151        1    4 096


*******************************************************************************
*** ENTRY LIST
***

Entry                       Address  Size  Type      Object
-----                       -------  ----  ----      ------
?main                     0x40'0041        Code  Gb  cmain.o [3]
CSTACK$$Base            0x2000'0000         --   Gb  - Linker created -
CSTACK$$Limit           0x2000'1000         --   Gb  - Linker created -
Region$$Table$$Base             0x0         --   Gb  - Linker created -
Region$$Table$$Limit            0x0         --   Gb  - Linker created -
__cmain                   0x40'0041        Code  Gb  cmain.o [3]
__exit                    0x40'0079  0x14  Code  Gb  exit.o [4]
__iar_debug_exceptions    0x40'0076   0x1  Data  Gb  unwind_debug.o [4]
__iar_program_start       0x40'008d        Code  Gb  cstartup_M.o [3]
__low_level_init          0x40'005f   0x4  Code  Gb  low_level_init.o [2]
__vector_table            0x40'0000        Data  Gb  vector_table_M.o [3]
_call_main                0x40'004d        Code  Gb  cmain.o [3]
_exit                     0x40'006d        Code  Gb  cexit.o [3]
_main                     0x40'005b        Code  Gb  cmain.o [3]
exit                      0x40'0067   0x4  Code  Gb  exit.o [2]
main                      0x40'0063   0x4  Code  Gb  main.o [1]


[1] = C:\Users\kaveh\Documents\MuddPiV5\Debug\Obj
[2] = dl7M_tln.a
[3] = rt7M_tl.a
[4] = shb_l.a

    151 bytes of readonly  code memory
      1 byte  of readonly  data memory
  4 096 bytes of readwrite data memory

Errors: none
Warnings: none
